Archive member included to satisfy reference by file (symbol)

/home/zrz0517/study/TEE/RT-TEE/edk2/Build/ArmVirtQemuKernel-AARCH64/DEBUG_GCC49/AARCH64/MdePkg/Library/UefiDriverEntryPoint/UefiDriverEntryPoint/OUTPUT/UefiDriverEntryPoint.lib(DriverEntryPoint.obj)
                              (_ModuleEntryPoint)
/home/zrz0517/study/TEE/RT-TEE/edk2/Build/ArmVirtQemuKernel-AARCH64/DEBUG_GCC49/AARCH64/MdeModulePkg/Universal/Disk/DiskIoDxe/DiskIoDxe/OUTPUT/DiskIoDxe.lib(AutoGen.obj)
                              /home/zrz0517/study/TEE/RT-TEE/edk2/Build/ArmVirtQemuKernel-AARCH64/DEBUG_GCC49/AARCH64/MdePkg/Library/UefiDriverEntryPoint/UefiDriverEntryPoint/OUTPUT/UefiDriverEntryPoint.lib(DriverEntryPoint.obj) (gEfiLoadedImageProtocolGuid)
/home/zrz0517/study/TEE/RT-TEE/edk2/Build/ArmVirtQemuKernel-AARCH64/DEBUG_GCC49/AARCH64/MdeModulePkg/Universal/Disk/DiskIoDxe/DiskIoDxe/OUTPUT/DiskIoDxe.lib(DiskIo.obj)
                              /home/zrz0517/study/TEE/RT-TEE/edk2/Build/ArmVirtQemuKernel-AARCH64/DEBUG_GCC49/AARCH64/MdeModulePkg/Universal/Disk/DiskIoDxe/DiskIoDxe/OUTPUT/DiskIoDxe.lib(AutoGen.obj) (InitializeDiskIo)
/home/zrz0517/study/TEE/RT-TEE/edk2/Build/ArmVirtQemuKernel-AARCH64/DEBUG_GCC49/AARCH64/MdeModulePkg/Universal/Disk/DiskIoDxe/DiskIoDxe/OUTPUT/DiskIoDxe.lib(ComponentName.obj)
                              /home/zrz0517/study/TEE/RT-TEE/edk2/Build/ArmVirtQemuKernel-AARCH64/DEBUG_GCC49/AARCH64/MdeModulePkg/Universal/Disk/DiskIoDxe/DiskIoDxe/OUTPUT/DiskIoDxe.lib(DiskIo.obj) (gDiskIoComponentName)
/home/zrz0517/study/TEE/RT-TEE/edk2/Build/ArmVirtQemuKernel-AARCH64/DEBUG_GCC49/AARCH64/MdePkg/Library/BaseLib/BaseLib/OUTPUT/BaseLib.lib(DivU64x32Remainder.obj)
                              /home/zrz0517/study/TEE/RT-TEE/edk2/Build/ArmVirtQemuKernel-AARCH64/DEBUG_GCC49/AARCH64/MdeModulePkg/Universal/Disk/DiskIoDxe/DiskIoDxe/OUTPUT/DiskIoDxe.lib(DiskIo.obj) (DivU64x32Remainder)
/home/zrz0517/study/TEE/RT-TEE/edk2/Build/ArmVirtQemuKernel-AARCH64/DEBUG_GCC49/AARCH64/MdePkg/Library/BaseLib/BaseLib/OUTPUT/BaseLib.lib(LinkedList.obj)
                              /home/zrz0517/study/TEE/RT-TEE/edk2/Build/ArmVirtQemuKernel-AARCH64/DEBUG_GCC49/AARCH64/MdeModulePkg/Universal/Disk/DiskIoDxe/DiskIoDxe/OUTPUT/DiskIoDxe.lib(DiskIo.obj) (InitializeListHead)
/home/zrz0517/study/TEE/RT-TEE/edk2/Build/ArmVirtQemuKernel-AARCH64/DEBUG_GCC49/AARCH64/MdePkg/Library/BaseLib/BaseLib/OUTPUT/BaseLib.lib(Math64.obj)
                              /home/zrz0517/study/TEE/RT-TEE/edk2/Build/ArmVirtQemuKernel-AARCH64/DEBUG_GCC49/AARCH64/MdePkg/Library/BaseLib/BaseLib/OUTPUT/BaseLib.lib(DivU64x32Remainder.obj) (InternalMathDivRemU64x32)
/home/zrz0517/study/TEE/RT-TEE/edk2/Build/ArmVirtQemuKernel-AARCH64/DEBUG_GCC49/AARCH64/MdePkg/Library/BaseLib/BaseLib/OUTPUT/BaseLib.lib(SwapBytes32.obj)
                              /home/zrz0517/study/TEE/RT-TEE/edk2/Build/ArmVirtQemuKernel-AARCH64/DEBUG_GCC49/AARCH64/MdePkg/Library/BaseLib/BaseLib/OUTPUT/BaseLib.lib(Math64.obj) (SwapBytes32)
/home/zrz0517/study/TEE/RT-TEE/edk2/Build/ArmVirtQemuKernel-AARCH64/DEBUG_GCC49/AARCH64/MdePkg/Library/BaseLib/BaseLib/OUTPUT/BaseLib.lib(SwapBytes16.obj)
                              /home/zrz0517/study/TEE/RT-TEE/edk2/Build/ArmVirtQemuKernel-AARCH64/DEBUG_GCC49/AARCH64/MdePkg/Library/BaseLib/BaseLib/OUTPUT/BaseLib.lib(SwapBytes32.obj) (SwapBytes16)
/home/zrz0517/study/TEE/RT-TEE/edk2/Build/ArmVirtQemuKernel-AARCH64/DEBUG_GCC49/AARCH64/MdePkg/Library/BaseMemoryLibOptDxe/BaseMemoryLibOptDxe/OUTPUT/BaseMemoryLibOptDxe.lib(CopyMemWrapper.obj)
                              /home/zrz0517/study/TEE/RT-TEE/edk2/Build/ArmVirtQemuKernel-AARCH64/DEBUG_GCC49/AARCH64/MdeModulePkg/Universal/Disk/DiskIoDxe/DiskIoDxe/OUTPUT/DiskIoDxe.lib(DiskIo.obj) (CopyMem)
/home/zrz0517/study/TEE/RT-TEE/edk2/Build/ArmVirtQemuKernel-AARCH64/DEBUG_GCC49/AARCH64/MdePkg/Library/BaseMemoryLibOptDxe/BaseMemoryLibOptDxe/OUTPUT/BaseMemoryLibOptDxe.lib(CopyMem.obj)
                              /home/zrz0517/study/TEE/RT-TEE/edk2/Build/ArmVirtQemuKernel-AARCH64/DEBUG_GCC49/AARCH64/MdePkg/Library/BaseMemoryLibOptDxe/BaseMemoryLibOptDxe/OUTPUT/BaseMemoryLibOptDxe.lib(CopyMemWrapper.obj) (InternalMemCopyMem)
/home/zrz0517/study/TEE/RT-TEE/edk2/Build/ArmVirtQemuKernel-AARCH64/DEBUG_GCC49/AARCH64/ArmVirtPkg/Library/ArmVirtDxeHobLib/ArmVirtDxeHobLib/OUTPUT/ArmVirtDxeHobLib.lib(HobLib.obj)
                              /home/zrz0517/study/TEE/RT-TEE/edk2/Build/ArmVirtQemuKernel-AARCH64/DEBUG_GCC49/AARCH64/MdeModulePkg/Universal/Disk/DiskIoDxe/DiskIoDxe/OUTPUT/DiskIoDxe.lib(AutoGen.obj) (HobLibConstructor)
/home/zrz0517/study/TEE/RT-TEE/edk2/Build/ArmVirtQemuKernel-AARCH64/DEBUG_GCC49/AARCH64/ArmVirtPkg/Library/FdtPL011SerialPortLib/FdtPL011SerialPortLib/OUTPUT/FdtPL011SerialPortLib.lib(FdtPL011SerialPortLib.obj)
[...]
Memory Configuration

Name             Origin             Length             Attributes
*default*        0x0000000000000000 0xffffffffffffffff

Linker script and memory map

START GROUP
LOAD /home/zrz0517/study/TEE/RT-TEE/edk2/Build/ArmVirtQemuKernel-AARCH64/DEBUG_GCC49/AARCH64/MdePkg/Library/DxePcdLib/DxePcdLib/OUTPUT/DxePcdLib.lib
LOAD /home/zrz0517/study/TEE/RT-TEE/edk2/Build/ArmVirtQemuKernel-AARCH64/DEBUG_GCC49/AARCH64/MdePkg/Library/BaseLib/BaseLib/OUTPUT/BaseLib.lib
LOAD /home/zrz0517/study/TEE/RT-TEE/edk2/Build/ArmVirtQemuKernel-AARCH64/DEBUG_GCC49/AARCH64/MdePkg/Library/BaseMemoryLibOptDxe/BaseMemoryLibOptDxe/OUTPUT/BaseMemoryLibOptDxe.lib
LOAD /home/zrz0517/study/TEE/RT-TEE/edk2/Build/ArmVirtQemuKernel-AARCH64/DEBUG_GCC49/AARCH64/MdePkg/Library/BaseIoLibIntrinsic/BaseIoLibIntrinsicArmVirt/OUTPUT/BaseIoLibIntrinsicArmVirt.lib
LOAD /home/zrz0517/study/TEE/RT-TEE/edk2/Build/ArmVirtQemuKernel-AARCH64/DEBUG_GCC49/AARCH64/ArmVirtPkg/Library/ArmVirtDxeHobLib/ArmVirtDxeHobLib/OUTPUT/ArmVirtDxeHobLib.lib
LOAD /home/zrz0517/study/TEE/RT-TEE/edk2/Build/ArmVirtQemuKernel-AARCH64/DEBUG_GCC49/AARCH64/ArmPlatformPkg/Library/PL011UartLib/PL011UartLib/OUTPUT/PL011UartLib.lib
LOAD /home/zrz0517/study/TEE/RT-TEE/edk2/Build/ArmVirtQemuKernel-AARCH64/DEBUG_GCC49/AARCH64/MdePkg/Library/BaseDebugPrintErrorLevelLib/BaseDebugPrintErrorLevelLib/OUTPUT/BaseDebugPrintErrorLevelLib.lib
LOAD /home/zrz0517/study/TEE/RT-TEE/edk2/Build/ArmVirtQemuKernel-AARCH64/DEBUG_GCC49/AARCH64/MdePkg/Library/BasePrintLib/BasePrintLib/OUTPUT/BasePrintLib.lib
LOAD /home/zrz0517/study/TEE/RT-TEE/edk2/Build/ArmVirtQemuKernel-AARCH64/DEBUG_GCC49/AARCH64/ArmVirtPkg/Library/FdtPL011SerialPortLib/FdtPL011SerialPortLib/OUTPUT/FdtPL011SerialPortLib.lib
LOAD /home/zrz0517/study/TEE/RT-TEE/edk2/Build/ArmVirtQemuKernel-AARCH64/DEBUG_GCC49/AARCH64/MdePkg/Library/BaseDebugLibSerialPort/BaseDebugLibSerialPort/OUTPUT/BaseDebugLibSerialPort.lib
LOAD /home/zrz0517/study/TEE/RT-TEE/edk2/Build/ArmVirtQemuKernel-AARCH64/DEBUG_GCC49/AARCH64/MdePkg/Library/UefiBootServicesTableLib/UefiBootServicesTableLib/OUTPUT/UefiBootServicesTableLib.lib
LOAD /home/zrz0517/study/TEE/RT-TEE/edk2/Build/ArmVirtQemuKernel-AARCH64/DEBUG_GCC49/AARCH64/MdePkg/Library/UefiMemoryAllocationLib/UefiMemoryAllocationLib/OUTPUT/UefiMemoryAllocationLib.lib
LOAD /home/zrz0517/study/TEE/RT-TEE/edk2/Build/ArmVirtQemuKernel-AARCH64/DEBUG_GCC49/AARCH64/MdePkg/Library/UefiRuntimeServicesTableLib/UefiRuntimeServicesTableLib/OUTPUT/UefiRuntimeServicesTableLib.lib
LOAD /home/zrz0517/study/TEE/RT-TEE/edk2/Build/ArmVirtQemuKernel-AARCH64/DEBUG_GCC49/AARCH64/MdePkg/Library/UefiDevicePathLibDevicePathProtocol/UefiDevicePathLibDevicePathProtocol/OUTPUT/UefiDevicePathLibDevicePathProtocol.lib
LOAD /home/zrz0517/study/TEE/RT-TEE/edk2/Build/ArmVirtQemuKernel-AARCH64/DEBUG_GCC49/AARCH64/MdePkg/Library/UefiLib/UefiLib/OUTPUT/UefiLib.lib
LOAD /home/zrz0517/study/TEE/RT-TEE/edk2/Build/ArmVirtQemuKernel-AARCH64/DEBUG_GCC49/AARCH64/MdePkg/Library/UefiDriverEntryPoint/UefiDriverEntryPoint/OUTPUT/UefiDriverEntryPoint.lib
LOAD /home/zrz0517/study/TEE/RT-TEE/edk2/Build/ArmVirtQemuKernel-AARCH64/DEBUG_GCC49/AARCH64/ArmPkg/Library/CompilerIntrinsicsLib/CompilerIntrinsicsLib/OUTPUT/CompilerIntrinsicsLib.lib
LOAD /home/zrz0517/study/TEE/RT-TEE/edk2/Build/ArmVirtQemuKernel-AARCH64/DEBUG_GCC49/AARCH64/MdePkg/Library/BaseStackCheckLib/BaseStackCheckLib/OUTPUT/BaseStackCheckLib.lib
LOAD /home/zrz0517/study/TEE/RT-TEE/edk2/Build/ArmVirtQemuKernel-AARCH64/DEBUG_GCC49/AARCH64/MdeModulePkg/Universal/Disk/DiskIoDxe/DiskIoDxe/OUTPUT/DiskIoDxe.lib
END GROUP
                0x0000000000000228                . = PECOFF_HEADER_SIZE

.text           0x0000000000001000     0x9f78
 *(.text .text.* .stub .gnu.linkonce.t.*)
 .text._DriverUnloadHandler
                0x0000000000001000       0x48 /home/zrz0517/study/TEE/RT-TEE/edk2/Build/ArmVirtQemuKernel-AARCH64/DEBUG_GCC49/AARCH64/MdePkg/Library/UefiDriverEntryPoint/UefiDriverEntryPoint/OUTPUT/UefiDriverEntryPoint.lib(DriverEntryPoint.obj)
                0x0000000000001000                _DriverUnloadHandler
 .text._ModuleEntryPoint
                0x0000000000001048      0x148 /home/zrz0517/study/TEE/RT-TEE/edk2/Build/ArmVirtQemuKernel-AARCH64/DEBUG_GCC49/AARCH64/MdePkg/Library/UefiDriverEntryPoint/UefiDriverEntryPoint/OUTPUT/UefiDriverEntryPoint.lib(DriverEntryPoint.obj)
                0x0000000000001048                _ModuleEntryPoint
 .text.ProcessLibraryConstructorList
                0x0000000000001190      0x370 /home/zrz0517/study/TEE/RT-TEE/edk2/Build/ArmVirtQemuKernel-AARCH64/DEBUG_GCC49/AARCH64/MdeModulePkg/Universal/Disk/DiskIoDxe/DiskIoDxe/OUTPUT/DiskIoDxe.lib(AutoGen.obj)
                0x0000000000001190                ProcessLibraryConstructorList
 .text.ProcessLibraryDestructorList
                0x0000000000001500       0x18 /home/zrz0517/study/TEE/RT-TEE/edk2/Build/ArmVirtQemuKernel-AARCH64/DEBUG_GCC49/AARCH64/MdeModulePkg/Universal/Disk/DiskIoDxe/DiskIoDxe/OUTPUT/DiskIoDxe.lib(AutoGen.obj)
                0x0000000000001500                ProcessLibraryDestructorList
 .text.ProcessModuleEntryPointList
                0x0000000000001518       0x24 /home/zrz0517/study/TEE/RT-TEE/edk2/Build/ArmVirtQemuKernel-AARCH64/DEBUG_GCC49/AARCH64/MdeModulePkg/Universal/Disk/DiskIoDxe/DiskIoDxe/OUTPUT/DiskIoDxe.lib(AutoGen.obj)
                0x0000000000001518                ProcessModuleEntryPointList
 .text.ProcessModuleUnloadList
                0x000000000000153c       0x14 /home/zrz0517/study/TEE/RT-TEE/edk2/Build/ArmVirtQemuKernel-AARCH64/DEBUG_GCC49/AARCH64/MdeModulePkg/Universal/Disk/DiskIoDxe/DiskIoDxe/OUTPUT/DiskIoDxe.lib(AutoGen.obj)
                0x000000000000153c                ProcessModuleUnloadList
 .text.DiskIoDriverBindingSupported
                0x0000000000001550       0xa4 /home/zrz0517/study/TEE/RT-TEE/edk2/Build/ArmVirtQemuKernel-AARCH64/DEBUG_GCC49/AARCH64/MdeModulePkg/Universal/Disk/DiskIoDxe/DiskIoDxe/OUTPUT/DiskIoDxe.lib(DiskIo.obj)
                0x0000000000001550                DiskIoDriverBindingSupported
 .text.DiskIoDriverBindingStart
                0x00000000000015f4      0x424 /home/zrz0517/study/TEE/RT-TEE/edk2/Build/ArmVirtQemuKernel-AARCH64/DEBUG_GCC49/AARCH64/MdeModulePkg/Universal/Disk/DiskIoDxe/DiskIoDxe/OUTPUT/DiskIoDxe.lib(DiskIo.obj)
                0x00000000000015f4                DiskIoDriverBindingStart
 .text.DiskIoDriverBindingStop
                0x0000000000001a18      0x424 /home/zrz0517/study/TEE/RT-TEE/edk2/Build/ArmVirtQemuKernel-AARCH64/DEBUG_GCC49/AARCH64/MdeModulePkg/Universal/Disk/DiskIoDxe/DiskIoDxe/OUTPUT/DiskIoDxe.lib(DiskIo.obj)
                0x0000000000001a18                DiskIoDriverBindingStop
 .text.DiskIoDestroySubtask
                0x0000000000001e3c      0x170 /home/zrz0517/study/TEE/RT-TEE/edk2/Build/ArmVirtQemuKernel-AARCH64/DEBUG_GCC49/AARCH64/MdeModulePkg/Universal/Disk/DiskIoDxe/DiskIoDxe/OUTPUT/DiskIoDxe.lib(DiskIo.obj)
                0x0000000000001e3c                DiskIoDestroySubtask
 .text.DiskIo2OnReadWriteComplete
                0x0000000000001fac      0x1f0 /home/zrz0517/study/TEE/RT-TEE/edk2/Build/ArmVirtQemuKernel-AARCH64/DEBUG_GCC49/AARCH64/MdeModulePkg/Universal/Disk/DiskIoDxe/DiskIoDxe/OUTPUT/DiskIoDxe.lib(DiskIo.obj)
                0x0000000000001fac                DiskIo2OnReadWriteComplete
 .text.DiskIoCreateSubtask
                0x000000000000219c      0x178 /home/zrz0517/study/TEE/RT-TEE/edk2/Build/ArmVirtQemuKernel-AARCH64/DEBUG_GCC49/AARCH64/MdeModulePkg/Universal/Disk/DiskIoDxe/DiskIoDxe/OUTPUT/DiskIoDxe.lib(DiskIo.obj)
                0x000000000000219c                DiskIoCreateSubtask
 .text.DiskIoCreateSubtaskList
                0x0000000000002314      0x784 /home/zrz0517/study/TEE/RT-TEE/edk2/Build/ArmVirtQemuKernel-AARCH64/DEBUG_GCC49/AARCH64/MdeModulePkg/Universal/Disk/DiskIoDxe/DiskIoDxe/OUTPUT/DiskIoDxe.lib(DiskIo.obj)
                0x0000000000002314                DiskIoCreateSubtaskList
 .text.DiskIo2Cancel
                0x0000000000002a98      0x170 /home/zrz0517/study/TEE/RT-TEE/edk2/Build/ArmVirtQemuKernel-AARCH64/DEBUG_GCC49/AARCH64/MdeModulePkg/Universal/Disk/DiskIoDxe/DiskIoDxe/OUTPUT/DiskIoDxe.lib(DiskIo.obj)
                0x0000000000002a98                DiskIo2Cancel
 .text.DiskIo2RemoveCompletedTask
                0x0000000000002c08      0x144 /home/zrz0517/study/TEE/RT-TEE/edk2/Build/ArmVirtQemuKernel-AARCH64/DEBUG_GCC49/AARCH64/MdeModulePkg/Universal/Disk/DiskIoDxe/DiskIoDxe/OUTPUT/DiskIoDxe.lib(DiskIo.obj)
                0x0000000000002c08                DiskIo2RemoveCompletedTask
 .text.DiskIo2ReadWriteDisk
                0x0000000000002d4c      0x81c /home/zrz0517/study/TEE/RT-TEE/edk2/Build/ArmVirtQemuKernel-AARCH64/DEBUG_GCC49/AARCH64/MdeModulePkg/Universal/Disk/DiskIoDxe/DiskIoDxe/OUTPUT/DiskIoDxe.lib(DiskIo.obj)
                0x0000000000002d4c                DiskIo2ReadWriteDisk
 .text.DiskIo2ReadDiskEx
                0x0000000000003568       0x98 /home/zrz0517/study/TEE/RT-TEE/edk2/Build/ArmVirtQemuKernel-AARCH64/DEBUG_GCC49/AARCH64/MdeModulePkg/Universal/Disk/DiskIoDxe/DiskIoDxe/OUTPUT/DiskIoDxe.lib(DiskIo.obj)
                0x0000000000003568                DiskIo2ReadDiskEx
 .text.DiskIo2WriteDiskEx
                0x0000000000003600       0x98 /home/zrz0517/study/TEE/RT-TEE/edk2/Build/ArmVirtQemuKernel-AARCH64/DEBUG_GCC49/AARCH64/MdeModulePkg/Universal/Disk/DiskIoDxe/DiskIoDxe/OUTPUT/DiskIoDxe.lib(DiskIo.obj)
                0x0000000000003600                DiskIo2WriteDiskEx
 .text.DiskIo2OnFlushComplete
                0x0000000000003698       0xb8 /home/zrz0517/study/TEE/RT-TEE/edk2/Build/ArmVirtQemuKernel-AARCH64/DEBUG_GCC49/AARCH64/MdeModulePkg/Universal/Disk/DiskIoDxe/DiskIoDxe/OUTPUT/DiskIoDxe.lib(DiskIo.obj)
                0x0000000000003698                DiskIo2OnFlushComplete
 .text.DiskIo2FlushDiskEx
                0x0000000000003750      0x1a4 /home/zrz0517/study/TEE/RT-TEE/edk2/Build/ArmVirtQemuKernel-AARCH64/DEBUG_GCC49/AARCH64/MdeModulePkg/Universal/Disk/DiskIoDxe/DiskIoDxe/OUTPUT/DiskIoDxe.lib(DiskIo.obj)
                0x0000000000003750                DiskIo2FlushDiskEx
 .text.DiskIoReadDisk
                0x00000000000038f4       0x94 /home/zrz0517/study/TEE/RT-TEE/edk2/Build/ArmVirtQemuKernel-AARCH64/DEBUG_GCC49/AARCH64/MdeModulePkg/Universal/Disk/DiskIoDxe/DiskIoDxe/OUTPUT/DiskIoDxe.lib(DiskIo.obj)
                0x00000000000038f4                DiskIoReadDisk
 .text.DiskIoWriteDisk
                0x0000000000003988       0x94 /home/zrz0517/study/TEE/RT-TEE/edk2/Build/ArmVirtQemuKernel-AARCH64/DEBUG_GCC49/AARCH64/MdeModulePkg/Universal/Disk/DiskIoDxe/DiskIoDxe/OUTPUT/DiskIoDxe.lib(DiskIo.obj)
                0x0000000000003988                DiskIoWriteDisk
 .text.InitializeDiskIo
                0x0000000000003a1c       0xb4 /home/zrz0517/study/TEE/RT-TEE/edk2/Build/ArmVirtQemuKernel-AARCH64/DEBUG_GCC49/AARCH64/MdeModulePkg/Universal/Disk/DiskIoDxe/DiskIoDxe/OUTPUT/DiskIoDxe.lib(DiskIo.obj)
                0x0000000000003a1c                InitializeDiskIo
 .text.DiskIoComponentNameGetDriverName
                0x0000000000003ad0       0x58 /home/zrz0517/study/TEE/RT-TEE/edk2/Build/ArmVirtQemuKernel-AARCH64/DEBUG_GCC49/AARCH64/MdeModulePkg/Universal/Disk/DiskIoDxe/DiskIoDxe/OUTPUT/DiskIoDxe.lib(ComponentName.obj)
                0x0000000000003ad0                DiskIoComponentNameGetDriverName
 .text.DiskIoComponentNameGetControllerName
                0x0000000000003b28       0x24 /home/zrz0517/study/TEE/RT-TEE/edk2/Build/ArmVirtQemuKernel-AARCH64/DEBUG_GCC49/AARCH64/MdeModulePkg/Universal/Disk/DiskIoDxe/DiskIoDxe/OUTPUT/DiskIoDxe.lib(ComponentName.obj)
                0x0000000000003b28                DiskIoComponentNameGetControllerName
 .text.DivU64x32Remainder
                0x0000000000003b4c       0x60 /home/zrz0517/study/TEE/RT-TEE/edk2/Build/ArmVirtQemuKernel-AARCH64/DEBUG_GCC49/AARCH64/MdePkg/Library/BaseLib/BaseLib/OUTPUT/BaseLib.lib(DivU64x32Remainder.obj)
                0x0000000000003b4c                DivU64x32Remainder
 .text.InternalBaseLibIsListValid
                0x0000000000003bac      0x144 /home/zrz0517/study/TEE/RT-TEE/edk2/Build/ArmVirtQemuKernel-AARCH64/DEBUG_GCC49/AARCH64/MdePkg/Library/BaseLib/BaseLib/OUTPUT/BaseLib.lib(LinkedList.obj)
                0x0000000000003bac                InternalBaseLibIsListValid
 .text.IsNodeInList
                0x0000000000003cf0      0x120 /home/zrz0517/study/TEE/RT-TEE/edk2/Build/ArmVirtQemuKernel-AARCH64/DEBUG_GCC49/AARCH64/MdePkg/Library/BaseLib/BaseLib/OUTPUT/BaseLib.lib(LinkedList.obj)
                0x0000000000003cf0                IsNodeInList
 .text.InitializeListHead
                0x0000000000003e10       0x64 /home/zrz0517/study/TEE/RT-TEE/edk2/Build/ArmVirtQemuKernel-AARCH64/DEBUG_GCC49/AARCH64/MdePkg/Library/BaseLib/BaseLib/OUTPUT/BaseLib.lib(LinkedList.obj)
                0x0000000000003e10                InitializeListHead
 .text.InsertTailList
                0x0000000000003e74       0xe8 /home/zrz0517/study/TEE/RT-TEE/edk2/Build/ArmVirtQemuKernel-AARCH64/DEBUG_GCC49/AARCH64/MdePkg/Library/BaseLib/BaseLib/OUTPUT/BaseLib.lib(LinkedList.obj)
                0x0000000000003e74                InsertTailList
 .text.GetFirstNode
                0x0000000000003f5c       0x58 /home/zrz0517/study/TEE/RT-TEE/edk2/Build/ArmVirtQemuKernel-AARCH64/DEBUG_GCC49/AARCH64/MdePkg/Library/BaseLib/BaseLib/OUTPUT/BaseLib.lib(LinkedList.obj)
                0x0000000000003f5c                GetFirstNode
 .text.GetNextNode
                0x0000000000003fb4       0xb4 /home/zrz0517/study/TEE/RT-TEE/edk2/Build/ArmVirtQemuKernel-AARCH64/DEBUG_GCC49/AARCH64/MdePkg/Library/BaseLib/BaseLib/OUTPUT/BaseLib.lib(LinkedList.obj)
                0x0000000000003fb4                GetNextNode
 .text.IsListEmpty
                0x0000000000004068       0x68 /home/zrz0517/study/TEE/RT-TEE/edk2/Build/ArmVirtQemuKernel-AARCH64/DEBUG_GCC49/AARCH64/MdePkg/Library/BaseLib/BaseLib/OUTPUT/BaseLib.lib(LinkedList.obj)
                0x0000000000004068                IsListEmpty
 .text.IsNull   0x00000000000040d0       0xc0 /home/zrz0517/study/TEE/RT-TEE/edk2/Build/ArmVirtQemuKernel-AARCH64/DEBUG_GCC49/AARCH64/MdePkg/Library/BaseLib/BaseLib/OUTPUT/BaseLib.lib(LinkedList.obj)
                0x00000000000040d0                IsNull
 .text.RemoveEntryList
                0x0000000000004190       0x80 /home/zrz0517/study/TEE/RT-TEE/edk2/Build/ArmVirtQemuKernel-AARCH64/DEBUG_GCC49/AARCH64/MdePkg/Library/BaseLib/BaseLib/OUTPUT/BaseLib.lib(LinkedList.obj)
                0x0000000000004190                RemoveEntryList
 .text.InternalMathDivRemU64x32
                0x0000000000004210       0x50 /home/zrz0517/study/TEE/RT-TEE/edk2/Build/ArmVirtQemuKernel-AARCH64/DEBUG_GCC49/AARCH64/MdePkg/Library/BaseLib/BaseLib/OUTPUT/BaseLib.lib(Math64.obj)
                0x0000000000004210                InternalMathDivRemU64x32
 .text.CopyMem  0x0000000000004260       0xd8 /home/zrz0517/study/TEE/RT-TEE/edk2/Build/ArmVirtQemuKernel-AARCH64/DEBUG_GCC49/AARCH64/MdePkg/Library/BaseMemoryLibOptDxe/BaseMemoryLibOptDxe/OUTPUT/BaseMemoryLibOptDxe.lib(CopyMemWrapper.obj)
                0x0000000000004260                CopyMem
 *fill*         0x0000000000004338        0x8 
 .text          0x0000000000004340      0x218 /home/zrz0517/study/TEE/RT-TEE/edk2/Build/ArmVirtQemuKernel-AARCH64/DEBUG_GCC49/AARCH64/MdePkg/Library/BaseMemoryLibOptDxe/BaseMemoryLibOptDxe/OUTPUT/BaseMemoryLibOptDxe.lib(CopyMem.obj)
                0x00000000000044ac                InternalMemCopyMem
 .text.HobLibConstructor
                0x0000000000004558       0xbc /home/zrz0517/study/TEE/RT-TEE/edk2/Build/ArmVirtQemuKernel-AARCH64/DEBUG_GCC49/AARCH64/ArmVirtPkg/Library/ArmVirtDxeHobLib/ArmVirtDxeHobLib/OUTPUT/ArmVirtDxeHobLib.lib(HobLib.obj)
                0x0000000000004558                HobLibConstructor
 .text.GetHobList
                0x0000000000004614       0x34 /home/zrz0517/study/TEE/RT-TEE/edk2/Build/ArmVirtQemuKernel-AARCH64/DEBUG_GCC49/AARCH64/ArmVirtPkg/Library/ArmVirtDxeHobLib/ArmVirtDxeHobLib/OUTPUT/ArmVirtDxeHobLib.lib(HobLib.obj)
                0x0000000000004614                GetHobList
 .text.GetNextHob
                0x0000000000004648       0x8c /home/zrz0517/study/TEE/RT-TEE/edk2/Build/ArmVirtQemuKernel-AARCH64/DEBUG_GCC49/AARCH64/ArmVirtPkg/Library/ArmVirtDxeHobLib/ArmVirtDxeHobLib/OUTPUT/ArmVirtDxeHobLib.lib(HobLib.obj)
                0x0000000000004648                GetNextHob
 .text.GetNextGuidHob
                0x00000000000046d4       0x90 /home/zrz0517/study/TEE/RT-TEE/edk2/Build/ArmVirtQemuKernel-AARCH64/DEBUG_GCC49/AARCH64/ArmVirtPkg/Library/ArmVirtDxeHobLib/ArmVirtDxeHobLib/OUTPUT/ArmVirtDxeHobLib.lib(HobLib.obj)
                0x00000000000046d4                GetNextGuidHob
 .text.GetFirstGuidHob
                0x0000000000004764       0x28 /home/zrz0517/study/TEE/RT-TEE/edk2/Build/ArmVirtQemuKernel-AARCH64/DEBUG_GCC49/AARCH64/ArmVirtPkg/Library/ArmVirtDxeHobLib/ArmVirtDxeHobLib/OUTPUT/ArmVirtDxeHobLib.lib(HobLib.obj)
                0x0000000000004764                GetFirstGuidHob
 .text.SerialPortInitialize
                0x000000000000478c        0x8 /home/zrz0517/study/TEE/RT-TEE/edk2/Build/ArmVirtQemuKernel-AARCH64/DEBUG_GCC49/AARCH64/ArmVirtPkg/Library/FdtPL011SerialPortLib/FdtPL011SerialPortLib/OUTPUT/FdtPL011SerialPortLib.lib(FdtPL011SerialPortLib.obj)
                0x000000000000478c                SerialPortInitialize
 .text.FdtPL011SerialPortLibInitialize
                0x0000000000004794      0x114 /home/zrz0517/study/TEE/RT-TEE/edk2/Build/ArmVirtQemuKernel-AARCH64/DEBUG_GCC49/AARCH64/ArmVirtPkg/Library/FdtPL011SerialPortLib/FdtPL011SerialPortLib/OUTPUT/FdtPL011SerialPortLib.lib(FdtPL011SerialPortLib.obj)
                0x0000000000004794                FdtPL011SerialPortLibInitialize
 .text.SerialPortWrite
                0x00000000000048a8       0x4c /home/zrz0517/study/TEE/RT-TEE/edk2/Build/ArmVirtQemuKernel-AARCH64/DEBUG_GCC49/AARCH64/ArmVirtPkg/Library/FdtPL011SerialPortLib/FdtPL011SerialPortLib/OUTPUT/FdtPL011SerialPortLib.lib(FdtPL011SerialPortLib.obj)
                0x00000000000048a8                SerialPortWrite
 .text.BaseDebugLibSerialPortConstructor
                0x00000000000048f4       0x14 /home/zrz0517/study/TEE/RT-TEE/edk2/Build/ArmVirtQemuKernel-AARCH64/DEBUG_GCC49/AARCH64/MdePkg/Library/BaseDebugLibSerialPort/BaseDebugLibSerialPort/OUTPUT/BaseDebugLibSerialPort.lib(DebugLib.obj)
                0x00000000000048f4                BaseDebugLibSerialPortConstructor
 .text.DebugPrint
                0x0000000000004908       0xe4 /home/zrz0517/study/TEE/RT-TEE/edk2/Build/ArmVirtQemuKernel-AARCH64/DEBUG_GCC49/AARCH64/MdePkg/Library/BaseDebugLibSerialPort/BaseDebugLibSerialPort/OUTPUT/BaseDebugLibSerialPort.lib(DebugLib.obj)
                0x0000000000004908                DebugPrint
 .text.DebugAssert
                0x00000000000049ec       0xa4 /home/zrz0517/study/TEE/RT-TEE/edk2/Build/ArmVirtQemuKernel-AARCH64/DEBUG_GCC49/AARCH64/MdePkg/Library/BaseDebugLibSerialPort/BaseDebugLibSerialPort/OUTPUT/BaseDebugLibSerialPort.lib(DebugLib.obj)
                0x00000000000049ec                DebugAssert
 .text.DebugAssertEnabled
                0x0000000000004a90       0x20 /home/zrz0517/study/TEE/RT-TEE/edk2/Build/ArmVirtQemuKernel-AARCH64/DEBUG_GCC49/AARCH64/MdePkg/Library/BaseDebugLibSerialPort/BaseDebugLibSerialPort/OUTPUT/BaseDebugLibSerialPort.lib(DebugLib.obj)
                0x0000000000004a90                DebugAssertEnabled
 .text.DebugPrintEnabled
                0x0000000000004ab0       0x20 /home/zrz0517/study/TEE/RT-TEE/edk2/Build/ArmVirtQemuKernel-AARCH64/DEBUG_GCC49/AARCH64/MdePkg/Library/BaseDebugLibSerialPort/BaseDebugLibSerialPort/OUTPUT/BaseDebugLibSerialPort.lib(DebugLib.obj)
                0x0000000000004ab0                DebugPrintEnabled
 .text.DebugPrintLevelEnabled
                0x0000000000004ad0       0x34 /home/zrz0517/study/TEE/RT-TEE/edk2/Build/ArmVirtQemuKernel-AARCH64/DEBUG_GCC49/AARCH64/MdePkg/Library/BaseDebugLibSerialPort/BaseDebugLibSerialPort/OUTPUT/BaseDebugLibSerialPort.lib(DebugLib.obj)
                0x0000000000004ad0                DebugPrintLevelEnabled
 .text.UefiBootServicesTableLibConstructor
                0x0000000000004b04      0x104 /home/zrz0517/study/TEE/RT-TEE/edk2/Build/ArmVirtQemuKernel-AARCH64/DEBUG_GCC49/AARCH64/MdePkg/Library/UefiBootServicesTableLib/UefiBootServicesTableLib/OUTPUT/UefiBootServicesTableLib.lib(UefiBootServicesTableLib.obj)
                0x0000000000004b04                UefiBootServicesTableLibConstructor
 .text.InternalAllocateAlignedPages
                0x0000000000004c08      0x338 /home/zrz0517/study/TEE/RT-TEE/edk2/Build/ArmVirtQemuKernel-AARCH64/DEBUG_GCC49/AARCH64/MdePkg/Library/UefiMemoryAllocationLib/UefiMemoryAllocationLib/OUTPUT/UefiMemoryAllocationLib.lib(MemoryAllocationLib.obj)
                0x0000000000004c08                InternalAllocateAlignedPages
 .text.AllocateAlignedPages
                0x0000000000004f40       0x28 /home/zrz0517/study/TEE/RT-TEE/edk2/Build/ArmVirtQemuKernel-AARCH64/DEBUG_GCC49/AARCH64/MdePkg/Library/UefiMemoryAllocationLib/UefiMemoryAllocationLib/OUTPUT/UefiMemoryAllocationLib.lib(MemoryAllocationLib.obj)
                0x0000000000004f40                AllocateAlignedPages
 .text.FreeAlignedPages
                0x0000000000004f68       0xdc /home/zrz0517/study/TEE/RT-TEE/edk2/Build/ArmVirtQemuKernel-AARCH64/DEBUG_GCC49/AARCH64/MdePkg/Library/UefiMemoryAllocationLib/UefiMemoryAllocationLib/OUTPUT/UefiMemoryAllocationLib.lib(MemoryAllocationLib.obj)
                0x0000000000004f68                FreeAlignedPages
 .text.InternalAllocatePool
                0x0000000000005044       0x54 /home/zrz0517/study/TEE/RT-TEE/edk2/Build/ArmVirtQemuKernel-AARCH64/DEBUG_GCC49/AARCH64/MdePkg/Library/UefiMemoryAllocationLib/UefiMemoryAllocationLib/OUTPUT/UefiMemoryAllocationLib.lib(MemoryAllocationLib.obj)
                0x0000000000005044                InternalAllocatePool
 .text.AllocatePool
                0x0000000000005098       0x20 /home/zrz0517/study/TEE/RT-TEE/edk2/Build/ArmVirtQemuKernel-AARCH64/DEBUG_GCC49/AARCH64/MdePkg/Library/UefiMemoryAllocationLib/UefiMemoryAllocationLib/OUTPUT/UefiMemoryAllocationLib.lib(MemoryAllocationLib.obj)
                0x0000000000005098                AllocatePool
 .text.InternalAllocateZeroPool
                0x00000000000050b8       0x48 /home/zrz0517/study/TEE/RT-TEE/edk2/Build/ArmVirtQemuKernel-AARCH64/DEBUG_GCC49/AARCH64/MdePkg/Library/UefiMemoryAllocationLib/UefiMemoryAllocationLib/OUTPUT/UefiMemoryAllocationLib.lib(MemoryAllocationLib.obj)
                0x00000000000050b8                InternalAllocateZeroPool
 .text.AllocateZeroPool
                0x0000000000005100       0x20 /home/zrz0517/study/TEE/RT-TEE/edk2/Build/ArmVirtQemuKernel-AARCH64/DEBUG_GCC49/AARCH64/MdePkg/Library/UefiMemoryAllocationLib/UefiMemoryAllocationLib/OUTPUT/UefiMemoryAllocationLib.lib(MemoryAllocationLib.obj)
                0x0000000000005100                AllocateZeroPool
 .text.InternalAllocateCopyPool
                0x0000000000005120       0xc0 /home/zrz0517/study/TEE/RT-TEE/edk2/Build/ArmVirtQemuKernel-AARCH64/DEBUG_GCC49/AARCH64/MdePkg/Library/UefiMemoryAllocationLib/UefiMemoryAllocationLib/OUTPUT/UefiMemoryAllocationLib.lib(MemoryAllocationLib.obj)
                0x0000000000005120                InternalAllocateCopyPool
 .text.AllocateCopyPool
                0x00000000000051e0       0x28 /home/zrz0517/study/TEE/RT-TEE/edk2/Build/ArmVirtQemuKernel-AARCH64/DEBUG_GCC49/AARCH64/MdePkg/Library/UefiMemoryAllocationLib/UefiMemoryAllocationLib/OUTPUT/UefiMemoryAllocationLib.lib(MemoryAllocationLib.obj)
                0x00000000000051e0                AllocateCopyPool
 .text.FreePool
                0x0000000000005208       0xa0 /home/zrz0517/study/TEE/RT-TEE/edk2/Build/ArmVirtQemuKernel-AARCH64/DEBUG_GCC49/AARCH64/MdePkg/Library/UefiMemoryAllocationLib/UefiMemoryAllocationLib/OUTPUT/UefiMemoryAllocationLib.lib(MemoryAllocationLib.obj)
                0x0000000000005208                FreePool
 .text.UefiRuntimeServicesTableLibConstructor
                0x00000000000052a8       0x6c /home/zrz0517/study/TEE/RT-TEE/edk2/Build/ArmVirtQemuKernel-AARCH64/DEBUG_GCC49/AARCH64/MdePkg/Library/UefiRuntimeServicesTableLib/UefiRuntimeServicesTableLib/OUTPUT/UefiRuntimeServicesTableLib.lib(UefiRuntimeServicesTableLib.obj)
                0x00000000000052a8                UefiRuntimeServicesTableLibConstructor
 .text.DevicePathLibConstructor
                0x0000000000005314       0xf0 /home/zrz0517/study/TEE/RT-TEE/edk2/Build/ArmVirtQemuKernel-AARCH64/DEBUG_GCC49/AARCH64/MdePkg/Library/UefiDevicePathLibDevicePathProtocol/UefiDevicePathLibDevicePathProtocol/OUTPUT/UefiDevicePathLibDevicePathProtocol.lib(UefiDevicePathLib.obj)
                0x0000000000005314                DevicePathLibConstructor
 .text.EfiLibInstallDriverBindingComponentName2
                0x0000000000005404      0x254 /home/zrz0517/study/TEE/RT-TEE/edk2/Build/ArmVirtQemuKernel-AARCH64/DEBUG_GCC49/AARCH64/MdePkg/Library/UefiLib/UefiLib/OUTPUT/UefiLib.lib(UefiDriverModel.obj)
                0x0000000000005404                EfiLibInstallDriverBindingComponentName2
 .text.UefiLibConstructor
                0x0000000000005658       0x18 /home/zrz0517/study/TEE/RT-TEE/edk2/Build/ArmVirtQemuKernel-AARCH64/DEBUG_GCC49/AARCH64/MdePkg/Library/UefiLib/UefiLib/OUTPUT/UefiLib.lib(UefiLib.obj)
                0x0000000000005658                UefiLibConstructor
 .text.CompareIso639LanguageCode
                0x0000000000005670       0x44 /home/zrz0517/study/TEE/RT-TEE/edk2/Build/ArmVirtQemuKernel-AARCH64/DEBUG_GCC49/AARCH64/MdePkg/Library/UefiLib/UefiLib/OUTPUT/UefiLib.lib(UefiLib.obj)
                0x0000000000005670                CompareIso639LanguageCode
 .text.EfiInitializeLock
                0x00000000000056b4       0xa8 /home/zrz0517/study/TEE/RT-TEE/edk2/Build/ArmVirtQemuKernel-AARCH64/DEBUG_GCC49/AARCH64/MdePkg/Library/UefiLib/UefiLib/OUTPUT/UefiLib.lib(UefiLib.obj)
                0x00000000000056b4                EfiInitializeLock
 .text.EfiAcquireLock
                0x000000000000575c       0xb8 /home/zrz0517/study/TEE/RT-TEE/edk2/Build/ArmVirtQemuKernel-AARCH64/DEBUG_GCC49/AARCH64/MdePkg/Library/UefiLib/UefiLib/OUTPUT/UefiLib.lib(UefiLib.obj)
                0x000000000000575c                EfiAcquireLock
 .text.EfiReleaseLock
                0x0000000000005814       0xb4 /home/zrz0517/study/TEE/RT-TEE/edk2/Build/ArmVirtQemuKernel-AARCH64/DEBUG_GCC49/AARCH64/MdePkg/Library/UefiLib/UefiLib/OUTPUT/UefiLib.lib(UefiLib.obj)
                0x0000000000005814                EfiReleaseLock
 .text.LookupUnicodeString2
                0x00000000000058c8      0x29c /home/zrz0517/study/TEE/RT-TEE/edk2/Build/ArmVirtQemuKernel-AARCH64/DEBUG_GCC49/AARCH64/MdePkg/Library/UefiLib/UefiLib/OUTPUT/UefiLib.lib(UefiLib.obj)
                0x00000000000058c8                LookupUnicodeString2
 .text.CpuDeadLoop
                0x0000000000005b64       0x24 /home/zrz0517/study/TEE/RT-TEE/edk2/Build/ArmVirtQemuKernel-AARCH64/DEBUG_GCC49/AARCH64/MdePkg/Library/BaseLib/BaseLib/OUTPUT/BaseLib.lib(CpuDeadLoop.obj)
                0x0000000000005b64                CpuDeadLoop
 .text.AsciiStrLen
                0x0000000000005b88       0xd4 /home/zrz0517/study/TEE/RT-TEE/edk2/Build/ArmVirtQemuKernel-AARCH64/DEBUG_GCC49/AARCH64/MdePkg/Library/BaseLib/BaseLib/OUTPUT/BaseLib.lib(String.obj)
                0x0000000000005b88                AsciiStrLen
 .text.AsciiStrSize
                0x0000000000005c5c       0x20 /home/zrz0517/study/TEE/RT-TEE/edk2/Build/ArmVirtQemuKernel-AARCH64/DEBUG_GCC49/AARCH64/MdePkg/Library/BaseLib/BaseLib/OUTPUT/BaseLib.lib(String.obj)
                0x0000000000005c5c                AsciiStrSize
 .text.AsciiStrnCmp
                0x0000000000005c7c      0x180 /home/zrz0517/study/TEE/RT-TEE/edk2/Build/ArmVirtQemuKernel-AARCH64/DEBUG_GCC49/AARCH64/MdePkg/Library/BaseLib/BaseLib/OUTPUT/BaseLib.lib(String.obj)
                0x0000000000005c7c                AsciiStrnCmp
 .text.ReadUnaligned16
                0x0000000000005dfc       0x88 /home/zrz0517/study/TEE/RT-TEE/edk2/Build/ArmVirtQemuKernel-AARCH64/DEBUG_GCC49/AARCH64/MdePkg/Library/BaseLib/BaseLib/OUTPUT/BaseLib.lib(Unaligned.obj)
                0x0000000000005dfc                ReadUnaligned16
 .text.ReadUnaligned24
                0x0000000000005e84       0x6c /home/zrz0517/study/TEE/RT-TEE/edk2/Build/ArmVirtQemuKernel-AARCH64/DEBUG_GCC49/AARCH64/MdePkg/Library/BaseLib/BaseLib/OUTPUT/BaseLib.lib(Unaligned.obj)
                0x0000000000005e84                ReadUnaligned24
 .text.ReadUnaligned32
                0x0000000000005ef0       0x74 /home/zrz0517/study/TEE/RT-TEE/edk2/Build/ArmVirtQemuKernel-AARCH64/DEBUG_GCC49/AARCH64/MdePkg/Library/BaseLib/BaseLib/OUTPUT/BaseLib.lib(Unaligned.obj)
                0x0000000000005ef0                ReadUnaligned32
 .text          0x0000000000005f64        0x8 /home/zrz0517/study/TEE/RT-TEE/edk2/Build/ArmVirtQemuKernel-AARCH64/DEBUG_GCC49/AARCH64/MdePkg/Library/BaseLib/BaseLib/OUTPUT/BaseLib.lib(CpuBreakpoint.obj)
                0x0000000000005f64                CpuBreakpoint
 .text.StrnLenS
                0x0000000000005f6c       0xc0 /home/zrz0517/study/TEE/RT-TEE/edk2/Build/ArmVirtQemuKernel-AARCH64/DEBUG_GCC49/AARCH64/MdePkg/Library/BaseLib/BaseLib/OUTPUT/BaseLib.lib(SafeString.obj)
                0x0000000000005f6c                StrnLenS
 .text.AsciiStrnLenS
                0x000000000000602c       0x80 /home/zrz0517/study/TEE/RT-TEE/edk2/Build/ArmVirtQemuKernel-AARCH64/DEBUG_GCC49/AARCH64/MdePkg/Library/BaseLib/BaseLib/OUTPUT/BaseLib.lib(SafeString.obj)
                0x000000000000602c                AsciiStrnLenS
 .text.CompareGuid
                0x00000000000060ac       0x90 /home/zrz0517/study/TEE/RT-TEE/edk2/Build/ArmVirtQemuKernel-AARCH64/DEBUG_GCC49/AARCH64/MdePkg/Library/BaseMemoryLibOptDxe/BaseMemoryLibOptDxe/OUTPUT/BaseMemoryLibOptDxe.lib(MemLibGuid.obj)
                0x00000000000060ac                CompareGuid
 .text.ZeroMem  0x000000000000613c       0xa8 /home/zrz0517/study/TEE/RT-TEE/edk2/Build/ArmVirtQemuKernel-AARCH64/DEBUG_GCC49/AARCH64/MdePkg/Library/BaseMemoryLibOptDxe/BaseMemoryLibOptDxe/OUTPUT/BaseMemoryLibOptDxe.lib(ZeroMemWrapper.obj)
                0x000000000000613c                ZeroMem
 *fill*         0x00000000000061e4        0xc 
 .text          0x00000000000061f0      0x200 /home/zrz0517/study/TEE/RT-TEE/edk2/Build/ArmVirtQemuKernel-AARCH64/DEBUG_GCC49/AARCH64/MdePkg/Library/BaseMemoryLibOptDxe/BaseMemoryLibOptDxe/OUTPUT/BaseMemoryLibOptDxe.lib(SetMem.obj)
                0x00000000000061f0                InternalMemSetMem16
                0x00000000000061fc                InternalMemSetMem32
                0x0000000000006208                InternalMemSetMem64
                0x0000000000006214                InternalMemZeroMem
                0x000000000000621c                InternalMemSetMem
 *fill*         0x00000000000063f0       0x10 
 .text          0x0000000000006400       0x20 /home/zrz0517/study/TEE/RT-TEE/edk2/Build/ArmVirtQemuKernel-AARCH64/DEBUG_GCC49/AARCH64/MdePkg/Library/BaseMemoryLibOptDxe/BaseMemoryLibOptDxe/OUTPUT/BaseMemoryLibOptDxe.lib(CompareGuid.obj)
                0x0000000000006400                InternalMemCompareGuid
 .text.PL011UartInitializePort
                0x0000000000006420      0x3b0 /home/zrz0517/study/TEE/RT-TEE/edk2/Build/ArmVirtQemuKernel-AARCH64/DEBUG_GCC49/AARCH64/ArmPlatformPkg/Library/PL011UartLib/PL011UartLib/OUTPUT/PL011UartLib.lib(PL011UartLib.obj)
                0x0000000000006420                PL011UartInitializePort
 .text.PL011UartWrite
                0x00000000000067d0       0x7c /home/zrz0517/study/TEE/RT-TEE/edk2/Build/ArmVirtQemuKernel-AARCH64/DEBUG_GCC49/AARCH64/ArmPlatformPkg/Library/PL011UartLib/PL011UartLib/OUTPUT/PL011UartLib.lib(PL011UartLib.obj)
                0x00000000000067d0                PL011UartWrite
 .text.GetDebugPrintErrorLevel
                0x000000000000684c       0x10 /home/zrz0517/study/TEE/RT-TEE/edk2/Build/ArmVirtQemuKernel-AARCH64/DEBUG_GCC49/AARCH64/MdePkg/Library/BaseDebugPrintErrorLevelLib/BaseDebugPrintErrorLevelLib/OUTPUT/BaseDebugPrintErrorLevelLib.lib(BaseDebugPrintErrorLevelLib.obj)
                0x000000000000684c                GetDebugPrintErrorLevel
 .text.AsciiVSPrint
                0x000000000000685c       0x68 /home/zrz0517/study/TEE/RT-TEE/edk2/Build/ArmVirtQemuKernel-AARCH64/DEBUG_GCC49/AARCH64/MdePkg/Library/BasePrintLib/BasePrintLib/OUTPUT/BasePrintLib.lib(PrintLib.obj)
                0x000000000000685c                AsciiVSPrint
 .text.AsciiSPrint
                0x00000000000068c4       0x94 /home/zrz0517/study/TEE/RT-TEE/edk2/Build/ArmVirtQemuKernel-AARCH64/DEBUG_GCC49/AARCH64/MdePkg/Library/BasePrintLib/BasePrintLib/OUTPUT/BasePrintLib.lib(PrintLib.obj)
                0x00000000000068c4                AsciiSPrint
 .text.BasePrintLibFillBuffer
                0x0000000000006958       0x9c /home/zrz0517/study/TEE/RT-TEE/edk2/Build/ArmVirtQemuKernel-AARCH64/DEBUG_GCC49/AARCH64/MdePkg/Library/BasePrintLib/BasePrintLib/OUTPUT/BasePrintLib.lib(PrintLibInternal.obj)
                0x0000000000006958                BasePrintLibFillBuffer
 .text.BasePrintLibValueToString
                0x00000000000069f4       0x7c /home/zrz0517/study/TEE/RT-TEE/edk2/Build/ArmVirtQemuKernel-AARCH64/DEBUG_GCC49/AARCH64/MdePkg/Library/BasePrintLib/BasePrintLib/OUTPUT/BasePrintLib.lib(PrintLibInternal.obj)
                0x00000000000069f4                BasePrintLibValueToString
 .text.BasePrintLibSPrintMarker
                0x0000000000006a70     0x1bcc /home/zrz0517/study/TEE/RT-TEE/edk2/Build/ArmVirtQemuKernel-AARCH64/DEBUG_GCC49/AARCH64/MdePkg/Library/BasePrintLib/BasePrintLib/OUTPUT/BasePrintLib.lib(PrintLibInternal.obj)
                0x0000000000006a70                BasePrintLibSPrintMarker
 .text.BasePrintLibSPrint
                0x000000000000863c       0x9c /home/zrz0517/study/TEE/RT-TEE/edk2/Build/ArmVirtQemuKernel-AARCH64/DEBUG_GCC49/AARCH64/MdePkg/Library/BasePrintLib/BasePrintLib/OUTPUT/BasePrintLib.lib(PrintLibInternal.obj)
                0x000000000000863c                BasePrintLibSPrint
 .text.MmioWrite8
                0x00000000000086d8       0x28 /home/zrz0517/study/TEE/RT-TEE/edk2/Build/ArmVirtQemuKernel-AARCH64/DEBUG_GCC49/AARCH64/MdePkg/Library/BaseIoLibIntrinsic/BaseIoLibIntrinsicArmVirt/OUTPUT/BaseIoLibIntrinsicArmVirt.lib(IoLibArmVirt.obj)
                0x00000000000086d8                MmioWrite8
 .text.MmioRead32
                0x0000000000008700       0x54 /home/zrz0517/study/TEE/RT-TEE/edk2/Build/ArmVirtQemuKernel-AARCH64/DEBUG_GCC49/AARCH64/MdePkg/Library/BaseIoLibIntrinsic/BaseIoLibIntrinsicArmVirt/OUTPUT/BaseIoLibIntrinsicArmVirt.lib(IoLibArmVirt.obj)
                0x0000000000008700                MmioRead32
 .text.MmioWrite32
                0x0000000000008754       0x60 /home/zrz0517/study/TEE/RT-TEE/edk2/Build/ArmVirtQemuKernel-AARCH64/DEBUG_GCC49/AARCH64/MdePkg/Library/BaseIoLibIntrinsic/BaseIoLibIntrinsicArmVirt/OUTPUT/BaseIoLibIntrinsicArmVirt.lib(IoLibArmVirt.obj)
                0x0000000000008754                MmioWrite32
 *fill*         0x00000000000087b4        0x4 
 .text          0x00000000000087b8       0x60 /home/zrz0517/study/TEE/RT-TEE/edk2/Build/ArmVirtQemuKernel-AARCH64/DEBUG_GCC49/AARCH64/MdePkg/Library/BaseIoLibIntrinsic/BaseIoLibIntrinsicArmVirt/OUTPUT/BaseIoLibIntrinsicArmVirt.lib(ArmVirtMmio.obj)
                0x00000000000087b8                MmioRead8Internal
                0x00000000000087c4                MmioWrite8Internal
                0x00000000000087d0                MmioRead16Internal
                0x00000000000087dc                MmioWrite16Internal
                0x00000000000087e8                MmioRead32Internal
                0x00000000000087f4                MmioWrite32Internal
                0x0000000000008800                MmioRead64Internal
                0x000000000000880c                MmioWrite64Internal
 *(.rodata .rodata.* .gnu.linkonce.r.*)
 .rodata        0x0000000000008818       0x9b /home/zrz0517/study/TEE/RT-TEE/edk2/Build/ArmVirtQemuKernel-AARCH64/DEBUG_GCC49/AARCH64/MdePkg/Library/UefiDriverEntryPoint/UefiDriverEntryPoint/OUTPUT/UefiDriverEntryPoint.lib(DriverEntryPoint.obj)
 *fill*         0x00000000000088b3        0x5 
 .rodata        0x00000000000088b8       0xe8 /home/zrz0517/study/TEE/RT-TEE/edk2/Build/ArmVirtQemuKernel-AARCH64/DEBUG_GCC49/AARCH64/MdeModulePkg/Universal/Disk/DiskIoDxe/DiskIoDxe/OUTPUT/DiskIoDxe.lib(AutoGen.obj)
 .rodata._gPcd_FixedAtBuild_PcdDiskIoDataBufferBlockNum
                0x00000000000089a0        0x4 /home/zrz0517/study/TEE/RT-TEE/edk2/Build/ArmVirtQemuKernel-AARCH64/DEBUG_GCC49/AARCH64/MdeModulePkg/Universal/Disk/DiskIoDxe/DiskIoDxe/OUTPUT/DiskIoDxe.lib(AutoGen.obj)
                0x00000000000089a0                _gPcd_FixedAtBuild_PcdDiskIoDataBufferBlockNum
 .rodata._gPcd_FixedAtBuild_PcdVerifyNodeInList
                0x00000000000089a4        0x1 /home/zrz0517/study/TEE/RT-TEE/edk2/Build/ArmVirtQemuKernel-AARCH64/DEBUG_GCC49/AARCH64/MdeModulePkg/Universal/Disk/DiskIoDxe/DiskIoDxe/OUTPUT/DiskIoDxe.lib(AutoGen.obj)
                0x00000000000089a4                _gPcd_FixedAtBuild_PcdVerifyNodeInList
 *fill*         0x00000000000089a5        0x3 
 .rodata._gPcd_FixedAtBuild_PcdMaximumLinkedListLength
                0x00000000000089a8        0x4 /home/zrz0517/study/TEE/RT-TEE/edk2/Build/ArmVirtQemuKernel-AARCH64/DEBUG_GCC49/AARCH64/MdeModulePkg/Universal/Disk/DiskIoDxe/DiskIoDxe/OUTPUT/DiskIoDxe.lib(AutoGen.obj)
                0x00000000000089a8                _gPcd_FixedAtBuild_PcdMaximumLinkedListLength
 .rodata._gPcd_FixedAtBuild_PcdMaximumAsciiStringLength
                0x00000000000089ac        0x4 /home/zrz0517/study/TEE/RT-TEE/edk2/Build/ArmVirtQemuKernel-AARCH64/DEBUG_GCC49/AARCH64/MdeModulePkg/Universal/Disk/DiskIoDxe/DiskIoDxe/OUTPUT/DiskIoDxe.lib(AutoGen.obj)
                0x00000000000089ac                _gPcd_FixedAtBuild_PcdMaximumAsciiStringLength
 .rodata._gPcd_FixedAtBuild_PcdMaximumUnicodeStringLength
                0x00000000000089b0        0x4 /home/zrz0517/study/TEE/RT-TEE/edk2/Build/ArmVirtQemuKernel-AARCH64/DEBUG_GCC49/AARCH64/MdeModulePkg/Universal/Disk/DiskIoDxe/DiskIoDxe/OUTPUT/DiskIoDxe.lib(AutoGen.obj)
                0x00000000000089b0                _gPcd_FixedAtBuild_PcdMaximumUnicodeStringLength
 .rodata._gPcd_FixedAtBuild_PcdDebugPropertyMask
                0x00000000000089b4        0x1 /home/zrz0517/study/TEE/RT-TEE/edk2/Build/ArmVirtQemuKernel-AARCH64/DEBUG_GCC49/AARCH64/MdeModulePkg/Universal/Disk/DiskIoDxe/DiskIoDxe/OUTPUT/DiskIoDxe.lib(AutoGen.obj)
                0x00000000000089b4                _gPcd_FixedAtBuild_PcdDebugPropertyMask
 *fill*         0x00000000000089b5        0x3 
 .rodata._gPcd_FixedAtBuild_PcdDebugPrintErrorLevel
                0x00000000000089b8        0x4 /home/zrz0517/study/TEE/RT-TEE/edk2/Build/ArmVirtQemuKernel-AARCH64/DEBUG_GCC49/AARCH64/MdeModulePkg/Universal/Disk/DiskIoDxe/DiskIoDxe/OUTPUT/DiskIoDxe.lib(AutoGen.obj)
                0x00000000000089b8                _gPcd_FixedAtBuild_PcdDebugPrintErrorLevel
 *fill*         0x00000000000089bc        0x4 
 .rodata._gPcd_FixedAtBuild_PcdUartDefaultBaudRate
                0x00000000000089c0        0x8 /home/zrz0517/study/TEE/RT-TEE/edk2/Build/ArmVirtQemuKernel-AARCH64/DEBUG_GCC49/AARCH64/MdeModulePkg/Universal/Disk/DiskIoDxe/DiskIoDxe/OUTPUT/DiskIoDxe.lib(AutoGen.obj)
                0x00000000000089c0                _gPcd_FixedAtBuild_PcdUartDefaultBaudRate
 .rodata._gPcd_FixedAtBuild_PcdUartDefaultDataBits
                0x00000000000089c8        0x1 /home/zrz0517/study/TEE/RT-TEE/edk2/Build/ArmVirtQemuKernel-AARCH64/DEBUG_GCC49/AARCH64/MdeModulePkg/Universal/Disk/DiskIoDxe/DiskIoDxe/OUTPUT/DiskIoDxe.lib(AutoGen.obj)
                0x00000000000089c8                _gPcd_FixedAtBuild_PcdUartDefaultDataBits
 .rodata._gPcd_FixedAtBuild_PcdUartDefaultParity
                0x00000000000089c9        0x1 /home/zrz0517/study/TEE/RT-TEE/edk2/Build/ArmVirtQemuKernel-AARCH64/DEBUG_GCC49/AARCH64/MdeModulePkg/Universal/Disk/DiskIoDxe/DiskIoDxe/OUTPUT/DiskIoDxe.lib(AutoGen.obj)
                0x00000000000089c9                _gPcd_FixedAtBuild_PcdUartDefaultParity
 .rodata._gPcd_FixedAtBuild_PcdUartDefaultStopBits
                0x00000000000089ca        0x1 /home/zrz0517/study/TEE/RT-TEE/edk2/Build/ArmVirtQemuKernel-AARCH64/DEBUG_GCC49/AARCH64/MdeModulePkg/Universal/Disk/DiskIoDxe/DiskIoDxe/OUTPUT/DiskIoDxe.lib(AutoGen.obj)
                0x00000000000089ca                _gPcd_FixedAtBuild_PcdUartDefaultStopBits
 *fill*         0x00000000000089cb        0x1 
 .rodata._gPcd_FixedAtBuild_PcdFixedDebugPrintErrorLevel
                0x00000000000089cc        0x4 /home/zrz0517/study/TEE/RT-TEE/edk2/Build/ArmVirtQemuKernel-AARCH64/DEBUG_GCC49/AARCH64/MdeModulePkg/Universal/Disk/DiskIoDxe/DiskIoDxe/OUTPUT/DiskIoDxe.lib(AutoGen.obj)
                0x00000000000089cc                _gPcd_FixedAtBuild_PcdFixedDebugPrintErrorLevel
 .rodata._gPcd_FixedAtBuild_PcdComponentNameDisable
                0x00000000000089d0        0x1 /home/zrz0517/study/TEE/RT-TEE/edk2/Build/ArmVirtQemuKernel-AARCH64/DEBUG_GCC49/AARCH64/MdeModulePkg/Universal/Disk/DiskIoDxe/DiskIoDxe/OUTPUT/DiskIoDxe.lib(AutoGen.obj)
                0x00000000000089d0                _gPcd_FixedAtBuild_PcdComponentNameDisable
 .rodata._gPcd_FixedAtBuild_PcdComponentName2Disable
                0x00000000000089d1        0x1 /home/zrz0517/study/TEE/RT-TEE/edk2/Build/ArmVirtQemuKernel-AARCH64/DEBUG_GCC49/AARCH64/MdeModulePkg/Universal/Disk/DiskIoDxe/DiskIoDxe/OUTPUT/DiskIoDxe.lib(AutoGen.obj)
                0x00000000000089d1                _gPcd_FixedAtBuild_PcdComponentName2Disable
 *fill*         0x00000000000089d2        0x2 
 .rodata._gUefiDriverRevision
                0x00000000000089d4        0x4 /home/zrz0517/study/TEE/RT-TEE/edk2/Build/ArmVirtQemuKernel-AARCH64/DEBUG_GCC49/AARCH64/MdeModulePkg/Universal/Disk/DiskIoDxe/DiskIoDxe/OUTPUT/DiskIoDxe.lib(AutoGen.obj)
                0x00000000000089d4                _gUefiDriverRevision
 .rodata._gDriverUnloadImageCount
                0x00000000000089d8        0x1 /home/zrz0517/study/TEE/RT-TEE/edk2/Build/ArmVirtQemuKernel-AARCH64/DEBUG_GCC49/AARCH64/MdeModulePkg/Universal/Disk/DiskIoDxe/DiskIoDxe/OUTPUT/DiskIoDxe.lib(AutoGen.obj)
                0x00000000000089d8                _gDriverUnloadImageCount
 *fill*         0x00000000000089d9        0x7 
 .rodata        0x00000000000089e0      0x4c1 /home/zrz0517/study/TEE/RT-TEE/edk2/Build/ArmVirtQemuKernel-AARCH64/DEBUG_GCC49/AARCH64/MdeModulePkg/Universal/Disk/DiskIoDxe/DiskIoDxe/OUTPUT/DiskIoDxe.lib(DiskIo.obj)
 *fill*         0x0000000000008ea1        0x7 
 .rodata        0x0000000000008ea8       0x48 /home/zrz0517/study/TEE/RT-TEE/edk2/Build/ArmVirtQemuKernel-AARCH64/DEBUG_GCC49/AARCH64/MdeModulePkg/Universal/Disk/DiskIoDxe/DiskIoDxe/OUTPUT/DiskIoDxe.lib(ComponentName.obj)
 .rodata        0x0000000000008ef0       0x60 /home/zrz0517/study/TEE/RT-TEE/edk2/Build/ArmVirtQemuKernel-AARCH64/DEBUG_GCC49/AARCH64/MdePkg/Library/BaseLib/BaseLib/OUTPUT/BaseLib.lib(DivU64x32Remainder.obj)
 .rodata        0x0000000000008f50      0x225 /home/zrz0517/study/TEE/RT-TEE/edk2/Build/ArmVirtQemuKernel-AARCH64/DEBUG_GCC49/AARCH64/MdePkg/Library/BaseLib/BaseLib/OUTPUT/BaseLib.lib(LinkedList.obj)
 *fill*         0x0000000000009175        0x3 
 .rodata        0x0000000000009178       0xde /home/zrz0517/study/TEE/RT-TEE/edk2/Build/ArmVirtQemuKernel-AARCH64/DEBUG_GCC49/AARCH64/MdePkg/Library/BaseMemoryLibOptDxe/BaseMemoryLibOptDxe/OUTPUT/BaseMemoryLibOptDxe.lib(CopyMemWrapper.obj)
 *fill*         0x0000000000009256        0x2 
 .rodata        0x0000000000009258       0x9f /home/zrz0517/study/TEE/RT-TEE/edk2/Build/ArmVirtQemuKernel-AARCH64/DEBUG_GCC49/AARCH64/MdePkg/Library/BaseDebugLibSerialPort/BaseDebugLibSerialPort/OUTPUT/BaseDebugLibSerialPort.lib(DebugLib.obj)
 *fill*         0x00000000000092f7        0x1 
 .rodata        0x00000000000092f8       0xb4 /home/zrz0517/study/TEE/RT-TEE/edk2/Build/ArmVirtQemuKernel-AARCH64/DEBUG_GCC49/AARCH64/MdePkg/Library/UefiBootServicesTableLib/UefiBootServicesTableLib/OUTPUT/UefiBootServicesTableLib.lib(UefiBootServicesTableLib.obj)
 *fill*         0x00000000000093ac        0x4 
 .rodata        0x00000000000093b0      0x14f /home/zrz0517/study/TEE/RT-TEE/edk2/Build/ArmVirtQemuKernel-AARCH64/DEBUG_GCC49/AARCH64/MdePkg/Library/UefiMemoryAllocationLib/UefiMemoryAllocationLib/OUTPUT/UefiMemoryAllocationLib.lib(MemoryAllocationLib.obj)
 *fill*         0x00000000000094ff        0x1 
 .rodata        0x0000000000009500       0x85 /home/zrz0517/study/TEE/RT-TEE/edk2/Build/ArmVirtQemuKernel-AARCH64/DEBUG_GCC49/AARCH64/MdePkg/Library/UefiRuntimeServicesTableLib/UefiRuntimeServicesTableLib/OUTPUT/UefiRuntimeServicesTableLib.lib(UefiRuntimeServicesTableLib.obj)
 *fill*         0x0000000000009585        0x3 
 .rodata        0x0000000000009588      0x17d /home/zrz0517/study/TEE/RT-TEE/edk2/Build/ArmVirtQemuKernel-AARCH64/DEBUG_GCC49/AARCH64/MdePkg/Library/UefiDevicePathLibDevicePathProtocol/UefiDevicePathLibDevicePathProtocol/OUTPUT/UefiDevicePathLibDevicePathProtocol.lib(UefiDevicePathLib.obj)
 *fill*         0x0000000000009705        0x3 
 .rodata        0x0000000000009708       0xac /home/zrz0517/study/TEE/RT-TEE/edk2/Build/ArmVirtQemuKernel-AARCH64/DEBUG_GCC49/AARCH64/MdePkg/Library/UefiLib/UefiLib/OUTPUT/UefiLib.lib(UefiDriverModel.obj)
 *fill*         0x00000000000097b4        0x4 
 .rodata        0x00000000000097b8      0x25b /home/zrz0517/study/TEE/RT-TEE/edk2/Build/ArmVirtQemuKernel-AARCH64/DEBUG_GCC49/AARCH64/MdePkg/Library/UefiLib/UefiLib/OUTPUT/UefiLib.lib(UefiLib.obj)
 *fill*         0x0000000000009a13        0x5 
 .rodata        0x0000000000009a18      0x2b4 /home/zrz0517/study/TEE/RT-TEE/edk2/Build/ArmVirtQemuKernel-AARCH64/DEBUG_GCC49/AARCH64/MdePkg/Library/BaseLib/BaseLib/OUTPUT/BaseLib.lib(String.obj)
 *fill*         0x0000000000009ccc        0x4 
 .rodata        0x0000000000009cd0       0x63 /home/zrz0517/study/TEE/RT-TEE/edk2/Build/ArmVirtQemuKernel-AARCH64/DEBUG_GCC49/AARCH64/MdePkg/Library/BaseLib/BaseLib/OUTPUT/BaseLib.lib(Unaligned.obj)
 *fill*         0x0000000000009d33        0x5 
 .rodata        0x0000000000009d38      0x63c /home/zrz0517/study/TEE/RT-TEE/edk2/Build/ArmVirtQemuKernel-AARCH64/DEBUG_GCC49/AARCH64/MdePkg/Library/BaseLib/BaseLib/OUTPUT/BaseLib.lib(SafeString.obj)
 *fill*         0x000000000000a374        0x4 
 .rodata        0x000000000000a378      0x175 /home/zrz0517/study/TEE/RT-TEE/edk2/Build/ArmVirtQemuKernel-AARCH64/DEBUG_GCC49/AARCH64/MdePkg/Library/BaseMemoryLibOptDxe/BaseMemoryLibOptDxe/OUTPUT/BaseMemoryLibOptDxe.lib(MemLibGuid.obj)
 *fill*         0x000000000000a4ed        0x3 
 .rodata        0x000000000000a4f0       0xa6 /home/zrz0517/study/TEE/RT-TEE/edk2/Build/ArmVirtQemuKernel-AARCH64/DEBUG_GCC49/AARCH64/MdePkg/Library/BaseMemoryLibOptDxe/BaseMemoryLibOptDxe/OUTPUT/BaseMemoryLibOptDxe.lib(ZeroMemWrapper.obj)
 *fill*         0x000000000000a596        0x2 
 .rodata.mHexStr
                0x000000000000a598       0x10 /home/zrz0517/study/TEE/RT-TEE/edk2/Build/ArmVirtQemuKernel-AARCH64/DEBUG_GCC49/AARCH64/MdePkg/Library/BasePrintLib/BasePrintLib/OUTPUT/BasePrintLib.lib(PrintLibInternal.obj)
                0x000000000000a598                mHexStr
 .rodata        0x000000000000a5a8      0x72a /home/zrz0517/study/TEE/RT-TEE/edk2/Build/ArmVirtQemuKernel-AARCH64/DEBUG_GCC49/AARCH64/MdePkg/Library/BasePrintLib/BasePrintLib/OUTPUT/BasePrintLib.lib(PrintLibInternal.obj)
 *fill*         0x000000000000acd2        0x6 
 .rodata.mStatusString
                0x000000000000acd8      0x138 /home/zrz0517/study/TEE/RT-TEE/edk2/Build/ArmVirtQemuKernel-AARCH64/DEBUG_GCC49/AARCH64/MdePkg/Library/BasePrintLib/BasePrintLib/OUTPUT/BasePrintLib.lib(PrintLibInternal.obj)
                0x000000000000acd8                mStatusString
 .rodata        0x000000000000ae10       0xb3 /home/zrz0517/study/TEE/RT-TEE/edk2/Build/ArmVirtQemuKernel-AARCH64/DEBUG_GCC49/AARCH64/MdePkg/Library/BaseIoLibIntrinsic/BaseIoLibIntrinsicArmVirt/OUTPUT/BaseIoLibIntrinsicArmVirt.lib(IoLibArmVirt.obj)
 *(.got .got.*)
 *:AutoGen.obj(.data.g*Guid)
 *fill*         0x000000000000aec3        0x5 
 .data.gEfiHobListGuid
                0x000000000000aec8       0x10 /home/zrz0517/study/TEE/RT-TEE/edk2/Build/ArmVirtQemuKernel-AARCH64/DEBUG_GCC49/AARCH64/MdeModulePkg/Universal/Disk/DiskIoDxe/DiskIoDxe/OUTPUT/DiskIoDxe.lib(AutoGen.obj)
                0x000000000000aec8                gEfiHobListGuid
 .data.gEarlyPL011BaseAddressGuid
                0x000000000000aed8       0x10 /home/zrz0517/study/TEE/RT-TEE/edk2/Build/ArmVirtQemuKernel-AARCH64/DEBUG_GCC49/AARCH64/MdeModulePkg/Universal/Disk/DiskIoDxe/DiskIoDxe/OUTPUT/DiskIoDxe.lib(AutoGen.obj)
                0x000000000000aed8                gEarlyPL011BaseAddressGuid
 .data.gEfiDiskIoProtocolGuid
                0x000000000000aee8       0x10 /home/zrz0517/study/TEE/RT-TEE/edk2/Build/ArmVirtQemuKernel-AARCH64/DEBUG_GCC49/AARCH64/MdeModulePkg/Universal/Disk/DiskIoDxe/DiskIoDxe/OUTPUT/DiskIoDxe.lib(AutoGen.obj)
                0x000000000000aee8                gEfiDiskIoProtocolGuid
 .data.gEfiDiskIo2ProtocolGuid
                0x000000000000aef8       0x10 /home/zrz0517/study/TEE/RT-TEE/edk2/Build/ArmVirtQemuKernel-AARCH64/DEBUG_GCC49/AARCH64/MdeModulePkg/Universal/Disk/DiskIoDxe/DiskIoDxe/OUTPUT/DiskIoDxe.lib(AutoGen.obj)
                0x000000000000aef8                gEfiDiskIo2ProtocolGuid
 .data.gEfiBlockIoProtocolGuid
                0x000000000000af08       0x10 /home/zrz0517/study/TEE/RT-TEE/edk2/Build/ArmVirtQemuKernel-AARCH64/DEBUG_GCC49/AARCH64/MdeModulePkg/Universal/Disk/DiskIoDxe/DiskIoDxe/OUTPUT/DiskIoDxe.lib(AutoGen.obj)
                0x000000000000af08                gEfiBlockIoProtocolGuid
 .data.gEfiBlockIo2ProtocolGuid
                0x000000000000af18       0x10 /home/zrz0517/study/TEE/RT-TEE/edk2/Build/ArmVirtQemuKernel-AARCH64/DEBUG_GCC49/AARCH64/MdeModulePkg/Universal/Disk/DiskIoDxe/DiskIoDxe/OUTPUT/DiskIoDxe.lib(AutoGen.obj)
                0x000000000000af18                gEfiBlockIo2ProtocolGuid
 .data.gEfiDevicePathUtilitiesProtocolGuid
                0x000000000000af28       0x10 /home/zrz0517/study/TEE/RT-TEE/edk2/Build/ArmVirtQemuKernel-AARCH64/DEBUG_GCC49/AARCH64/MdeModulePkg/Universal/Disk/DiskIoDxe/DiskIoDxe/OUTPUT/DiskIoDxe.lib(AutoGen.obj)
                0x000000000000af28                gEfiDevicePathUtilitiesProtocolGuid
 .data.gEfiDriverBindingProtocolGuid
                0x000000000000af38       0x10 /home/zrz0517/study/TEE/RT-TEE/edk2/Build/ArmVirtQemuKernel-AARCH64/DEBUG_GCC49/AARCH64/MdeModulePkg/Universal/Disk/DiskIoDxe/DiskIoDxe/OUTPUT/DiskIoDxe.lib(AutoGen.obj)
                0x000000000000af38                gEfiDriverBindingProtocolGuid
 .data.gEfiComponentNameProtocolGuid
                0x000000000000af48       0x10 /home/zrz0517/study/TEE/RT-TEE/edk2/Build/ArmVirtQemuKernel-AARCH64/DEBUG_GCC49/AARCH64/MdeModulePkg/Universal/Disk/DiskIoDxe/DiskIoDxe/OUTPUT/DiskIoDxe.lib(AutoGen.obj)
                0x000000000000af48                gEfiComponentNameProtocolGuid
 .data.gEfiComponentName2ProtocolGuid
                0x000000000000af58       0x10 /home/zrz0517/study/TEE/RT-TEE/edk2/Build/ArmVirtQemuKernel-AARCH64/DEBUG_GCC49/AARCH64/MdeModulePkg/Universal/Disk/DiskIoDxe/DiskIoDxe/OUTPUT/DiskIoDxe.lib(AutoGen.obj)
                0x000000000000af58                gEfiComponentName2ProtocolGuid
 .data.gEfiLoadedImageProtocolGuid
                0x000000000000af68       0x10 /home/zrz0517/study/TEE/RT-TEE/edk2/Build/ArmVirtQemuKernel-AARCH64/DEBUG_GCC49/AARCH64/MdeModulePkg/Universal/Disk/DiskIoDxe/DiskIoDxe/OUTPUT/DiskIoDxe.lib(AutoGen.obj)
                0x000000000000af68                gEfiLoadedImageProtocolGuid

.iplt           0x000000000000af78        0x0
 .iplt          0x000000000000af78        0x0 /home/zrz0517/study/TEE/RT-TEE/edk2/Build/ArmVirtQemuKernel-AARCH64/DEBUG_GCC49/AARCH64/MdePkg/Library/UefiDriverEntryPoint/UefiDriverEntryPoint/OUTPUT/UefiDriverEntryPoint.lib(DriverEntryPoint.obj)

.data           0x000000000000b000      0x148
 *(.data .data.* .gnu.linkonce.d.*)
 .data.gEfiCallerBaseName
                0x000000000000b000        0x8 /home/zrz0517/study/TEE/RT-TEE/edk2/Build/ArmVirtQemuKernel-AARCH64/DEBUG_GCC49/AARCH64/MdeModulePkg/Universal/Disk/DiskIoDxe/DiskIoDxe/OUTPUT/DiskIoDxe.lib(AutoGen.obj)
                0x000000000000b000                gEfiCallerBaseName
 .data.gDiskIoDriverBinding
                0x000000000000b008       0x30 /home/zrz0517/study/TEE/RT-TEE/edk2/Build/ArmVirtQemuKernel-AARCH64/DEBUG_GCC49/AARCH64/MdeModulePkg/Universal/Disk/DiskIoDxe/DiskIoDxe/OUTPUT/DiskIoDxe.lib(DiskIo.obj)
                0x000000000000b008                gDiskIoDriverBinding
 .data.gDiskIoPrivateDataTemplate
                0x000000000000b038       0x88 /home/zrz0517/study/TEE/RT-TEE/edk2/Build/ArmVirtQemuKernel-AARCH64/DEBUG_GCC49/AARCH64/MdeModulePkg/Universal/Disk/DiskIoDxe/DiskIoDxe/OUTPUT/DiskIoDxe.lib(DiskIo.obj)
                0x000000000000b038                gDiskIoPrivateDataTemplate
 .data.gDiskIoComponentName
                0x000000000000b0c0       0x18 /home/zrz0517/study/TEE/RT-TEE/edk2/Build/ArmVirtQemuKernel-AARCH64/DEBUG_GCC49/AARCH64/MdeModulePkg/Universal/Disk/DiskIoDxe/DiskIoDxe/OUTPUT/DiskIoDxe.lib(ComponentName.obj)
                0x000000000000b0c0                gDiskIoComponentName
 .data.gDiskIoComponentName2
                0x000000000000b0d8       0x18 /home/zrz0517/study/TEE/RT-TEE/edk2/Build/ArmVirtQemuKernel-AARCH64/DEBUG_GCC49/AARCH64/MdeModulePkg/Universal/Disk/DiskIoDxe/DiskIoDxe/OUTPUT/DiskIoDxe.lib(ComponentName.obj)
                0x000000000000b0d8                gDiskIoComponentName2
 .data.mDiskIoDriverNameTable
                0x000000000000b0f0       0x20 /home/zrz0517/study/TEE/RT-TEE/edk2/Build/ArmVirtQemuKernel-AARCH64/DEBUG_GCC49/AARCH64/MdeModulePkg/Universal/Disk/DiskIoDxe/DiskIoDxe/OUTPUT/DiskIoDxe.lib(ComponentName.obj)
                0x000000000000b0f0                mDiskIoDriverNameTable
 *(.bss .bss.*)
 .bss.mHobList  0x000000000000b110        0x8 /home/zrz0517/study/TEE/RT-TEE/edk2/Build/ArmVirtQemuKernel-AARCH64/DEBUG_GCC49/AARCH64/ArmVirtPkg/Library/ArmVirtDxeHobLib/ArmVirtDxeHobLib/OUTPUT/ArmVirtDxeHobLib.lib(HobLib.obj)
                0x000000000000b110                mHobList
 .bss.mSerialBaseAddress
                0x000000000000b118        0x8 /home/zrz0517/study/TEE/RT-TEE/edk2/Build/ArmVirtQemuKernel-AARCH64/DEBUG_GCC49/AARCH64/ArmVirtPkg/Library/FdtPL011SerialPortLib/FdtPL011SerialPortLib/OUTPUT/FdtPL011SerialPortLib.lib(FdtPL011SerialPortLib.obj)
 .bss.gImageHandle
                0x000000000000b120        0x8 /home/zrz0517/study/TEE/RT-TEE/edk2/Build/ArmVirtQemuKernel-AARCH64/DEBUG_GCC49/AARCH64/MdePkg/Library/UefiBootServicesTableLib/UefiBootServicesTableLib/OUTPUT/UefiBootServicesTableLib.lib(UefiBootServicesTableLib.obj)
                0x000000000000b120                gImageHandle
 .bss.gST       0x000000000000b128        0x8 /home/zrz0517/study/TEE/RT-TEE/edk2/Build/ArmVirtQemuKernel-AARCH64/DEBUG_GCC49/AARCH64/MdePkg/Library/UefiBootServicesTableLib/UefiBootServicesTableLib/OUTPUT/UefiBootServicesTableLib.lib(UefiBootServicesTableLib.obj)
                0x000000000000b128                gST
 .bss.gBS       0x000000000000b130        0x8 /home/zrz0517/study/TEE/RT-TEE/edk2/Build/ArmVirtQemuKernel-AARCH64/DEBUG_GCC49/AARCH64/MdePkg/Library/UefiBootServicesTableLib/UefiBootServicesTableLib/OUTPUT/UefiBootServicesTableLib.lib(UefiBootServicesTableLib.obj)
                0x000000000000b130                gBS
 .bss.gRT       0x000000000000b138        0x8 /home/zrz0517/study/TEE/RT-TEE/edk2/Build/ArmVirtQemuKernel-AARCH64/DEBUG_GCC49/AARCH64/MdePkg/Library/UefiRuntimeServicesTableLib/UefiRuntimeServicesTableLib/OUTPUT/UefiRuntimeServicesTableLib.lib(UefiRuntimeServicesTableLib.obj)
                0x000000000000b138                gRT
 .bss.mDevicePathLibDevicePathUtilities
                0x000000000000b140        0x8 /home/zrz0517/study/TEE/RT-TEE/edk2/Build/ArmVirtQemuKernel-AARCH64/DEBUG_GCC49/AARCH64/MdePkg/Library/UefiDevicePathLibDevicePathProtocol/UefiDevicePathLibDevicePathProtocol/OUTPUT/UefiDevicePathLibDevicePathProtocol.lib(UefiDevicePathLib.obj)
                0x000000000000b140                mDevicePathLibDevicePathUtilities

.igot.plt       0x000000000000b148        0x0
 .igot.plt      0x000000000000b148        0x0 /home/zrz0517/study/TEE/RT-TEE/edk2/Build/ArmVirtQemuKernel-AARCH64/DEBUG_GCC49/AARCH64/MdePkg/Library/UefiDriverEntryPoint/UefiDriverEntryPoint/OUTPUT/UefiDriverEntryPoint.lib(DriverEntryPoint.obj)

.eh_frame
 *(.eh_frame)

.rela           0x000000000000b148        0x0
 *(.rela .rela.*)
 .rela.iplt     0x000000000000b148        0x0 /home/zrz0517/study/TEE/RT-TEE/edk2/Build/ArmVirtQemuKernel-AARCH64/DEBUG_GCC49/AARCH64/MdePkg/Library/UefiDriverEntryPoint/UefiDriverEntryPoint/OUTPUT/UefiDriverEntryPoint.lib(DriverEntryPoint.obj)

.hii
 *(.hii)

.build-id
 *(.note.gnu.build-id)

/DISCARD/
 *(.note.GNU-stack)
 *(.gnu_debuglink)
 *(.interp)
 *(.dynsym)
 *(.dynstr)
 *(.dynamic)
 *(.hash .gnu.hash)
 *(.comment)
 *(COMMON)
                0x0000000000000228                PECOFF_HEADER_SIZE = 0x228
OUTPUT(/home/zrz0517/study/TEE/RT-TEE/edk2/Build/ArmVirtQemuKernel-AARCH64/DEBUG_GCC49/AARCH64/MdeModulePkg/Universal/Disk/DiskIoDxe/DiskIoDxe/DEBUG/DiskIoDxe.dll elf64-littleaarch64)

.debug_info     0x0000000000000000    0x1da0d
 .debug_info    0x0000000000000000     0x1b62 /home/zrz0517/study/TEE/RT-TEE/edk2/Build/ArmVirtQemuKernel-AARCH64/DEBUG_GCC49/AARCH64/MdePkg/Library/UefiDriverEntryPoint/UefiDriverEntryPoint/OUTPUT/UefiDriverEntryPoint.lib(DriverEntryPoint.obj)
 .debug_info    0x0000000000001b62     0x212d /home/zrz0517/study/TEE/RT-TEE/edk2/Build/ArmVirtQemuKernel-AARCH64/DEBUG_GCC49/AARCH64/MdeModulePkg/Universal/Disk/DiskIoDxe/DiskIoDxe/OUTPUT/DiskIoDxe.lib(AutoGen.obj)
 .debug_info    0x0000000000003c8f     0x2ea8 /home/zrz0517/study/TEE/RT-TEE/edk2/Build/ArmVirtQemuKernel-AARCH64/DEBUG_GCC49/AARCH64/MdeModulePkg/Universal/Disk/DiskIoDxe/DiskIoDxe/OUTPUT/DiskIoDxe.lib(DiskIo.obj)
 .debug_info    0x0000000000006b37     0x1e7f /home/zrz0517/study/TEE/RT-TEE/edk2/Build/ArmVirtQemuKernel-AARCH64/DEBUG_GCC49/AARCH64/MdeModulePkg/Universal/Disk/DiskIoDxe/DiskIoDxe/OUTPUT/DiskIoDxe.lib(ComponentName.obj)
 .debug_info    0x00000000000089b6      0x2b2 /home/zrz0517/study/TEE/RT-TEE/edk2/Build/ArmVirtQemuKernel-AARCH64/DEBUG_GCC49/AARCH64/MdePkg/Library/BaseLib/BaseLib/OUTPUT/BaseLib.lib(DivU64x32Remainder.obj)
 .debug_info    0x0000000000008c68      0x613 /home/zrz0517/study/TEE/RT-TEE/edk2/Build/ArmVirtQemuKernel-AARCH64/DEBUG_GCC49/AARCH64/MdePkg/Library/BaseLib/BaseLib/OUTPUT/BaseLib.lib(LinkedList.obj)
 .debug_info    0x000000000000927b      0x635 /home/zrz0517/study/TEE/RT-TEE/edk2/Build/ArmVirtQemuKernel-AARCH64/DEBUG_GCC49/AARCH64/MdePkg/Library/BaseLib/BaseLib/OUTPUT/BaseLib.lib(Math64.obj)
 .debug_info    0x00000000000098b0      0x26a /home/zrz0517/study/TEE/RT-TEE/edk2/Build/ArmVirtQemuKernel-AARCH64/DEBUG_GCC49/AARCH64/MdePkg/Library/BaseMemoryLibOptDxe/BaseMemoryLibOptDxe/OUTPUT/BaseMemoryLibOptDxe.lib(CopyMemWrapper.obj)
 .debug_info    0x0000000000009b1a     0x253b /home/zrz0517/study/TEE/RT-TEE/edk2/Build/ArmVirtQemuKernel-AARCH64/DEBUG_GCC49/AARCH64/ArmVirtPkg/Library/ArmVirtDxeHobLib/ArmVirtDxeHobLib/OUTPUT/ArmVirtDxeHobLib.lib(HobLib.obj)
 .debug_info    0x000000000000c055      0x5f8 /home/zrz0517/study/TEE/RT-TEE/edk2/Build/ArmVirtQemuKernel-AARCH64/DEBUG_GCC49/AARCH64/ArmVirtPkg/Library/FdtPL011SerialPortLib/FdtPL011SerialPortLib/OUTPUT/FdtPL011SerialPortLib.lib(FdtPL011SerialPortLib.obj)
 .debug_info    0x000000000000c64d      0x4aa /home/zrz0517/study/TEE/RT-TEE/edk2/Build/ArmVirtQemuKernel-AARCH64/DEBUG_GCC49/AARCH64/MdePkg/Library/BaseDebugLibSerialPort/BaseDebugLibSerialPort/OUTPUT/BaseDebugLibSerialPort.lib(DebugLib.obj)
 .debug_info    0x000000000000caf7     0x19d4 /home/zrz0517/study/TEE/RT-TEE/edk2/Build/ArmVirtQemuKernel-AARCH64/DEBUG_GCC49/AARCH64/MdePkg/Library/UefiBootServicesTableLib/UefiBootServicesTableLib/OUTPUT/UefiBootServicesTableLib.lib(UefiBootServicesTableLib.obj)
 .debug_info    0x000000000000e4cb     0x214e /home/zrz0517/study/TEE/RT-TEE/edk2/Build/ArmVirtQemuKernel-AARCH64/DEBUG_GCC49/AARCH64/MdePkg/Library/UefiMemoryAllocationLib/UefiMemoryAllocationLib/OUTPUT/UefiMemoryAllocationLib.lib(MemoryAllocationLib.obj)
 .debug_info    0x0000000000010619     0x1991 /home/zrz0517/study/TEE/RT-TEE/edk2/Build/ArmVirtQemuKernel-AARCH64/DEBUG_GCC49/AARCH64/MdePkg/Library/UefiRuntimeServicesTableLib/UefiRuntimeServicesTableLib/OUTPUT/UefiRuntimeServicesTableLib.lib(UefiRuntimeServicesTableLib.obj)
 .debug_info    0x0000000000011faa     0x2387 /home/zrz0517/study/TEE/RT-TEE/edk2/Build/ArmVirtQemuKernel-AARCH64/DEBUG_GCC49/AARCH64/MdePkg/Library/UefiDevicePathLibDevicePathProtocol/UefiDevicePathLibDevicePathProtocol/OUTPUT/UefiDevicePathLibDevicePathProtocol.lib(UefiDevicePathLib.obj)
 .debug_info    0x0000000000014331     0x2304 /home/zrz0517/study/TEE/RT-TEE/edk2/Build/ArmVirtQemuKernel-AARCH64/DEBUG_GCC49/AARCH64/MdePkg/Library/UefiLib/UefiLib/OUTPUT/UefiLib.lib(UefiDriverModel.obj)
 .debug_info    0x0000000000016635     0x2627 /home/zrz0517/study/TEE/RT-TEE/edk2/Build/ArmVirtQemuKernel-AARCH64/DEBUG_GCC49/AARCH64/MdePkg/Library/UefiLib/UefiLib/OUTPUT/UefiLib.lib(UefiLib.obj)
 .debug_info    0x0000000000018c5c      0x297 /home/zrz0517/study/TEE/RT-TEE/edk2/Build/ArmVirtQemuKernel-AARCH64/DEBUG_GCC49/AARCH64/MdePkg/Library/BaseLib/BaseLib/OUTPUT/BaseLib.lib(CpuDeadLoop.obj)
 .debug_info    0x0000000000018ef3      0xa10 /home/zrz0517/study/TEE/RT-TEE/edk2/Build/ArmVirtQemuKernel-AARCH64/DEBUG_GCC49/AARCH64/MdePkg/Library/BaseLib/BaseLib/OUTPUT/BaseLib.lib(String.obj)
 .debug_info    0x0000000000019903      0x4b5 /home/zrz0517/study/TEE/RT-TEE/edk2/Build/ArmVirtQemuKernel-AARCH64/DEBUG_GCC49/AARCH64/MdePkg/Library/BaseLib/BaseLib/OUTPUT/BaseLib.lib(Unaligned.obj)
 .debug_info    0x0000000000019db8     0x1310 /home/zrz0517/study/TEE/RT-TEE/edk2/Build/ArmVirtQemuKernel-AARCH64/DEBUG_GCC49/AARCH64/MdePkg/Library/BaseLib/BaseLib/OUTPUT/BaseLib.lib(SafeString.obj)
 .debug_info    0x000000000001b0c8      0x33e /home/zrz0517/study/TEE/RT-TEE/edk2/Build/ArmVirtQemuKernel-AARCH64/DEBUG_GCC49/AARCH64/MdePkg/Library/BaseMemoryLibOptDxe/BaseMemoryLibOptDxe/OUTPUT/BaseMemoryLibOptDxe.lib(MemLibGuid.obj)
 .debug_info    0x000000000001b406      0x250 /home/zrz0517/study/TEE/RT-TEE/edk2/Build/ArmVirtQemuKernel-AARCH64/DEBUG_GCC49/AARCH64/MdePkg/Library/BaseMemoryLibOptDxe/BaseMemoryLibOptDxe/OUTPUT/BaseMemoryLibOptDxe.lib(ZeroMemWrapper.obj)
 .debug_info    0x000000000001b656      0x689 /home/zrz0517/study/TEE/RT-TEE/edk2/Build/ArmVirtQemuKernel-AARCH64/DEBUG_GCC49/AARCH64/ArmPlatformPkg/Library/PL011UartLib/PL011UartLib/OUTPUT/PL011UartLib.lib(PL011UartLib.obj)
 .debug_info    0x000000000001bcdf      0x272 /home/zrz0517/study/TEE/RT-TEE/edk2/Build/ArmVirtQemuKernel-AARCH64/DEBUG_GCC49/AARCH64/MdePkg/Library/BaseDebugPrintErrorLevelLib/BaseDebugPrintErrorLevelLib/OUTPUT/BaseDebugPrintErrorLevelLib.lib(BaseDebugPrintErrorLevelLib.obj)
 .debug_info    0x000000000001bf51      0x94d /home/zrz0517/study/TEE/RT-TEE/edk2/Build/ArmVirtQemuKernel-AARCH64/DEBUG_GCC49/AARCH64/MdePkg/Library/BasePrintLib/BasePrintLib/OUTPUT/BasePrintLib.lib(PrintLib.obj)
 .debug_info    0x000000000001c89e      0x9c7 /home/zrz0517/study/TEE/RT-TEE/edk2/Build/ArmVirtQemuKernel-AARCH64/DEBUG_GCC49/AARCH64/MdePkg/Library/BasePrintLib/BasePrintLib/OUTPUT/BasePrintLib.lib(PrintLibInternal.obj)
 .debug_info    0x000000000001d265      0x7a8 /home/zrz0517/study/TEE/RT-TEE/edk2/Build/ArmVirtQemuKernel-AARCH64/DEBUG_GCC49/AARCH64/MdePkg/Library/BaseIoLibIntrinsic/BaseIoLibIntrinsicArmVirt/OUTPUT/BaseIoLibIntrinsicArmVirt.lib(IoLibArmVirt.obj)

.debug_abbrev   0x0000000000000000     0x2e7a
 .debug_abbrev  0x0000000000000000      0x203 /home/zrz0517/study/TEE/RT-TEE/edk2/Build/ArmVirtQemuKernel-AARCH64/DEBUG_GCC49/AARCH64/MdePkg/Library/UefiDriverEntryPoint/UefiDriverEntryPoint/OUTPUT/UefiDriverEntryPoint.lib(DriverEntryPoint.obj)
 .debug_abbrev  0x0000000000000203      0x29b /home/zrz0517/study/TEE/RT-TEE/edk2/Build/ArmVirtQemuKernel-AARCH64/DEBUG_GCC49/AARCH64/MdeModulePkg/Universal/Disk/DiskIoDxe/DiskIoDxe/OUTPUT/DiskIoDxe.lib(AutoGen.obj)
 .debug_abbrev  0x000000000000049e      0x2c1 /home/zrz0517/study/TEE/RT-TEE/edk2/Build/ArmVirtQemuKernel-AARCH64/DEBUG_GCC49/AARCH64/MdeModulePkg/Universal/Disk/DiskIoDxe/DiskIoDxe/OUTPUT/DiskIoDxe.lib(DiskIo.obj)
 .debug_abbrev  0x000000000000075f      0x214 /home/zrz0517/study/TEE/RT-TEE/edk2/Build/ArmVirtQemuKernel-AARCH64/DEBUG_GCC49/AARCH64/MdeModulePkg/Universal/Disk/DiskIoDxe/DiskIoDxe/OUTPUT/DiskIoDxe.lib(ComponentName.obj)
 .debug_abbrev  0x0000000000000973       0xd1 /home/zrz0517/study/TEE/RT-TEE/edk2/Build/ArmVirtQemuKernel-AARCH64/DEBUG_GCC49/AARCH64/MdePkg/Library/BaseLib/BaseLib/OUTPUT/BaseLib.lib(DivU64x32Remainder.obj)
 .debug_abbrev  0x0000000000000a44      0x160 /home/zrz0517/study/TEE/RT-TEE/edk2/Build/ArmVirtQemuKernel-AARCH64/DEBUG_GCC49/AARCH64/MdePkg/Library/BaseLib/BaseLib/OUTPUT/BaseLib.lib(LinkedList.obj)
 .debug_abbrev  0x0000000000000ba4      0x14b /home/zrz0517/study/TEE/RT-TEE/edk2/Build/ArmVirtQemuKernel-AARCH64/DEBUG_GCC49/AARCH64/MdePkg/Library/BaseLib/BaseLib/OUTPUT/BaseLib.lib(Math64.obj)
 .debug_abbrev  0x0000000000000cef       0xd6 /home/zrz0517/study/TEE/RT-TEE/edk2/Build/ArmVirtQemuKernel-AARCH64/DEBUG_GCC49/AARCH64/MdePkg/Library/BaseMemoryLibOptDxe/BaseMemoryLibOptDxe/OUTPUT/BaseMemoryLibOptDxe.lib(CopyMemWrapper.obj)
 .debug_abbrev  0x0000000000000dc5      0x2a8 /home/zrz0517/study/TEE/RT-TEE/edk2/Build/ArmVirtQemuKernel-AARCH64/DEBUG_GCC49/AARCH64/ArmVirtPkg/Library/ArmVirtDxeHobLib/ArmVirtDxeHobLib/OUTPUT/ArmVirtDxeHobLib.lib(HobLib.obj)
 .debug_abbrev  0x000000000000106d      0x1c1 /home/zrz0517/study/TEE/RT-TEE/edk2/Build/ArmVirtQemuKernel-AARCH64/DEBUG_GCC49/AARCH64/ArmVirtPkg/Library/FdtPL011SerialPortLib/FdtPL011SerialPortLib/OUTPUT/FdtPL011SerialPortLib.lib(FdtPL011SerialPortLib.obj)
 .debug_abbrev  0x000000000000122e      0x1bc /home/zrz0517/study/TEE/RT-TEE/edk2/Build/ArmVirtQemuKernel-AARCH64/DEBUG_GCC49/AARCH64/MdePkg/Library/BaseDebugLibSerialPort/BaseDebugLibSerialPort/OUTPUT/BaseDebugLibSerialPort.lib(DebugLib.obj)
 .debug_abbrev  0x00000000000013ea      0x1f0 /home/zrz0517/study/TEE/RT-TEE/edk2/Build/ArmVirtQemuKernel-AARCH64/DEBUG_GCC49/AARCH64/MdePkg/Library/UefiBootServicesTableLib/UefiBootServicesTableLib/OUTPUT/UefiBootServicesTableLib.lib(UefiBootServicesTableLib.obj)
 .debug_abbrev  0x00000000000015da      0x27b /home/zrz0517/study/TEE/RT-TEE/edk2/Build/ArmVirtQemuKernel-AARCH64/DEBUG_GCC49/AARCH64/MdePkg/Library/UefiMemoryAllocationLib/UefiMemoryAllocationLib/OUTPUT/UefiMemoryAllocationLib.lib(MemoryAllocationLib.obj)
 .debug_abbrev  0x0000000000001855      0x1d4 /home/zrz0517/study/TEE/RT-TEE/edk2/Build/ArmVirtQemuKernel-AARCH64/DEBUG_GCC49/AARCH64/MdePkg/Library/UefiRuntimeServicesTableLib/UefiRuntimeServicesTableLib/OUTPUT/UefiRuntimeServicesTableLib.lib(UefiRuntimeServicesTableLib.obj)
 .debug_abbrev  0x0000000000001a29      0x272 /home/zrz0517/study/TEE/RT-TEE/edk2/Build/ArmVirtQemuKernel-AARCH64/DEBUG_GCC49/AARCH64/MdePkg/Library/UefiDevicePathLibDevicePathProtocol/UefiDevicePathLibDevicePathProtocol/OUTPUT/UefiDevicePathLibDevicePathProtocol.lib(UefiDevicePathLib.obj)
 .debug_abbrev  0x0000000000001c9b      0x243 /home/zrz0517/study/TEE/RT-TEE/edk2/Build/ArmVirtQemuKernel-AARCH64/DEBUG_GCC49/AARCH64/MdePkg/Library/UefiLib/UefiLib/OUTPUT/UefiLib.lib(UefiDriverModel.obj)
 .debug_abbrev  0x0000000000001ede      0x2a8 /home/zrz0517/study/TEE/RT-TEE/edk2/Build/ArmVirtQemuKernel-AARCH64/DEBUG_GCC49/AARCH64/MdePkg/Library/UefiLib/UefiLib/OUTPUT/UefiLib.lib(UefiLib.obj)
 .debug_abbrev  0x0000000000002186       0xd4 /home/zrz0517/study/TEE/RT-TEE/edk2/Build/ArmVirtQemuKernel-AARCH64/DEBUG_GCC49/AARCH64/MdePkg/Library/BaseLib/BaseLib/OUTPUT/BaseLib.lib(CpuDeadLoop.obj)
 .debug_abbrev  0x000000000000225a      0x16d /home/zrz0517/study/TEE/RT-TEE/edk2/Build/ArmVirtQemuKernel-AARCH64/DEBUG_GCC49/AARCH64/MdePkg/Library/BaseLib/BaseLib/OUTPUT/BaseLib.lib(String.obj)
 .debug_abbrev  0x00000000000023c7       0xe9 /home/zrz0517/study/TEE/RT-TEE/edk2/Build/ArmVirtQemuKernel-AARCH64/DEBUG_GCC49/AARCH64/MdePkg/Library/BaseLib/BaseLib/OUTPUT/BaseLib.lib(Unaligned.obj)
 .debug_abbrev  0x00000000000024b0      0x174 /home/zrz0517/study/TEE/RT-TEE/edk2/Build/ArmVirtQemuKernel-AARCH64/DEBUG_GCC49/AARCH64/MdePkg/Library/BaseLib/BaseLib/OUTPUT/BaseLib.lib(SafeString.obj)
 .debug_abbrev  0x0000000000002624       0xee /home/zrz0517/study/TEE/RT-TEE/edk2/Build/ArmVirtQemuKernel-AARCH64/DEBUG_GCC49/AARCH64/MdePkg/Library/BaseMemoryLibOptDxe/BaseMemoryLibOptDxe/OUTPUT/BaseMemoryLibOptDxe.lib(MemLibGuid.obj)
 .debug_abbrev  0x0000000000002712       0xcf /home/zrz0517/study/TEE/RT-TEE/edk2/Build/ArmVirtQemuKernel-AARCH64/DEBUG_GCC49/AARCH64/MdePkg/Library/BaseMemoryLibOptDxe/BaseMemoryLibOptDxe/OUTPUT/BaseMemoryLibOptDxe.lib(ZeroMemWrapper.obj)
 .debug_abbrev  0x00000000000027e1      0x151 /home/zrz0517/study/TEE/RT-TEE/edk2/Build/ArmVirtQemuKernel-AARCH64/DEBUG_GCC49/AARCH64/ArmPlatformPkg/Library/PL011UartLib/PL011UartLib/OUTPUT/PL011UartLib.lib(PL011UartLib.obj)
 .debug_abbrev  0x0000000000002932       0xed /home/zrz0517/study/TEE/RT-TEE/edk2/Build/ArmVirtQemuKernel-AARCH64/DEBUG_GCC49/AARCH64/MdePkg/Library/BaseDebugPrintErrorLevelLib/BaseDebugPrintErrorLevelLib/OUTPUT/BaseDebugPrintErrorLevelLib.lib(BaseDebugPrintErrorLevelLib.obj)
 .debug_abbrev  0x0000000000002a1f      0x179 /home/zrz0517/study/TEE/RT-TEE/edk2/Build/ArmVirtQemuKernel-AARCH64/DEBUG_GCC49/AARCH64/MdePkg/Library/BasePrintLib/BasePrintLib/OUTPUT/BasePrintLib.lib(PrintLib.obj)
 .debug_abbrev  0x0000000000002b98      0x1aa /home/zrz0517/study/TEE/RT-TEE/edk2/Build/ArmVirtQemuKernel-AARCH64/DEBUG_GCC49/AARCH64/MdePkg/Library/BasePrintLib/BasePrintLib/OUTPUT/BasePrintLib.lib(PrintLibInternal.obj)
 .debug_abbrev  0x0000000000002d42      0x138 /home/zrz0517/study/TEE/RT-TEE/edk2/Build/ArmVirtQemuKernel-AARCH64/DEBUG_GCC49/AARCH64/MdePkg/Library/BaseIoLibIntrinsic/BaseIoLibIntrinsicArmVirt/OUTPUT/BaseIoLibIntrinsicArmVirt.lib(IoLibArmVirt.obj)

.debug_aranges  0x0000000000000000     0x1680
 .debug_aranges
                0x0000000000000000       0x50 /home/zrz0517/study/TEE/RT-TEE/edk2/Build/ArmVirtQemuKernel-AARCH64/DEBUG_GCC49/AARCH64/MdePkg/Library/UefiDriverEntryPoint/UefiDriverEntryPoint/OUTPUT/UefiDriverEntryPoint.lib(DriverEntryPoint.obj)
 .debug_aranges
                0x0000000000000050       0x70 /home/zrz0517/study/TEE/RT-TEE/edk2/Build/ArmVirtQemuKernel-AARCH64/DEBUG_GCC49/AARCH64/MdeModulePkg/Universal/Disk/DiskIoDxe/DiskIoDxe/OUTPUT/DiskIoDxe.lib(AutoGen.obj)
 .debug_aranges
                0x00000000000000c0      0x130 /home/zrz0517/study/TEE/RT-TEE/edk2/Build/ArmVirtQemuKernel-AARCH64/DEBUG_GCC49/AARCH64/MdeModulePkg/Universal/Disk/DiskIoDxe/DiskIoDxe/OUTPUT/DiskIoDxe.lib(DiskIo.obj)
 .debug_aranges
                0x00000000000001f0       0x40 /home/zrz0517/study/TEE/RT-TEE/edk2/Build/ArmVirtQemuKernel-AARCH64/DEBUG_GCC49/AARCH64/MdeModulePkg/Universal/Disk/DiskIoDxe/DiskIoDxe/OUTPUT/DiskIoDxe.lib(ComponentName.obj)
 .debug_aranges
                0x0000000000000230       0x30 /home/zrz0517/study/TEE/RT-TEE/edk2/Build/ArmVirtQemuKernel-AARCH64/DEBUG_GCC49/AARCH64/MdePkg/Library/BaseLib/BaseLib/OUTPUT/BaseLib.lib(DivU64x32Remainder.obj)
 .debug_aranges
                0x0000000000000260       0xf0 /home/zrz0517/study/TEE/RT-TEE/edk2/Build/ArmVirtQemuKernel-AARCH64/DEBUG_GCC49/AARCH64/MdePkg/Library/BaseLib/BaseLib/OUTPUT/BaseLib.lib(LinkedList.obj)
 .debug_aranges
                0x0000000000000350       0xf0 /home/zrz0517/study/TEE/RT-TEE/edk2/Build/ArmVirtQemuKernel-AARCH64/DEBUG_GCC49/AARCH64/MdePkg/Library/BaseLib/BaseLib/OUTPUT/BaseLib.lib(Math64.obj)
 .debug_aranges
                0x0000000000000440       0x30 /home/zrz0517/study/TEE/RT-TEE/edk2/Build/ArmVirtQemuKernel-AARCH64/DEBUG_GCC49/AARCH64/MdePkg/Library/BaseMemoryLibOptDxe/BaseMemoryLibOptDxe/OUTPUT/BaseMemoryLibOptDxe.lib(CopyMemWrapper.obj)
 .debug_aranges
                0x0000000000000470      0x150 /home/zrz0517/study/TEE/RT-TEE/edk2/Build/ArmVirtQemuKernel-AARCH64/DEBUG_GCC49/AARCH64/ArmVirtPkg/Library/ArmVirtDxeHobLib/ArmVirtDxeHobLib/OUTPUT/ArmVirtDxeHobLib.lib(HobLib.obj)
 .debug_aranges
                0x00000000000005c0       0xa0 /home/zrz0517/study/TEE/RT-TEE/edk2/Build/ArmVirtQemuKernel-AARCH64/DEBUG_GCC49/AARCH64/ArmVirtPkg/Library/FdtPL011SerialPortLib/FdtPL011SerialPortLib/OUTPUT/FdtPL011SerialPortLib.lib(FdtPL011SerialPortLib.obj)
 .debug_aranges
                0x0000000000000660       0xb0 /home/zrz0517/study/TEE/RT-TEE/edk2/Build/ArmVirtQemuKernel-AARCH64/DEBUG_GCC49/AARCH64/MdePkg/Library/BaseDebugLibSerialPort/BaseDebugLibSerialPort/OUTPUT/BaseDebugLibSerialPort.lib(DebugLib.obj)
 .debug_aranges
                0x0000000000000710       0x30 /home/zrz0517/study/TEE/RT-TEE/edk2/Build/ArmVirtQemuKernel-AARCH64/DEBUG_GCC49/AARCH64/MdePkg/Library/UefiBootServicesTableLib/UefiBootServicesTableLib/OUTPUT/UefiBootServicesTableLib.lib(UefiBootServicesTableLib.obj)
 .debug_aranges
                0x0000000000000740      0x1d0 /home/zrz0517/study/TEE/RT-TEE/edk2/Build/ArmVirtQemuKernel-AARCH64/DEBUG_GCC49/AARCH64/MdePkg/Library/UefiMemoryAllocationLib/UefiMemoryAllocationLib/OUTPUT/UefiMemoryAllocationLib.lib(MemoryAllocationLib.obj)
 .debug_aranges
                0x0000000000000910       0x30 /home/zrz0517/study/TEE/RT-TEE/edk2/Build/ArmVirtQemuKernel-AARCH64/DEBUG_GCC49/AARCH64/MdePkg/Library/UefiRuntimeServicesTableLib/UefiRuntimeServicesTableLib/OUTPUT/UefiRuntimeServicesTableLib.lib(UefiRuntimeServicesTableLib.obj)
 .debug_aranges
                0x0000000000000940      0x1c0 /home/zrz0517/study/TEE/RT-TEE/edk2/Build/ArmVirtQemuKernel-AARCH64/DEBUG_GCC49/AARCH64/MdePkg/Library/UefiDevicePathLibDevicePathProtocol/UefiDevicePathLibDevicePathProtocol/OUTPUT/UefiDevicePathLibDevicePathProtocol.lib(UefiDevicePathLib.obj)
 .debug_aranges
                0x0000000000000b00       0x60 /home/zrz0517/study/TEE/RT-TEE/edk2/Build/ArmVirtQemuKernel-AARCH64/DEBUG_GCC49/AARCH64/MdePkg/Library/UefiLib/UefiLib/OUTPUT/UefiLib.lib(UefiDriverModel.obj)
 .debug_aranges
                0x0000000000000b60      0x1a0 /home/zrz0517/study/TEE/RT-TEE/edk2/Build/ArmVirtQemuKernel-AARCH64/DEBUG_GCC49/AARCH64/MdePkg/Library/UefiLib/UefiLib/OUTPUT/UefiLib.lib(UefiLib.obj)
 .debug_aranges
                0x0000000000000d00       0x30 /home/zrz0517/study/TEE/RT-TEE/edk2/Build/ArmVirtQemuKernel-AARCH64/DEBUG_GCC49/AARCH64/MdePkg/Library/BaseLib/BaseLib/OUTPUT/BaseLib.lib(CpuDeadLoop.obj)
 .debug_aranges
                0x0000000000000d30      0x1f0 /home/zrz0517/study/TEE/RT-TEE/edk2/Build/ArmVirtQemuKernel-AARCH64/DEBUG_GCC49/AARCH64/MdePkg/Library/BaseLib/BaseLib/OUTPUT/BaseLib.lib(String.obj)
 .debug_aranges
                0x0000000000000f20       0xa0 /home/zrz0517/study/TEE/RT-TEE/edk2/Build/ArmVirtQemuKernel-AARCH64/DEBUG_GCC49/AARCH64/MdePkg/Library/BaseLib/BaseLib/OUTPUT/BaseLib.lib(Unaligned.obj)
 .debug_aranges
                0x0000000000000fc0      0x250 /home/zrz0517/study/TEE/RT-TEE/edk2/Build/ArmVirtQemuKernel-AARCH64/DEBUG_GCC49/AARCH64/MdePkg/Library/BaseLib/BaseLib/OUTPUT/BaseLib.lib(SafeString.obj)
 .debug_aranges
                0x0000000000001210       0x60 /home/zrz0517/study/TEE/RT-TEE/edk2/Build/ArmVirtQemuKernel-AARCH64/DEBUG_GCC49/AARCH64/MdePkg/Library/BaseMemoryLibOptDxe/BaseMemoryLibOptDxe/OUTPUT/BaseMemoryLibOptDxe.lib(MemLibGuid.obj)
 .debug_aranges
                0x0000000000001270       0x30 /home/zrz0517/study/TEE/RT-TEE/edk2/Build/ArmVirtQemuKernel-AARCH64/DEBUG_GCC49/AARCH64/MdePkg/Library/BaseMemoryLibOptDxe/BaseMemoryLibOptDxe/OUTPUT/BaseMemoryLibOptDxe.lib(ZeroMemWrapper.obj)
 .debug_aranges
                0x00000000000012a0       0x80 /home/zrz0517/study/TEE/RT-TEE/edk2/Build/ArmVirtQemuKernel-AARCH64/DEBUG_GCC49/AARCH64/ArmPlatformPkg/Library/PL011UartLib/PL011UartLib/OUTPUT/PL011UartLib.lib(PL011UartLib.obj)
 .debug_aranges
                0x0000000000001320       0x40 /home/zrz0517/study/TEE/RT-TEE/edk2/Build/ArmVirtQemuKernel-AARCH64/DEBUG_GCC49/AARCH64/MdePkg/Library/BaseDebugPrintErrorLevelLib/BaseDebugPrintErrorLevelLib/OUTPUT/BaseDebugPrintErrorLevelLib.lib(BaseDebugPrintErrorLevelLib.obj)
 .debug_aranges
                0x0000000000001360      0x120 /home/zrz0517/study/TEE/RT-TEE/edk2/Build/ArmVirtQemuKernel-AARCH64/DEBUG_GCC49/AARCH64/MdePkg/Library/BasePrintLib/BasePrintLib/OUTPUT/BasePrintLib.lib(PrintLib.obj)
 .debug_aranges
                0x0000000000001480       0x80 /home/zrz0517/study/TEE/RT-TEE/edk2/Build/ArmVirtQemuKernel-AARCH64/DEBUG_GCC49/AARCH64/MdePkg/Library/BasePrintLib/BasePrintLib/OUTPUT/BasePrintLib.lib(PrintLibInternal.obj)
 .debug_aranges
                0x0000000000001500      0x180 /home/zrz0517/study/TEE/RT-TEE/edk2/Build/ArmVirtQemuKernel-AARCH64/DEBUG_GCC49/AARCH64/MdePkg/Library/BaseIoLibIntrinsic/BaseIoLibIntrinsicArmVirt/OUTPUT/BaseIoLibIntrinsicArmVirt.lib(IoLibArmVirt.obj)

.debug_ranges   0x0000000000000000     0x14c0
 .debug_ranges  0x0000000000000000       0x40 /home/zrz0517/study/TEE/RT-TEE/edk2/Build/ArmVirtQemuKernel-AARCH64/DEBUG_GCC49/AARCH64/MdePkg/Library/UefiDriverEntryPoint/UefiDriverEntryPoint/OUTPUT/UefiDriverEntryPoint.lib(DriverEntryPoint.obj)
 .debug_ranges  0x0000000000000040       0x60 /home/zrz0517/study/TEE/RT-TEE/edk2/Build/ArmVirtQemuKernel-AARCH64/DEBUG_GCC49/AARCH64/MdeModulePkg/Universal/Disk/DiskIoDxe/DiskIoDxe/OUTPUT/DiskIoDxe.lib(AutoGen.obj)
 .debug_ranges  0x00000000000000a0      0x120 /home/zrz0517/study/TEE/RT-TEE/edk2/Build/ArmVirtQemuKernel-AARCH64/DEBUG_GCC49/AARCH64/MdeModulePkg/Universal/Disk/DiskIoDxe/DiskIoDxe/OUTPUT/DiskIoDxe.lib(DiskIo.obj)
 .debug_ranges  0x00000000000001c0       0x30 /home/zrz0517/study/TEE/RT-TEE/edk2/Build/ArmVirtQemuKernel-AARCH64/DEBUG_GCC49/AARCH64/MdeModulePkg/Universal/Disk/DiskIoDxe/DiskIoDxe/OUTPUT/DiskIoDxe.lib(ComponentName.obj)
 .debug_ranges  0x00000000000001f0       0x20 /home/zrz0517/study/TEE/RT-TEE/edk2/Build/ArmVirtQemuKernel-AARCH64/DEBUG_GCC49/AARCH64/MdePkg/Library/BaseLib/BaseLib/OUTPUT/BaseLib.lib(DivU64x32Remainder.obj)
 .debug_ranges  0x0000000000000210       0xe0 /home/zrz0517/study/TEE/RT-TEE/edk2/Build/ArmVirtQemuKernel-AARCH64/DEBUG_GCC49/AARCH64/MdePkg/Library/BaseLib/BaseLib/OUTPUT/BaseLib.lib(LinkedList.obj)
 .debug_ranges  0x00000000000002f0       0xe0 /home/zrz0517/study/TEE/RT-TEE/edk2/Build/ArmVirtQemuKernel-AARCH64/DEBUG_GCC49/AARCH64/MdePkg/Library/BaseLib/BaseLib/OUTPUT/BaseLib.lib(Math64.obj)
 .debug_ranges  0x00000000000003d0       0x20 /home/zrz0517/study/TEE/RT-TEE/edk2/Build/ArmVirtQemuKernel-AARCH64/DEBUG_GCC49/AARCH64/MdePkg/Library/BaseMemoryLibOptDxe/BaseMemoryLibOptDxe/OUTPUT/BaseMemoryLibOptDxe.lib(CopyMemWrapper.obj)
 .debug_ranges  0x00000000000003f0      0x140 /home/zrz0517/study/TEE/RT-TEE/edk2/Build/ArmVirtQemuKernel-AARCH64/DEBUG_GCC49/AARCH64/ArmVirtPkg/Library/ArmVirtDxeHobLib/ArmVirtDxeHobLib/OUTPUT/ArmVirtDxeHobLib.lib(HobLib.obj)
 .debug_ranges  0x0000000000000530       0x90 /home/zrz0517/study/TEE/RT-TEE/edk2/Build/ArmVirtQemuKernel-AARCH64/DEBUG_GCC49/AARCH64/ArmVirtPkg/Library/FdtPL011SerialPortLib/FdtPL011SerialPortLib/OUTPUT/FdtPL011SerialPortLib.lib(FdtPL011SerialPortLib.obj)
 .debug_ranges  0x00000000000005c0       0xa0 /home/zrz0517/study/TEE/RT-TEE/edk2/Build/ArmVirtQemuKernel-AARCH64/DEBUG_GCC49/AARCH64/MdePkg/Library/BaseDebugLibSerialPort/BaseDebugLibSerialPort/OUTPUT/BaseDebugLibSerialPort.lib(DebugLib.obj)
 .debug_ranges  0x0000000000000660       0x20 /home/zrz0517/study/TEE/RT-TEE/edk2/Build/ArmVirtQemuKernel-AARCH64/DEBUG_GCC49/AARCH64/MdePkg/Library/UefiBootServicesTableLib/UefiBootServicesTableLib/OUTPUT/UefiBootServicesTableLib.lib(UefiBootServicesTableLib.obj)
 .debug_ranges  0x0000000000000680      0x1c0 /home/zrz0517/study/TEE/RT-TEE/edk2/Build/ArmVirtQemuKernel-AARCH64/DEBUG_GCC49/AARCH64/MdePkg/Library/UefiMemoryAllocationLib/UefiMemoryAllocationLib/OUTPUT/UefiMemoryAllocationLib.lib(MemoryAllocationLib.obj)
 .debug_ranges  0x0000000000000840       0x20 /home/zrz0517/study/TEE/RT-TEE/edk2/Build/ArmVirtQemuKernel-AARCH64/DEBUG_GCC49/AARCH64/MdePkg/Library/UefiRuntimeServicesTableLib/UefiRuntimeServicesTableLib/OUTPUT/UefiRuntimeServicesTableLib.lib(UefiRuntimeServicesTableLib.obj)
 .debug_ranges  0x0000000000000860      0x1b0 /home/zrz0517/study/TEE/RT-TEE/edk2/Build/ArmVirtQemuKernel-AARCH64/DEBUG_GCC49/AARCH64/MdePkg/Library/UefiDevicePathLibDevicePathProtocol/UefiDevicePathLibDevicePathProtocol/OUTPUT/UefiDevicePathLibDevicePathProtocol.lib(UefiDevicePathLib.obj)
 .debug_ranges  0x0000000000000a10       0x50 /home/zrz0517/study/TEE/RT-TEE/edk2/Build/ArmVirtQemuKernel-AARCH64/DEBUG_GCC49/AARCH64/MdePkg/Library/UefiLib/UefiLib/OUTPUT/UefiLib.lib(UefiDriverModel.obj)
 .debug_ranges  0x0000000000000a60      0x190 /home/zrz0517/study/TEE/RT-TEE/edk2/Build/ArmVirtQemuKernel-AARCH64/DEBUG_GCC49/AARCH64/MdePkg/Library/UefiLib/UefiLib/OUTPUT/UefiLib.lib(UefiLib.obj)
 .debug_ranges  0x0000000000000bf0       0x20 /home/zrz0517/study/TEE/RT-TEE/edk2/Build/ArmVirtQemuKernel-AARCH64/DEBUG_GCC49/AARCH64/MdePkg/Library/BaseLib/BaseLib/OUTPUT/BaseLib.lib(CpuDeadLoop.obj)
 .debug_ranges  0x0000000000000c10      0x1e0 /home/zrz0517/study/TEE/RT-TEE/edk2/Build/ArmVirtQemuKernel-AARCH64/DEBUG_GCC49/AARCH64/MdePkg/Library/BaseLib/BaseLib/OUTPUT/BaseLib.lib(String.obj)
 .debug_ranges  0x0000000000000df0       0x90 /home/zrz0517/study/TEE/RT-TEE/edk2/Build/ArmVirtQemuKernel-AARCH64/DEBUG_GCC49/AARCH64/MdePkg/Library/BaseLib/BaseLib/OUTPUT/BaseLib.lib(Unaligned.obj)
 .debug_ranges  0x0000000000000e80      0x240 /home/zrz0517/study/TEE/RT-TEE/edk2/Build/ArmVirtQemuKernel-AARCH64/DEBUG_GCC49/AARCH64/MdePkg/Library/BaseLib/BaseLib/OUTPUT/BaseLib.lib(SafeString.obj)
 .debug_ranges  0x00000000000010c0       0x50 /home/zrz0517/study/TEE/RT-TEE/edk2/Build/ArmVirtQemuKernel-AARCH64/DEBUG_GCC49/AARCH64/MdePkg/Library/BaseMemoryLibOptDxe/BaseMemoryLibOptDxe/OUTPUT/BaseMemoryLibOptDxe.lib(MemLibGuid.obj)
 .debug_ranges  0x0000000000001110       0x20 /home/zrz0517/study/TEE/RT-TEE/edk2/Build/ArmVirtQemuKernel-AARCH64/DEBUG_GCC49/AARCH64/MdePkg/Library/BaseMemoryLibOptDxe/BaseMemoryLibOptDxe/OUTPUT/BaseMemoryLibOptDxe.lib(ZeroMemWrapper.obj)
 .debug_ranges  0x0000000000001130       0x70 /home/zrz0517/study/TEE/RT-TEE/edk2/Build/ArmVirtQemuKernel-AARCH64/DEBUG_GCC49/AARCH64/ArmPlatformPkg/Library/PL011UartLib/PL011UartLib/OUTPUT/PL011UartLib.lib(PL011UartLib.obj)
 .debug_ranges  0x00000000000011a0       0x30 /home/zrz0517/study/TEE/RT-TEE/edk2/Build/ArmVirtQemuKernel-AARCH64/DEBUG_GCC49/AARCH64/MdePkg/Library/BaseDebugPrintErrorLevelLib/BaseDebugPrintErrorLevelLib/OUTPUT/BaseDebugPrintErrorLevelLib.lib(BaseDebugPrintErrorLevelLib.obj)
 .debug_ranges  0x00000000000011d0      0x110 /home/zrz0517/study/TEE/RT-TEE/edk2/Build/ArmVirtQemuKernel-AARCH64/DEBUG_GCC49/AARCH64/MdePkg/Library/BasePrintLib/BasePrintLib/OUTPUT/BasePrintLib.lib(PrintLib.obj)
 .debug_ranges  0x00000000000012e0       0x70 /home/zrz0517/study/TEE/RT-TEE/edk2/Build/ArmVirtQemuKernel-AARCH64/DEBUG_GCC49/AARCH64/MdePkg/Library/BasePrintLib/BasePrintLib/OUTPUT/BasePrintLib.lib(PrintLibInternal.obj)
 .debug_ranges  0x0000000000001350      0x170 /home/zrz0517/study/TEE/RT-TEE/edk2/Build/ArmVirtQemuKernel-AARCH64/DEBUG_GCC49/AARCH64/MdePkg/Library/BaseIoLibIntrinsic/BaseIoLibIntrinsicArmVirt/OUTPUT/BaseIoLibIntrinsicArmVirt.lib(IoLibArmVirt.obj)

.debug_line     0x0000000000000000     0xbd85
 .debug_line    0x0000000000000000      0x445 /home/zrz0517/study/TEE/RT-TEE/edk2/Build/ArmVirtQemuKernel-AARCH64/DEBUG_GCC49/AARCH64/MdePkg/Library/UefiDriverEntryPoint/UefiDriverEntryPoint/OUTPUT/UefiDriverEntryPoint.lib(DriverEntryPoint.obj)
 .debug_line    0x0000000000000445      0x49d /home/zrz0517/study/TEE/RT-TEE/edk2/Build/ArmVirtQemuKernel-AARCH64/DEBUG_GCC49/AARCH64/MdeModulePkg/Universal/Disk/DiskIoDxe/DiskIoDxe/OUTPUT/DiskIoDxe.lib(AutoGen.obj)
 .debug_line    0x00000000000008e2     0x10ba /home/zrz0517/study/TEE/RT-TEE/edk2/Build/ArmVirtQemuKernel-AARCH64/DEBUG_GCC49/AARCH64/MdeModulePkg/Universal/Disk/DiskIoDxe/DiskIoDxe/OUTPUT/DiskIoDxe.lib(DiskIo.obj)
 .debug_line    0x000000000000199c      0x404 /home/zrz0517/study/TEE/RT-TEE/edk2/Build/ArmVirtQemuKernel-AARCH64/DEBUG_GCC49/AARCH64/MdeModulePkg/Universal/Disk/DiskIoDxe/DiskIoDxe/OUTPUT/DiskIoDxe.lib(ComponentName.obj)
 .debug_line    0x0000000000001da0      0x1af /home/zrz0517/study/TEE/RT-TEE/edk2/Build/ArmVirtQemuKernel-AARCH64/DEBUG_GCC49/AARCH64/MdePkg/Library/BaseLib/BaseLib/OUTPUT/BaseLib.lib(DivU64x32Remainder.obj)
 .debug_line    0x0000000000001f4f      0x533 /home/zrz0517/study/TEE/RT-TEE/edk2/Build/ArmVirtQemuKernel-AARCH64/DEBUG_GCC49/AARCH64/MdePkg/Library/BaseLib/BaseLib/OUTPUT/BaseLib.lib(LinkedList.obj)
 .debug_line    0x0000000000002482      0x340 /home/zrz0517/study/TEE/RT-TEE/edk2/Build/ArmVirtQemuKernel-AARCH64/DEBUG_GCC49/AARCH64/MdePkg/Library/BaseLib/BaseLib/OUTPUT/BaseLib.lib(Math64.obj)
 .debug_line    0x00000000000027c2      0x1e8 /home/zrz0517/study/TEE/RT-TEE/edk2/Build/ArmVirtQemuKernel-AARCH64/DEBUG_GCC49/AARCH64/MdePkg/Library/BaseMemoryLibOptDxe/BaseMemoryLibOptDxe/OUTPUT/BaseMemoryLibOptDxe.lib(CopyMemWrapper.obj)
 .debug_line    0x00000000000029aa      0x6ca /home/zrz0517/study/TEE/RT-TEE/edk2/Build/ArmVirtQemuKernel-AARCH64/DEBUG_GCC49/AARCH64/ArmVirtPkg/Library/ArmVirtDxeHobLib/ArmVirtDxeHobLib/OUTPUT/ArmVirtDxeHobLib.lib(HobLib.obj)
 .debug_line    0x0000000000003074      0x447 /home/zrz0517/study/TEE/RT-TEE/edk2/Build/ArmVirtQemuKernel-AARCH64/DEBUG_GCC49/AARCH64/ArmVirtPkg/Library/FdtPL011SerialPortLib/FdtPL011SerialPortLib/OUTPUT/FdtPL011SerialPortLib.lib(FdtPL011SerialPortLib.obj)
 .debug_line    0x00000000000034bb      0x39a /home/zrz0517/study/TEE/RT-TEE/edk2/Build/ArmVirtQemuKernel-AARCH64/DEBUG_GCC49/AARCH64/MdePkg/Library/BaseDebugLibSerialPort/BaseDebugLibSerialPort/OUTPUT/BaseDebugLibSerialPort.lib(DebugLib.obj)
 .debug_line    0x0000000000003855      0x3ce /home/zrz0517/study/TEE/RT-TEE/edk2/Build/ArmVirtQemuKernel-AARCH64/DEBUG_GCC49/AARCH64/MdePkg/Library/UefiBootServicesTableLib/UefiBootServicesTableLib/OUTPUT/UefiBootServicesTableLib.lib(UefiBootServicesTableLib.obj)
 .debug_line    0x0000000000003c23      0x840 /home/zrz0517/study/TEE/RT-TEE/edk2/Build/ArmVirtQemuKernel-AARCH64/DEBUG_GCC49/AARCH64/MdePkg/Library/UefiMemoryAllocationLib/UefiMemoryAllocationLib/OUTPUT/UefiMemoryAllocationLib.lib(MemoryAllocationLib.obj)
 .debug_line    0x0000000000004463      0x35d /home/zrz0517/study/TEE/RT-TEE/edk2/Build/ArmVirtQemuKernel-AARCH64/DEBUG_GCC49/AARCH64/MdePkg/Library/UefiRuntimeServicesTableLib/UefiRuntimeServicesTableLib/OUTPUT/UefiRuntimeServicesTableLib.lib(UefiRuntimeServicesTableLib.obj)
 .debug_line    0x00000000000047c0      0x91a /home/zrz0517/study/TEE/RT-TEE/edk2/Build/ArmVirtQemuKernel-AARCH64/DEBUG_GCC49/AARCH64/MdePkg/Library/UefiDevicePathLibDevicePathProtocol/UefiDevicePathLibDevicePathProtocol/OUTPUT/UefiDevicePathLibDevicePathProtocol.lib(UefiDevicePathLib.obj)
 .debug_line    0x00000000000050da      0xbee /home/zrz0517/study/TEE/RT-TEE/edk2/Build/ArmVirtQemuKernel-AARCH64/DEBUG_GCC49/AARCH64/MdePkg/Library/UefiLib/UefiLib/OUTPUT/UefiLib.lib(UefiDriverModel.obj)
 .debug_line    0x0000000000005cc8      0xfd8 /home/zrz0517/study/TEE/RT-TEE/edk2/Build/ArmVirtQemuKernel-AARCH64/DEBUG_GCC49/AARCH64/MdePkg/Library/UefiLib/UefiLib/OUTPUT/UefiLib.lib(UefiLib.obj)
 .debug_line    0x0000000000006ca0      0x1aa /home/zrz0517/study/TEE/RT-TEE/edk2/Build/ArmVirtQemuKernel-AARCH64/DEBUG_GCC49/AARCH64/MdePkg/Library/BaseLib/BaseLib/OUTPUT/BaseLib.lib(CpuDeadLoop.obj)
 .debug_line    0x0000000000006e4a      0x8d0 /home/zrz0517/study/TEE/RT-TEE/edk2/Build/ArmVirtQemuKernel-AARCH64/DEBUG_GCC49/AARCH64/MdePkg/Library/BaseLib/BaseLib/OUTPUT/BaseLib.lib(String.obj)
 .debug_line    0x000000000000771a      0x335 /home/zrz0517/study/TEE/RT-TEE/edk2/Build/ArmVirtQemuKernel-AARCH64/DEBUG_GCC49/AARCH64/MdePkg/Library/BaseLib/BaseLib/OUTPUT/BaseLib.lib(Unaligned.obj)
 .debug_line    0x0000000000007a4f     0x1fe8 /home/zrz0517/study/TEE/RT-TEE/edk2/Build/ArmVirtQemuKernel-AARCH64/DEBUG_GCC49/AARCH64/MdePkg/Library/BaseLib/BaseLib/OUTPUT/BaseLib.lib(SafeString.obj)
 .debug_line    0x0000000000009a37      0x29d /home/zrz0517/study/TEE/RT-TEE/edk2/Build/ArmVirtQemuKernel-AARCH64/DEBUG_GCC49/AARCH64/MdePkg/Library/BaseMemoryLibOptDxe/BaseMemoryLibOptDxe/OUTPUT/BaseMemoryLibOptDxe.lib(MemLibGuid.obj)
 .debug_line    0x0000000000009cd4      0x1e2 /home/zrz0517/study/TEE/RT-TEE/edk2/Build/ArmVirtQemuKernel-AARCH64/DEBUG_GCC49/AARCH64/MdePkg/Library/BaseMemoryLibOptDxe/BaseMemoryLibOptDxe/OUTPUT/BaseMemoryLibOptDxe.lib(ZeroMemWrapper.obj)
 .debug_line    0x0000000000009eb6      0x5a3 /home/zrz0517/study/TEE/RT-TEE/edk2/Build/ArmVirtQemuKernel-AARCH64/DEBUG_GCC49/AARCH64/ArmPlatformPkg/Library/PL011UartLib/PL011UartLib/OUTPUT/PL011UartLib.lib(PL011UartLib.obj)
 .debug_line    0x000000000000a459      0x200 /home/zrz0517/study/TEE/RT-TEE/edk2/Build/ArmVirtQemuKernel-AARCH64/DEBUG_GCC49/AARCH64/MdePkg/Library/BaseDebugPrintErrorLevelLib/BaseDebugPrintErrorLevelLib/OUTPUT/BaseDebugPrintErrorLevelLib.lib(BaseDebugPrintErrorLevelLib.obj)
 .debug_line    0x000000000000a659      0x408 /home/zrz0517/study/TEE/RT-TEE/edk2/Build/ArmVirtQemuKernel-AARCH64/DEBUG_GCC49/AARCH64/MdePkg/Library/BasePrintLib/BasePrintLib/OUTPUT/BasePrintLib.lib(PrintLib.obj)
 .debug_line    0x000000000000aa61      0xe3b /home/zrz0517/study/TEE/RT-TEE/edk2/Build/ArmVirtQemuKernel-AARCH64/DEBUG_GCC49/AARCH64/MdePkg/Library/BasePrintLib/BasePrintLib/OUTPUT/BasePrintLib.lib(PrintLibInternal.obj)
 .debug_line    0x000000000000b89c      0x4e9 /home/zrz0517/study/TEE/RT-TEE/edk2/Build/ArmVirtQemuKernel-AARCH64/DEBUG_GCC49/AARCH64/MdePkg/Library/BaseIoLibIntrinsic/BaseIoLibIntrinsicArmVirt/OUTPUT/BaseIoLibIntrinsicArmVirt.lib(IoLibArmVirt.obj)

.debug_str      0x0000000000000000     0x5e91
 .debug_str     0x0000000000000000     0x1646 /home/zrz0517/study/TEE/RT-TEE/edk2/Build/ArmVirtQemuKernel-AARCH64/DEBUG_GCC49/AARCH64/MdePkg/Library/UefiDriverEntryPoint/UefiDriverEntryPoint/OUTPUT/UefiDriverEntryPoint.lib(DriverEntryPoint.obj)
                                       0x17bc (size before relaxing)
 .debug_str     0x0000000000001646      0x8f1 /home/zrz0517/study/TEE/RT-TEE/edk2/Build/ArmVirtQemuKernel-AARCH64/DEBUG_GCC49/AARCH64/MdeModulePkg/Universal/Disk/DiskIoDxe/DiskIoDxe/OUTPUT/DiskIoDxe.lib(AutoGen.obj)
                                       0x1ed0 (size before relaxing)
 .debug_str     0x0000000000001f37      0x817 /home/zrz0517/study/TEE/RT-TEE/edk2/Build/ArmVirtQemuKernel-AARCH64/DEBUG_GCC49/AARCH64/MdeModulePkg/Universal/Disk/DiskIoDxe/DiskIoDxe/OUTPUT/DiskIoDxe.lib(DiskIo.obj)
                                       0x2374 (size before relaxing)
 .debug_str     0x000000000000274e       0xd0 /home/zrz0517/study/TEE/RT-TEE/edk2/Build/ArmVirtQemuKernel-AARCH64/DEBUG_GCC49/AARCH64/MdeModulePkg/Universal/Disk/DiskIoDxe/DiskIoDxe/OUTPUT/DiskIoDxe.lib(ComponentName.obj)
                                       0x1cdd (size before relaxing)
 .debug_str     0x000000000000281e      0x226 /home/zrz0517/study/TEE/RT-TEE/edk2/Build/ArmVirtQemuKernel-AARCH64/DEBUG_GCC49/AARCH64/MdePkg/Library/BaseLib/BaseLib/OUTPUT/BaseLib.lib(DivU64x32Remainder.obj)
                                        0x56c (size before relaxing)
 .debug_str     0x0000000000002a44      0x120 /home/zrz0517/study/TEE/RT-TEE/edk2/Build/ArmVirtQemuKernel-AARCH64/DEBUG_GCC49/AARCH64/MdePkg/Library/BaseLib/BaseLib/OUTPUT/BaseLib.lib(LinkedList.obj)
                                        0x65f (size before relaxing)
 .debug_str     0x0000000000002b64      0x1ad /home/zrz0517/study/TEE/RT-TEE/edk2/Build/ArmVirtQemuKernel-AARCH64/DEBUG_GCC49/AARCH64/MdePkg/Library/BaseLib/BaseLib/OUTPUT/BaseLib.lib(Math64.obj)
                                        0x6cd (size before relaxing)
 .debug_str     0x0000000000002d11      0x106 /home/zrz0517/study/TEE/RT-TEE/edk2/Build/ArmVirtQemuKernel-AARCH64/DEBUG_GCC49/AARCH64/MdePkg/Library/BaseMemoryLibOptDxe/BaseMemoryLibOptDxe/OUTPUT/BaseMemoryLibOptDxe.lib(CopyMemWrapper.obj)
                                        0x49c (size before relaxing)
 .debug_str     0x0000000000002e17      0x61e /home/zrz0517/study/TEE/RT-TEE/edk2/Build/ArmVirtQemuKernel-AARCH64/DEBUG_GCC49/AARCH64/ArmVirtPkg/Library/ArmVirtDxeHobLib/ArmVirtDxeHobLib/OUTPUT/ArmVirtDxeHobLib.lib(HobLib.obj)
                                       0x1d01 (size before relaxing)
 .debug_str     0x0000000000003435      0x26e /home/zrz0517/study/TEE/RT-TEE/edk2/Build/ArmVirtQemuKernel-AARCH64/DEBUG_GCC49/AARCH64/ArmVirtPkg/Library/FdtPL011SerialPortLib/FdtPL011SerialPortLib/OUTPUT/FdtPL011SerialPortLib.lib(FdtPL011SerialPortLib.obj)
                                        0x7d9 (size before relaxing)
 .debug_str     0x00000000000036a3      0x1f0 /home/zrz0517/study/TEE/RT-TEE/edk2/Build/ArmVirtQemuKernel-AARCH64/DEBUG_GCC49/AARCH64/MdePkg/Library/BaseDebugLibSerialPort/BaseDebugLibSerialPort/OUTPUT/BaseDebugLibSerialPort.lib(DebugLib.obj)
                                        0x674 (size before relaxing)
 .debug_str     0x0000000000003893      0x124 /home/zrz0517/study/TEE/RT-TEE/edk2/Build/ArmVirtQemuKernel-AARCH64/DEBUG_GCC49/AARCH64/MdePkg/Library/UefiBootServicesTableLib/UefiBootServicesTableLib/OUTPUT/UefiBootServicesTableLib.lib(UefiBootServicesTableLib.obj)
                                       0x1699 (size before relaxing)
 .debug_str     0x00000000000039b7      0x331 /home/zrz0517/study/TEE/RT-TEE/edk2/Build/ArmVirtQemuKernel-AARCH64/DEBUG_GCC49/AARCH64/MdePkg/Library/UefiMemoryAllocationLib/UefiMemoryAllocationLib/OUTPUT/UefiMemoryAllocationLib.lib(MemoryAllocationLib.obj)
                                       0x1905 (size before relaxing)
 .debug_str     0x0000000000003ce8      0x133 /home/zrz0517/study/TEE/RT-TEE/edk2/Build/ArmVirtQemuKernel-AARCH64/DEBUG_GCC49/AARCH64/MdePkg/Library/UefiRuntimeServicesTableLib/UefiRuntimeServicesTableLib/OUTPUT/UefiRuntimeServicesTableLib.lib(UefiRuntimeServicesTableLib.obj)
                                       0x169b (size before relaxing)