Archive member included to satisfy reference by file (symbol)

/home/zrz0517/study/TEE/RT-TEE/edk2/Build/ArmVirtQemuKernel-AARCH64/DEBUG_GCC49/AARCH64/MdePkg/Library/UefiDriverEntryPoint/UefiDriverEntryPoint/OUTPUT/UefiDriverEntryPoint.lib(DriverEntryPoint.obj)
                              (_ModuleEntryPoint)
/home/zrz0517/study/TEE/RT-TEE/edk2/Build/ArmVirtQemuKernel-AARCH64/DEBUG_GCC49/AARCH64/MdeModulePkg/Universal/SecurityStubDxe/SecurityStubDxe/OUTPUT/SecurityStubDxe.lib(AutoGen.obj)
                              /home/zrz0517/study/TEE/RT-TEE/edk2/Build/ArmVirtQemuKernel-AARCH64/DEBUG_GCC49/AARCH64/MdePkg/Library/UefiDriverEntryPoint/UefiDriverEntryPoint/OUTPUT/UefiDriverEntryPoint.lib(DriverEntryPoint.obj) (gEfiLoadedImageProtocolGuid)
/home/zrz0517/study/TEE/RT-TEE/edk2/Build/ArmVirtQemuKernel-AARCH64/DEBUG_GCC49/AARCH64/MdeModulePkg/Universal/SecurityStubDxe/SecurityStubDxe/OUTPUT/SecurityStubDxe.lib(SecurityStub.obj)
                              /home/zrz0517/study/TEE/RT-TEE/edk2/Build/ArmVirtQemuKernel-AARCH64/DEBUG_GCC49/AARCH64/MdeModulePkg/Universal/SecurityStubDxe/SecurityStubDxe/OUTPUT/SecurityStubDxe.lib(AutoGen.obj) (SecurityStubInitialize)
/home/zrz0517/study/TEE/RT-TEE/edk2/Build/ArmVirtQemuKernel-AARCH64/DEBUG_GCC49/AARCH64/MdeModulePkg/Universal/SecurityStubDxe/SecurityStubDxe/OUTPUT/SecurityStubDxe.lib(Defer3rdPartyImageLoad.obj)
                              /home/zrz0517/study/TEE/RT-TEE/edk2/Build/ArmVirtQemuKernel-AARCH64/DEBUG_GCC49/AARCH64/MdeModulePkg/Universal/SecurityStubDxe/SecurityStubDxe/OUTPUT/SecurityStubDxe.lib(SecurityStub.obj) (Defer3rdPartyImageLoad)
/home/zrz0517/study/TEE/RT-TEE/edk2/Build/ArmVirtQemuKernel-AARCH64/DEBUG_GCC49/AARCH64/MdePkg/Library/BaseMemoryLibOptDxe/BaseMemoryLibOptDxe/OUTPUT/BaseMemoryLibOptDxe.lib(CompareMemWrapper.obj)
                              /home/zrz0517/study/TEE/RT-TEE/edk2/Build/ArmVirtQemuKernel-AARCH64/DEBUG_GCC49/AARCH64/MdeModulePkg/Universal/SecurityStubDxe/SecurityStubDxe/OUTPUT/SecurityStubDxe.lib(Defer3rdPartyImageLoad.obj) (CompareMem)
/home/zrz0517/study/TEE/RT-TEE/edk2/Build/ArmVirtQemuKernel-AARCH64/DEBUG_GCC49/AARCH64/MdePkg/Library/BaseMemoryLibOptDxe/BaseMemoryLibOptDxe/OUTPUT/BaseMemoryLibOptDxe.lib(CopyMemWrapper.obj)
                              /home/zrz0517/study/TEE/RT-TEE/edk2/Build/ArmVirtQemuKernel-AARCH64/DEBUG_GCC49/AARCH64/MdeModulePkg/Universal/SecurityStubDxe/SecurityStubDxe/OUTPUT/SecurityStubDxe.lib(Defer3rdPartyImageLoad.obj) (CopyMem)
/home/zrz0517/study/TEE/RT-TEE/edk2/Build/ArmVirtQemuKernel-AARCH64/DEBUG_GCC49/AARCH64/MdePkg/Library/BaseMemoryLibOptDxe/BaseMemoryLibOptDxe/OUTPUT/BaseMemoryLibOptDxe.lib(CopyMem.obj)
                              /home/zrz0517/study/TEE/RT-TEE/edk2/Build/ArmVirtQemuKernel-AARCH64/DEBUG_GCC49/AARCH64/MdePkg/Library/BaseMemoryLibOptDxe/BaseMemoryLibOptDxe/OUTPUT/BaseMemoryLibOptDxe.lib(CopyMemWrapper.obj) (InternalMemCopyMem)
/home/zrz0517/study/TEE/RT-TEE/edk2/Build/ArmVirtQemuKernel-AARCH64/DEBUG_GCC49/AARCH64/MdePkg/Library/BaseMemoryLibOptDxe/BaseMemoryLibOptDxe/OUTPUT/BaseMemoryLibOptDxe.lib(CompareMem.obj)
                              /home/zrz0517/study/TEE/RT-TEE/edk2/Build/ArmVirtQemuKernel-AARCH64/DEBUG_GCC49/AARCH64/MdePkg/Library/BaseMemoryLibOptDxe/BaseMemoryLibOptDxe/OUTPUT/BaseMemoryLibOptDxe.lib(CompareMemWrapper.obj) (InternalMemCompareMem)
/home/zrz0517/study/TEE/RT-TEE/edk2/Build/ArmVirtQemuKernel-AARCH64/DEBUG_GCC49/AARCH64/MdePkg/Library/BaseLib/BaseLib/OUTPUT/BaseLib.lib(CpuDeadLoop.obj)
                              /home/zrz0517/study/TEE/RT-TEE/edk2/Build/ArmVirtQemuKernel-AARCH64/DEBUG_GCC49/AARCH64/MdeModulePkg/Universal/SecurityStubDxe/SecurityStubDxe/OUTPUT/SecurityStubDxe.lib(Defer3rdPartyImageLoad.obj) (CpuDeadLoop)
/home/zrz0517/study/TEE/RT-TEE/edk2/Build/ArmVirtQemuKernel-AARCH64/DEBUG_GCC49/AARCH64/ArmVirtPkg/Library/ArmVirtDxeHobLib/ArmVirtDxeHobLib/OUTPUT/ArmVirtDxeHobLib.lib(HobLib.obj)
                              /home/zrz0517/study/TEE/RT-TEE/edk2/Build/ArmVirtQemuKernel-AARCH64/DEBUG_GCC49/AARCH64/MdeModulePkg/Universal/SecurityStubDxe/SecurityStubDxe/OUTPUT/SecurityStubDxe.lib(AutoGen.obj) (HobLibConstructor)
/home/zrz0517/study/TEE/RT-TEE/edk2/Build/ArmVirtQemuKernel-AARCH64/DEBUG_GCC49/AARCH64/ArmVirtPkg/Library/FdtPL011SerialPortLib/FdtPL011SerialPortLib/OUTPUT/FdtPL011SerialPortLib.lib(FdtPL011SerialPortLib.obj)
                              /home/zrz0517/study/TEE/RT-TEE/edk2/Build/ArmVirtQemuKernel-AARCH64/DEBUG_GCC49/AARCH64/MdeModulePkg/Universal/SecurityStubDxe/SecurityStubDxe/OUTPUT/SecurityStubDxe.lib(AutoGen.obj) (FdtPL011SerialPortLibInitialize)
/home/zrz0517/study/TEE/RT-TEE/edk2/Build/ArmVirtQemuKernel-AARCH64/DEBUG_GCC49/AARCH64/MdePkg/Library/BaseDebugLibSerialPort/BaseDebugLibSerialPort/OUTPUT/BaseDebugLibSerialPort.lib(DebugLib.obj)
[...]
Memory Configuration

Name             Origin             Length             Attributes
*default*        0x0000000000000000 0xffffffffffffffff

Linker script and memory map

START GROUP
LOAD /home/zrz0517/study/TEE/RT-TEE/edk2/Build/ArmVirtQemuKernel-AARCH64/DEBUG_GCC49/AARCH64/MdePkg/Library/BaseMemoryLibOptDxe/BaseMemoryLibOptDxe/OUTPUT/BaseMemoryLibOptDxe.lib
LOAD /home/zrz0517/study/TEE/RT-TEE/edk2/Build/ArmVirtQemuKernel-AARCH64/DEBUG_GCC49/AARCH64/MdePkg/Library/DxePcdLib/DxePcdLib/OUTPUT/DxePcdLib.lib
LOAD /home/zrz0517/study/TEE/RT-TEE/edk2/Build/ArmVirtQemuKernel-AARCH64/DEBUG_GCC49/AARCH64/MdePkg/Library/BaseLib/BaseLib/OUTPUT/BaseLib.lib
LOAD /home/zrz0517/study/TEE/RT-TEE/edk2/Build/ArmVirtQemuKernel-AARCH64/DEBUG_GCC49/AARCH64/MdePkg/Library/BaseIoLibIntrinsic/BaseIoLibIntrinsicArmVirt/OUTPUT/BaseIoLibIntrinsicArmVirt.lib
LOAD /home/zrz0517/study/TEE/RT-TEE/edk2/Build/ArmVirtQemuKernel-AARCH64/DEBUG_GCC49/AARCH64/ArmVirtPkg/Library/ArmVirtDxeHobLib/ArmVirtDxeHobLib/OUTPUT/ArmVirtDxeHobLib.lib
LOAD /home/zrz0517/study/TEE/RT-TEE/edk2/Build/ArmVirtQemuKernel-AARCH64/DEBUG_GCC49/AARCH64/ArmPlatformPkg/Library/PL011UartLib/PL011UartLib/OUTPUT/PL011UartLib.lib
LOAD /home/zrz0517/study/TEE/RT-TEE/edk2/Build/ArmVirtQemuKernel-AARCH64/DEBUG_GCC49/AARCH64/MdePkg/Library/BaseDebugPrintErrorLevelLib/BaseDebugPrintErrorLevelLib/OUTPUT/BaseDebugPrintErrorLevelLib.lib
LOAD /home/zrz0517/study/TEE/RT-TEE/edk2/Build/ArmVirtQemuKernel-AARCH64/DEBUG_GCC49/AARCH64/ArmVirtPkg/Library/FdtPL011SerialPortLib/FdtPL011SerialPortLib/OUTPUT/FdtPL011SerialPortLib.lib
LOAD /home/zrz0517/study/TEE/RT-TEE/edk2/Build/ArmVirtQemuKernel-AARCH64/DEBUG_GCC49/AARCH64/MdePkg/Library/BasePrintLib/BasePrintLib/OUTPUT/BasePrintLib.lib
LOAD /home/zrz0517/study/TEE/RT-TEE/edk2/Build/ArmVirtQemuKernel-AARCH64/DEBUG_GCC49/AARCH64/MdePkg/Library/BaseDebugLibSerialPort/BaseDebugLibSerialPort/OUTPUT/BaseDebugLibSerialPort.lib
LOAD /home/zrz0517/study/TEE/RT-TEE/edk2/Build/ArmVirtQemuKernel-AARCH64/DEBUG_GCC49/AARCH64/MdePkg/Library/UefiBootServicesTableLib/UefiBootServicesTableLib/OUTPUT/UefiBootServicesTableLib.lib
LOAD /home/zrz0517/study/TEE/RT-TEE/edk2/Build/ArmVirtQemuKernel-AARCH64/DEBUG_GCC49/AARCH64/MdePkg/Library/UefiMemoryAllocationLib/UefiMemoryAllocationLib/OUTPUT/UefiMemoryAllocationLib.lib
LOAD /home/zrz0517/study/TEE/RT-TEE/edk2/Build/ArmVirtQemuKernel-AARCH64/DEBUG_GCC49/AARCH64/MdePkg/Library/UefiRuntimeServicesTableLib/UefiRuntimeServicesTableLib/OUTPUT/UefiRuntimeServicesTableLib.lib
LOAD /home/zrz0517/study/TEE/RT-TEE/edk2/Build/ArmVirtQemuKernel-AARCH64/DEBUG_GCC49/AARCH64/MdePkg/Library/UefiDevicePathLibDevicePathProtocol/UefiDevicePathLibDevicePathProtocol/OUTPUT/UefiDevicePathLibDevicePathProtocol.lib
LOAD /home/zrz0517/study/TEE/RT-TEE/edk2/Build/ArmVirtQemuKernel-AARCH64/DEBUG_GCC49/AARCH64/MdePkg/Library/UefiLib/UefiLib/OUTPUT/UefiLib.lib
LOAD /home/zrz0517/study/TEE/RT-TEE/edk2/Build/ArmVirtQemuKernel-AARCH64/DEBUG_GCC49/AARCH64/MdePkg/Library/DxeServicesLib/DxeServicesLib/OUTPUT/DxeServicesLib.lib
LOAD /home/zrz0517/study/TEE/RT-TEE/edk2/Build/ArmVirtQemuKernel-AARCH64/DEBUG_GCC49/AARCH64/MdePkg/Library/UefiDriverEntryPoint/UefiDriverEntryPoint/OUTPUT/UefiDriverEntryPoint.lib
LOAD /home/zrz0517/study/TEE/RT-TEE/edk2/Build/ArmVirtQemuKernel-AARCH64/DEBUG_GCC49/AARCH64/MdeModulePkg/Library/DxeSecurityManagementLib/DxeSecurityManagementLib/OUTPUT/DxeSecurityManagementLib.lib
LOAD /home/zrz0517/study/TEE/RT-TEE/edk2/Build/ArmVirtQemuKernel-AARCH64/DEBUG_GCC49/AARCH64/MdePkg/Library/BaseReportStatusCodeLibNull/BaseReportStatusCodeLibNull/OUTPUT/BaseReportStatusCodeLibNull.lib
LOAD /home/zrz0517/study/TEE/RT-TEE/edk2/Build/ArmVirtQemuKernel-AARCH64/DEBUG_GCC49/AARCH64/ArmPkg/Library/CompilerIntrinsicsLib/CompilerIntrinsicsLib/OUTPUT/CompilerIntrinsicsLib.lib
LOAD /home/zrz0517/study/TEE/RT-TEE/edk2/Build/ArmVirtQemuKernel-AARCH64/DEBUG_GCC49/AARCH64/MdePkg/Library/BaseStackCheckLib/BaseStackCheckLib/OUTPUT/BaseStackCheckLib.lib
LOAD /home/zrz0517/study/TEE/RT-TEE/edk2/Build/ArmVirtQemuKernel-AARCH64/DEBUG_GCC49/AARCH64/MdeModulePkg/Universal/SecurityStubDxe/SecurityStubDxe/OUTPUT/SecurityStubDxe.lib
END GROUP
                0x0000000000000228                . = PECOFF_HEADER_SIZE

.text           0x0000000000001000     0x8218
 *(.text .text.* .stub .gnu.linkonce.t.*)
 .text._DriverUnloadHandler
                0x0000000000001000       0x48 /home/zrz0517/study/TEE/RT-TEE/edk2/Build/ArmVirtQemuKernel-AARCH64/DEBUG_GCC49/AARCH64/MdePkg/Library/UefiDriverEntryPoint/UefiDriverEntryPoint/OUTPUT/UefiDriverEntryPoint.lib(DriverEntryPoint.obj)
                0x0000000000001000                _DriverUnloadHandler
 .text._ModuleEntryPoint
                0x0000000000001048      0x148 /home/zrz0517/study/TEE/RT-TEE/edk2/Build/ArmVirtQemuKernel-AARCH64/DEBUG_GCC49/AARCH64/MdePkg/Library/UefiDriverEntryPoint/UefiDriverEntryPoint/OUTPUT/UefiDriverEntryPoint.lib(DriverEntryPoint.obj)
                0x0000000000001048                _ModuleEntryPoint
 .text.ProcessLibraryConstructorList
                0x0000000000001190      0x370 /home/zrz0517/study/TEE/RT-TEE/edk2/Build/ArmVirtQemuKernel-AARCH64/DEBUG_GCC49/AARCH64/MdeModulePkg/Universal/SecurityStubDxe/SecurityStubDxe/OUTPUT/SecurityStubDxe.lib(AutoGen.obj)
                0x0000000000001190                ProcessLibraryConstructorList
 .text.ProcessLibraryDestructorList
                0x0000000000001500       0x18 /home/zrz0517/study/TEE/RT-TEE/edk2/Build/ArmVirtQemuKernel-AARCH64/DEBUG_GCC49/AARCH64/MdeModulePkg/Universal/SecurityStubDxe/SecurityStubDxe/OUTPUT/SecurityStubDxe.lib(AutoGen.obj)
                0x0000000000001500                ProcessLibraryDestructorList
 .text.ProcessModuleEntryPointList
                0x0000000000001518       0x24 /home/zrz0517/study/TEE/RT-TEE/edk2/Build/ArmVirtQemuKernel-AARCH64/DEBUG_GCC49/AARCH64/MdeModulePkg/Universal/SecurityStubDxe/SecurityStubDxe/OUTPUT/SecurityStubDxe.lib(AutoGen.obj)
                0x0000000000001518                ProcessModuleEntryPointList
 .text.ProcessModuleUnloadList
                0x000000000000153c       0x14 /home/zrz0517/study/TEE/RT-TEE/edk2/Build/ArmVirtQemuKernel-AARCH64/DEBUG_GCC49/AARCH64/MdeModulePkg/Universal/SecurityStubDxe/SecurityStubDxe/OUTPUT/SecurityStubDxe.lib(AutoGen.obj)
                0x000000000000153c                ProcessModuleUnloadList
 .text.SecurityStubAuthenticateState
                0x0000000000001550       0x5c /home/zrz0517/study/TEE/RT-TEE/edk2/Build/ArmVirtQemuKernel-AARCH64/DEBUG_GCC49/AARCH64/MdeModulePkg/Universal/SecurityStubDxe/SecurityStubDxe/OUTPUT/SecurityStubDxe.lib(SecurityStub.obj)
                0x0000000000001550                SecurityStubAuthenticateState
 .text.Security2StubAuthenticate
                0x00000000000015ac       0x70 /home/zrz0517/study/TEE/RT-TEE/edk2/Build/ArmVirtQemuKernel-AARCH64/DEBUG_GCC49/AARCH64/MdeModulePkg/Universal/SecurityStubDxe/SecurityStubDxe/OUTPUT/SecurityStubDxe.lib(SecurityStub.obj)
                0x00000000000015ac                Security2StubAuthenticate
 .text.SecurityStubInitialize
                0x000000000000161c      0x188 /home/zrz0517/study/TEE/RT-TEE/edk2/Build/ArmVirtQemuKernel-AARCH64/DEBUG_GCC49/AARCH64/MdeModulePkg/Universal/SecurityStubDxe/SecurityStubDxe/OUTPUT/SecurityStubDxe.lib(SecurityStub.obj)
                0x000000000000161c                SecurityStubInitialize
 .text.FileFromFv
                0x00000000000017a4       0xac /home/zrz0517/study/TEE/RT-TEE/edk2/Build/ArmVirtQemuKernel-AARCH64/DEBUG_GCC49/AARCH64/MdeModulePkg/Universal/SecurityStubDxe/SecurityStubDxe/OUTPUT/SecurityStubDxe.lib(Defer3rdPartyImageLoad.obj)
                0x00000000000017a4                FileFromFv
 .text.LookupImage
                0x0000000000001850       0xf4 /home/zrz0517/study/TEE/RT-TEE/edk2/Build/ArmVirtQemuKernel-AARCH64/DEBUG_GCC49/AARCH64/MdeModulePkg/Universal/SecurityStubDxe/SecurityStubDxe/OUTPUT/SecurityStubDxe.lib(Defer3rdPartyImageLoad.obj)
                0x0000000000001850                LookupImage
 .text.QueueImage
                0x0000000000001944       0xfc /home/zrz0517/study/TEE/RT-TEE/edk2/Build/ArmVirtQemuKernel-AARCH64/DEBUG_GCC49/AARCH64/MdeModulePkg/Universal/SecurityStubDxe/SecurityStubDxe/OUTPUT/SecurityStubDxe.lib(Defer3rdPartyImageLoad.obj)
                0x0000000000001944                QueueImage
 .text.GetDefferedImageInfo
                0x0000000000001a40      0x1b8 /home/zrz0517/study/TEE/RT-TEE/edk2/Build/ArmVirtQemuKernel-AARCH64/DEBUG_GCC49/AARCH64/MdeModulePkg/Universal/SecurityStubDxe/SecurityStubDxe/OUTPUT/SecurityStubDxe.lib(Defer3rdPartyImageLoad.obj)
                0x0000000000001a40                GetDefferedImageInfo
 .text.EndOfDxe
                0x0000000000001bf8       0x28 /home/zrz0517/study/TEE/RT-TEE/edk2/Build/ArmVirtQemuKernel-AARCH64/DEBUG_GCC49/AARCH64/MdeModulePkg/Universal/SecurityStubDxe/SecurityStubDxe/OUTPUT/SecurityStubDxe.lib(Defer3rdPartyImageLoad.obj)
                0x0000000000001bf8                EndOfDxe
 .text.DxeSmmReadyToLock
                0x0000000000001c20      0x114 /home/zrz0517/study/TEE/RT-TEE/edk2/Build/ArmVirtQemuKernel-AARCH64/DEBUG_GCC49/AARCH64/MdeModulePkg/Universal/SecurityStubDxe/SecurityStubDxe/OUTPUT/SecurityStubDxe.lib(Defer3rdPartyImageLoad.obj)
                0x0000000000001c20                DxeSmmReadyToLock
 .text.Defer3rdPartyImageLoad
                0x0000000000001d34      0x168 /home/zrz0517/study/TEE/RT-TEE/edk2/Build/ArmVirtQemuKernel-AARCH64/DEBUG_GCC49/AARCH64/MdeModulePkg/Universal/SecurityStubDxe/SecurityStubDxe/OUTPUT/SecurityStubDxe.lib(Defer3rdPartyImageLoad.obj)
                0x0000000000001d34                Defer3rdPartyImageLoad
 .text.Defer3rdPartyImageLoadInitialize
                0x0000000000001e9c      0x184 /home/zrz0517/study/TEE/RT-TEE/edk2/Build/ArmVirtQemuKernel-AARCH64/DEBUG_GCC49/AARCH64/MdeModulePkg/Universal/SecurityStubDxe/SecurityStubDxe/OUTPUT/SecurityStubDxe.lib(Defer3rdPartyImageLoad.obj)
                0x0000000000001e9c                Defer3rdPartyImageLoadInitialize
 .text.CompareMem
                0x0000000000002020      0x138 /home/zrz0517/study/TEE/RT-TEE/edk2/Build/ArmVirtQemuKernel-AARCH64/DEBUG_GCC49/AARCH64/MdePkg/Library/BaseMemoryLibOptDxe/BaseMemoryLibOptDxe/OUTPUT/BaseMemoryLibOptDxe.lib(CompareMemWrapper.obj)
                0x0000000000002020                CompareMem
 .text.CopyMem  0x0000000000002158       0xd8 /home/zrz0517/study/TEE/RT-TEE/edk2/Build/ArmVirtQemuKernel-AARCH64/DEBUG_GCC49/AARCH64/MdePkg/Library/BaseMemoryLibOptDxe/BaseMemoryLibOptDxe/OUTPUT/BaseMemoryLibOptDxe.lib(CopyMemWrapper.obj)
                0x0000000000002158                CopyMem
 .text          0x0000000000002230      0x218 /home/zrz0517/study/TEE/RT-TEE/edk2/Build/ArmVirtQemuKernel-AARCH64/DEBUG_GCC49/AARCH64/MdePkg/Library/BaseMemoryLibOptDxe/BaseMemoryLibOptDxe/OUTPUT/BaseMemoryLibOptDxe.lib(CopyMem.obj)
                0x000000000000239c                InternalMemCopyMem
 *fill*         0x0000000000002448       0x38 
 .text          0x0000000000002480       0xe0 /home/zrz0517/study/TEE/RT-TEE/edk2/Build/ArmVirtQemuKernel-AARCH64/DEBUG_GCC49/AARCH64/MdePkg/Library/BaseMemoryLibOptDxe/BaseMemoryLibOptDxe/OUTPUT/BaseMemoryLibOptDxe.lib(CompareMem.obj)
                0x0000000000002480                InternalMemCompareMem
 .text.CpuDeadLoop
                0x0000000000002560       0x24 /home/zrz0517/study/TEE/RT-TEE/edk2/Build/ArmVirtQemuKernel-AARCH64/DEBUG_GCC49/AARCH64/MdePkg/Library/BaseLib/BaseLib/OUTPUT/BaseLib.lib(CpuDeadLoop.obj)
                0x0000000000002560                CpuDeadLoop
 .text.HobLibConstructor
                0x0000000000002584       0xbc /home/zrz0517/study/TEE/RT-TEE/edk2/Build/ArmVirtQemuKernel-AARCH64/DEBUG_GCC49/AARCH64/ArmVirtPkg/Library/ArmVirtDxeHobLib/ArmVirtDxeHobLib/OUTPUT/ArmVirtDxeHobLib.lib(HobLib.obj)
                0x0000000000002584                HobLibConstructor
 .text.GetHobList
                0x0000000000002640       0x34 /home/zrz0517/study/TEE/RT-TEE/edk2/Build/ArmVirtQemuKernel-AARCH64/DEBUG_GCC49/AARCH64/ArmVirtPkg/Library/ArmVirtDxeHobLib/ArmVirtDxeHobLib/OUTPUT/ArmVirtDxeHobLib.lib(HobLib.obj)
                0x0000000000002640                GetHobList
 .text.GetNextHob
                0x0000000000002674       0x8c /home/zrz0517/study/TEE/RT-TEE/edk2/Build/ArmVirtQemuKernel-AARCH64/DEBUG_GCC49/AARCH64/ArmVirtPkg/Library/ArmVirtDxeHobLib/ArmVirtDxeHobLib/OUTPUT/ArmVirtDxeHobLib.lib(HobLib.obj)
                0x0000000000002674                GetNextHob
 .text.GetNextGuidHob
                0x0000000000002700       0x90 /home/zrz0517/study/TEE/RT-TEE/edk2/Build/ArmVirtQemuKernel-AARCH64/DEBUG_GCC49/AARCH64/ArmVirtPkg/Library/ArmVirtDxeHobLib/ArmVirtDxeHobLib/OUTPUT/ArmVirtDxeHobLib.lib(HobLib.obj)
                0x0000000000002700                GetNextGuidHob
 .text.GetFirstGuidHob
                0x0000000000002790       0x28 /home/zrz0517/study/TEE/RT-TEE/edk2/Build/ArmVirtQemuKernel-AARCH64/DEBUG_GCC49/AARCH64/ArmVirtPkg/Library/ArmVirtDxeHobLib/ArmVirtDxeHobLib/OUTPUT/ArmVirtDxeHobLib.lib(HobLib.obj)
                0x0000000000002790                GetFirstGuidHob
 .text.SerialPortInitialize
                0x00000000000027b8        0x8 /home/zrz0517/study/TEE/RT-TEE/edk2/Build/ArmVirtQemuKernel-AARCH64/DEBUG_GCC49/AARCH64/ArmVirtPkg/Library/FdtPL011SerialPortLib/FdtPL011SerialPortLib/OUTPUT/FdtPL011SerialPortLib.lib(FdtPL011SerialPortLib.obj)
                0x00000000000027b8                SerialPortInitialize
 .text.FdtPL011SerialPortLibInitialize
                0x00000000000027c0      0x114 /home/zrz0517/study/TEE/RT-TEE/edk2/Build/ArmVirtQemuKernel-AARCH64/DEBUG_GCC49/AARCH64/ArmVirtPkg/Library/FdtPL011SerialPortLib/FdtPL011SerialPortLib/OUTPUT/FdtPL011SerialPortLib.lib(FdtPL011SerialPortLib.obj)
                0x00000000000027c0                FdtPL011SerialPortLibInitialize
 .text.SerialPortWrite
                0x00000000000028d4       0x4c /home/zrz0517/study/TEE/RT-TEE/edk2/Build/ArmVirtQemuKernel-AARCH64/DEBUG_GCC49/AARCH64/ArmVirtPkg/Library/FdtPL011SerialPortLib/FdtPL011SerialPortLib/OUTPUT/FdtPL011SerialPortLib.lib(FdtPL011SerialPortLib.obj)
                0x00000000000028d4                SerialPortWrite
 .text.BaseDebugLibSerialPortConstructor
                0x0000000000002920       0x14 /home/zrz0517/study/TEE/RT-TEE/edk2/Build/ArmVirtQemuKernel-AARCH64/DEBUG_GCC49/AARCH64/MdePkg/Library/BaseDebugLibSerialPort/BaseDebugLibSerialPort/OUTPUT/BaseDebugLibSerialPort.lib(DebugLib.obj)
                0x0000000000002920                BaseDebugLibSerialPortConstructor
 .text.DebugPrint
                0x0000000000002934       0xe4 /home/zrz0517/study/TEE/RT-TEE/edk2/Build/ArmVirtQemuKernel-AARCH64/DEBUG_GCC49/AARCH64/MdePkg/Library/BaseDebugLibSerialPort/BaseDebugLibSerialPort/OUTPUT/BaseDebugLibSerialPort.lib(DebugLib.obj)
                0x0000000000002934                DebugPrint
 .text.DebugAssert
                0x0000000000002a18       0xa4 /home/zrz0517/study/TEE/RT-TEE/edk2/Build/ArmVirtQemuKernel-AARCH64/DEBUG_GCC49/AARCH64/MdePkg/Library/BaseDebugLibSerialPort/BaseDebugLibSerialPort/OUTPUT/BaseDebugLibSerialPort.lib(DebugLib.obj)
                0x0000000000002a18                DebugAssert
 .text.DebugAssertEnabled
                0x0000000000002abc       0x20 /home/zrz0517/study/TEE/RT-TEE/edk2/Build/ArmVirtQemuKernel-AARCH64/DEBUG_GCC49/AARCH64/MdePkg/Library/BaseDebugLibSerialPort/BaseDebugLibSerialPort/OUTPUT/BaseDebugLibSerialPort.lib(DebugLib.obj)
                0x0000000000002abc                DebugAssertEnabled
 .text.DebugPrintEnabled
                0x0000000000002adc       0x20 /home/zrz0517/study/TEE/RT-TEE/edk2/Build/ArmVirtQemuKernel-AARCH64/DEBUG_GCC49/AARCH64/MdePkg/Library/BaseDebugLibSerialPort/BaseDebugLibSerialPort/OUTPUT/BaseDebugLibSerialPort.lib(DebugLib.obj)
                0x0000000000002adc                DebugPrintEnabled
 .text.DebugCodeEnabled
                0x0000000000002afc       0x20 /home/zrz0517/study/TEE/RT-TEE/edk2/Build/ArmVirtQemuKernel-AARCH64/DEBUG_GCC49/AARCH64/MdePkg/Library/BaseDebugLibSerialPort/BaseDebugLibSerialPort/OUTPUT/BaseDebugLibSerialPort.lib(DebugLib.obj)
                0x0000000000002afc                DebugCodeEnabled
 .text.DebugPrintLevelEnabled
                0x0000000000002b1c       0x34 /home/zrz0517/study/TEE/RT-TEE/edk2/Build/ArmVirtQemuKernel-AARCH64/DEBUG_GCC49/AARCH64/MdePkg/Library/BaseDebugLibSerialPort/BaseDebugLibSerialPort/OUTPUT/BaseDebugLibSerialPort.lib(DebugLib.obj)
                0x0000000000002b1c                DebugPrintLevelEnabled
 .text.UefiBootServicesTableLibConstructor
                0x0000000000002b50      0x104 /home/zrz0517/study/TEE/RT-TEE/edk2/Build/ArmVirtQemuKernel-AARCH64/DEBUG_GCC49/AARCH64/MdePkg/Library/UefiBootServicesTableLib/UefiBootServicesTableLib/OUTPUT/UefiBootServicesTableLib.lib(UefiBootServicesTableLib.obj)
                0x0000000000002b50                UefiBootServicesTableLibConstructor
 .text.InternalAllocatePool
                0x0000000000002c54       0x54 /home/zrz0517/study/TEE/RT-TEE/edk2/Build/ArmVirtQemuKernel-AARCH64/DEBUG_GCC49/AARCH64/MdePkg/Library/UefiMemoryAllocationLib/UefiMemoryAllocationLib/OUTPUT/UefiMemoryAllocationLib.lib(MemoryAllocationLib.obj)
                0x0000000000002c54                InternalAllocatePool
 .text.AllocatePool
                0x0000000000002ca8       0x20 /home/zrz0517/study/TEE/RT-TEE/edk2/Build/ArmVirtQemuKernel-AARCH64/DEBUG_GCC49/AARCH64/MdePkg/Library/UefiMemoryAllocationLib/UefiMemoryAllocationLib/OUTPUT/UefiMemoryAllocationLib.lib(MemoryAllocationLib.obj)
                0x0000000000002ca8                AllocatePool
 .text.InternalAllocateZeroPool
                0x0000000000002cc8       0x48 /home/zrz0517/study/TEE/RT-TEE/edk2/Build/ArmVirtQemuKernel-AARCH64/DEBUG_GCC49/AARCH64/MdePkg/Library/UefiMemoryAllocationLib/UefiMemoryAllocationLib/OUTPUT/UefiMemoryAllocationLib.lib(MemoryAllocationLib.obj)
                0x0000000000002cc8                InternalAllocateZeroPool
 .text.InternalReallocatePool
                0x0000000000002d10       0x78 /home/zrz0517/study/TEE/RT-TEE/edk2/Build/ArmVirtQemuKernel-AARCH64/DEBUG_GCC49/AARCH64/MdePkg/Library/UefiMemoryAllocationLib/UefiMemoryAllocationLib/OUTPUT/UefiMemoryAllocationLib.lib(MemoryAllocationLib.obj)
                0x0000000000002d10                InternalReallocatePool
 .text.ReallocatePool
                0x0000000000002d88       0x30 /home/zrz0517/study/TEE/RT-TEE/edk2/Build/ArmVirtQemuKernel-AARCH64/DEBUG_GCC49/AARCH64/MdePkg/Library/UefiMemoryAllocationLib/UefiMemoryAllocationLib/OUTPUT/UefiMemoryAllocationLib.lib(MemoryAllocationLib.obj)
                0x0000000000002d88                ReallocatePool
 .text.FreePool
                0x0000000000002db8       0xa0 /home/zrz0517/study/TEE/RT-TEE/edk2/Build/ArmVirtQemuKernel-AARCH64/DEBUG_GCC49/AARCH64/MdePkg/Library/UefiMemoryAllocationLib/UefiMemoryAllocationLib/OUTPUT/UefiMemoryAllocationLib.lib(MemoryAllocationLib.obj)
                0x0000000000002db8                FreePool
 .text.UefiRuntimeServicesTableLibConstructor
                0x0000000000002e58       0x6c /home/zrz0517/study/TEE/RT-TEE/edk2/Build/ArmVirtQemuKernel-AARCH64/DEBUG_GCC49/AARCH64/MdePkg/Library/UefiRuntimeServicesTableLib/UefiRuntimeServicesTableLib/OUTPUT/UefiRuntimeServicesTableLib.lib(UefiRuntimeServicesTableLib.obj)
                0x0000000000002e58                UefiRuntimeServicesTableLibConstructor
 .text.DevicePathLibConstructor
                0x0000000000002ec4       0xf0 /home/zrz0517/study/TEE/RT-TEE/edk2/Build/ArmVirtQemuKernel-AARCH64/DEBUG_GCC49/AARCH64/MdePkg/Library/UefiDevicePathLibDevicePathProtocol/UefiDevicePathLibDevicePathProtocol/OUTPUT/UefiDevicePathLibDevicePathProtocol.lib(UefiDevicePathLib.obj)
                0x0000000000002ec4                DevicePathLibConstructor
 .text.DevicePathType
                0x0000000000002fb4       0x50 /home/zrz0517/study/TEE/RT-TEE/edk2/Build/ArmVirtQemuKernel-AARCH64/DEBUG_GCC49/AARCH64/MdePkg/Library/UefiDevicePathLibDevicePathProtocol/UefiDevicePathLibDevicePathProtocol/OUTPUT/UefiDevicePathLibDevicePathProtocol.lib(UefiDevicePathLib.obj)
                0x0000000000002fb4                DevicePathType
 .text.DevicePathSubType
                0x0000000000003004       0x50 /home/zrz0517/study/TEE/RT-TEE/edk2/Build/ArmVirtQemuKernel-AARCH64/DEBUG_GCC49/AARCH64/MdePkg/Library/UefiDevicePathLibDevicePathProtocol/UefiDevicePathLibDevicePathProtocol/OUTPUT/UefiDevicePathLibDevicePathProtocol.lib(UefiDevicePathLib.obj)
                0x0000000000003004                DevicePathSubType
 .text.DevicePathNodeLength
                0x0000000000003054       0x5c /home/zrz0517/study/TEE/RT-TEE/edk2/Build/ArmVirtQemuKernel-AARCH64/DEBUG_GCC49/AARCH64/MdePkg/Library/UefiDevicePathLibDevicePathProtocol/UefiDevicePathLibDevicePathProtocol/OUTPUT/UefiDevicePathLibDevicePathProtocol.lib(UefiDevicePathLib.obj)
                0x0000000000003054                DevicePathNodeLength
 .text.NextDevicePathNode
                0x00000000000030b0       0x5c /home/zrz0517/study/TEE/RT-TEE/edk2/Build/ArmVirtQemuKernel-AARCH64/DEBUG_GCC49/AARCH64/MdePkg/Library/UefiDevicePathLibDevicePathProtocol/UefiDevicePathLibDevicePathProtocol/OUTPUT/UefiDevicePathLibDevicePathProtocol.lib(UefiDevicePathLib.obj)
                0x00000000000030b0                NextDevicePathNode
 .text.IsDevicePathEndType
                0x000000000000310c       0x60 /home/zrz0517/study/TEE/RT-TEE/edk2/Build/ArmVirtQemuKernel-AARCH64/DEBUG_GCC49/AARCH64/MdePkg/Library/UefiDevicePathLibDevicePathProtocol/UefiDevicePathLibDevicePathProtocol/OUTPUT/UefiDevicePathLibDevicePathProtocol.lib(UefiDevicePathLib.obj)
                0x000000000000310c                IsDevicePathEndType
 .text.IsDevicePathEnd
                0x000000000000316c       0x80 /home/zrz0517/study/TEE/RT-TEE/edk2/Build/ArmVirtQemuKernel-AARCH64/DEBUG_GCC49/AARCH64/MdePkg/Library/UefiDevicePathLibDevicePathProtocol/UefiDevicePathLibDevicePathProtocol/OUTPUT/UefiDevicePathLibDevicePathProtocol.lib(UefiDevicePathLib.obj)
                0x000000000000316c                IsDevicePathEnd
 .text.GetDevicePathSize
                0x00000000000031ec       0x2c /home/zrz0517/study/TEE/RT-TEE/edk2/Build/ArmVirtQemuKernel-AARCH64/DEBUG_GCC49/AARCH64/MdePkg/Library/UefiDevicePathLibDevicePathProtocol/UefiDevicePathLibDevicePathProtocol/OUTPUT/UefiDevicePathLibDevicePathProtocol.lib(UefiDevicePathLib.obj)
                0x00000000000031ec                GetDevicePathSize
 .text.DuplicateDevicePath
                0x0000000000003218       0x2c /home/zrz0517/study/TEE/RT-TEE/edk2/Build/ArmVirtQemuKernel-AARCH64/DEBUG_GCC49/AARCH64/MdePkg/Library/UefiDevicePathLibDevicePathProtocol/UefiDevicePathLibDevicePathProtocol/OUTPUT/UefiDevicePathLibDevicePathProtocol.lib(UefiDevicePathLib.obj)
                0x0000000000003218                DuplicateDevicePath
 .text.AppendDevicePath
                0x0000000000003244       0x34 /home/zrz0517/study/TEE/RT-TEE/edk2/Build/ArmVirtQemuKernel-AARCH64/DEBUG_GCC49/AARCH64/MdePkg/Library/UefiDevicePathLibDevicePathProtocol/UefiDevicePathLibDevicePathProtocol/OUTPUT/UefiDevicePathLibDevicePathProtocol.lib(UefiDevicePathLib.obj)
                0x0000000000003244                AppendDevicePath
 .text.DevicePathFromHandle
                0x0000000000003278       0x54 /home/zrz0517/study/TEE/RT-TEE/edk2/Build/ArmVirtQemuKernel-AARCH64/DEBUG_GCC49/AARCH64/MdePkg/Library/UefiDevicePathLibDevicePathProtocol/UefiDevicePathLibDevicePathProtocol/OUTPUT/UefiDevicePathLibDevicePathProtocol.lib(UefiDevicePathLib.obj)
                0x0000000000003278                DevicePathFromHandle
 .text.UefiDevicePathLibLocateProtocol
                0x00000000000032cc       0x54 /home/zrz0517/study/TEE/RT-TEE/edk2/Build/ArmVirtQemuKernel-AARCH64/DEBUG_GCC49/AARCH64/MdePkg/Library/UefiDevicePathLibDevicePathProtocol/UefiDevicePathLibDevicePathProtocol/OUTPUT/UefiDevicePathLibDevicePathProtocol.lib(UefiDevicePathLib.obj)
                0x00000000000032cc                UefiDevicePathLibLocateProtocol
 .text.ConvertDevicePathToText
                0x0000000000003320       0x88 /home/zrz0517/study/TEE/RT-TEE/edk2/Build/ArmVirtQemuKernel-AARCH64/DEBUG_GCC49/AARCH64/MdePkg/Library/UefiDevicePathLibDevicePathProtocol/UefiDevicePathLibDevicePathProtocol/OUTPUT/UefiDevicePathLibDevicePathProtocol.lib(UefiDevicePathLib.obj)
                0x0000000000003320                ConvertDevicePathToText
 .text.UefiLibConstructor
                0x00000000000033a8       0x18 /home/zrz0517/study/TEE/RT-TEE/edk2/Build/ArmVirtQemuKernel-AARCH64/DEBUG_GCC49/AARCH64/MdePkg/Library/UefiLib/UefiLib/OUTPUT/UefiLib.lib(UefiLib.obj)
                0x00000000000033a8                UefiLibConstructor
 .text.EfiCreateProtocolNotifyEvent
                0x00000000000033c0      0x20c /home/zrz0517/study/TEE/RT-TEE/edk2/Build/ArmVirtQemuKernel-AARCH64/DEBUG_GCC49/AARCH64/MdePkg/Library/UefiLib/UefiLib/OUTPUT/UefiLib.lib(UefiLib.obj)
                0x00000000000033c0                EfiCreateProtocolNotifyEvent
 .text.ExecuteSecurityHandlers
                0x00000000000035cc      0x1fc /home/zrz0517/study/TEE/RT-TEE/edk2/Build/ArmVirtQemuKernel-AARCH64/DEBUG_GCC49/AARCH64/MdeModulePkg/Library/DxeSecurityManagementLib/DxeSecurityManagementLib/OUTPUT/DxeSecurityManagementLib.lib(DxeSecurityManagementLib.obj)
                0x00000000000035cc                ExecuteSecurityHandlers
 .text.ExecuteSecurity2Handlers
                0x00000000000037c8      0x178 /home/zrz0517/study/TEE/RT-TEE/edk2/Build/ArmVirtQemuKernel-AARCH64/DEBUG_GCC49/AARCH64/MdeModulePkg/Library/DxeSecurityManagementLib/DxeSecurityManagementLib/OUTPUT/DxeSecurityManagementLib.lib(DxeSecurityManagementLib.obj)
                0x00000000000037c8                ExecuteSecurity2Handlers
 .text.ReportStatusCode
                0x0000000000003940       0x18 /home/zrz0517/study/TEE/RT-TEE/edk2/Build/ArmVirtQemuKernel-AARCH64/DEBUG_GCC49/AARCH64/MdePkg/Library/BaseReportStatusCodeLibNull/BaseReportStatusCodeLibNull/OUTPUT/BaseReportStatusCodeLibNull.lib(BaseReportStatusCodeLib.obj)
                0x0000000000003940                ReportStatusCode
 .text.ReportProgressCodeEnabled
                0x0000000000003958        0x8 /home/zrz0517/study/TEE/RT-TEE/edk2/Build/ArmVirtQemuKernel-AARCH64/DEBUG_GCC49/AARCH64/MdePkg/Library/BaseReportStatusCodeLibNull/BaseReportStatusCodeLibNull/OUTPUT/BaseReportStatusCodeLibNull.lib(BaseReportStatusCodeLib.obj)
                0x0000000000003958                ReportProgressCodeEnabled
 .text.ReportErrorCodeEnabled
                0x0000000000003960        0x8 /home/zrz0517/study/TEE/RT-TEE/edk2/Build/ArmVirtQemuKernel-AARCH64/DEBUG_GCC49/AARCH64/MdePkg/Library/BaseReportStatusCodeLibNull/BaseReportStatusCodeLibNull/OUTPUT/BaseReportStatusCodeLibNull.lib(BaseReportStatusCodeLib.obj)
                0x0000000000003960                ReportErrorCodeEnabled
 .text.ReportDebugCodeEnabled
                0x0000000000003968        0x8 /home/zrz0517/study/TEE/RT-TEE/edk2/Build/ArmVirtQemuKernel-AARCH64/DEBUG_GCC49/AARCH64/MdePkg/Library/BaseReportStatusCodeLibNull/BaseReportStatusCodeLibNull/OUTPUT/BaseReportStatusCodeLibNull.lib(BaseReportStatusCodeLib.obj)
                0x0000000000003968                ReportDebugCodeEnabled
 .text.CompareGuid
                0x0000000000003970       0x90 /home/zrz0517/study/TEE/RT-TEE/edk2/Build/ArmVirtQemuKernel-AARCH64/DEBUG_GCC49/AARCH64/MdePkg/Library/BaseMemoryLibOptDxe/BaseMemoryLibOptDxe/OUTPUT/BaseMemoryLibOptDxe.lib(MemLibGuid.obj)
                0x0000000000003970                CompareGuid
 .text.ZeroMem  0x0000000000003a00       0xa8 /home/zrz0517/study/TEE/RT-TEE/edk2/Build/ArmVirtQemuKernel-AARCH64/DEBUG_GCC49/AARCH64/MdePkg/Library/BaseMemoryLibOptDxe/BaseMemoryLibOptDxe/OUTPUT/BaseMemoryLibOptDxe.lib(ZeroMemWrapper.obj)
                0x0000000000003a00                ZeroMem
 *fill*         0x0000000000003aa8        0x8 
 .text          0x0000000000003ab0      0x200 /home/zrz0517/study/TEE/RT-TEE/edk2/Build/ArmVirtQemuKernel-AARCH64/DEBUG_GCC49/AARCH64/MdePkg/Library/BaseMemoryLibOptDxe/BaseMemoryLibOptDxe/OUTPUT/BaseMemoryLibOptDxe.lib(SetMem.obj)
                0x0000000000003ab0                InternalMemSetMem16
                0x0000000000003abc                InternalMemSetMem32
                0x0000000000003ac8                InternalMemSetMem64
                0x0000000000003ad4                InternalMemZeroMem
                0x0000000000003adc                InternalMemSetMem
 *fill*         0x0000000000003cb0       0x10 
 .text          0x0000000000003cc0       0x20 /home/zrz0517/study/TEE/RT-TEE/edk2/Build/ArmVirtQemuKernel-AARCH64/DEBUG_GCC49/AARCH64/MdePkg/Library/BaseMemoryLibOptDxe/BaseMemoryLibOptDxe/OUTPUT/BaseMemoryLibOptDxe.lib(CompareGuid.obj)
                0x0000000000003cc0                InternalMemCompareGuid
 .text.AsciiStrLen
                0x0000000000003ce0       0xd4 /home/zrz0517/study/TEE/RT-TEE/edk2/Build/ArmVirtQemuKernel-AARCH64/DEBUG_GCC49/AARCH64/MdePkg/Library/BaseLib/BaseLib/OUTPUT/BaseLib.lib(String.obj)
                0x0000000000003ce0                AsciiStrLen
 .text.ReadUnaligned16
                0x0000000000003db4       0x88 /home/zrz0517/study/TEE/RT-TEE/edk2/Build/ArmVirtQemuKernel-AARCH64/DEBUG_GCC49/AARCH64/MdePkg/Library/BaseLib/BaseLib/OUTPUT/BaseLib.lib(Unaligned.obj)
                0x0000000000003db4                ReadUnaligned16
 .text.ReadUnaligned32
                0x0000000000003e3c       0x74 /home/zrz0517/study/TEE/RT-TEE/edk2/Build/ArmVirtQemuKernel-AARCH64/DEBUG_GCC49/AARCH64/MdePkg/Library/BaseLib/BaseLib/OUTPUT/BaseLib.lib(Unaligned.obj)
                0x0000000000003e3c                ReadUnaligned32
 .text          0x0000000000003eb0        0x8 /home/zrz0517/study/TEE/RT-TEE/edk2/Build/ArmVirtQemuKernel-AARCH64/DEBUG_GCC49/AARCH64/MdePkg/Library/BaseLib/BaseLib/OUTPUT/BaseLib.lib(CpuBreakpoint.obj)
                0x0000000000003eb0                CpuBreakpoint
 .text.StrnLenS
                0x0000000000003eb8       0xc0 /home/zrz0517/study/TEE/RT-TEE/edk2/Build/ArmVirtQemuKernel-AARCH64/DEBUG_GCC49/AARCH64/MdePkg/Library/BaseLib/BaseLib/OUTPUT/BaseLib.lib(SafeString.obj)
                0x0000000000003eb8                StrnLenS
 .text.AsciiStrnLenS
                0x0000000000003f78       0x80 /home/zrz0517/study/TEE/RT-TEE/edk2/Build/ArmVirtQemuKernel-AARCH64/DEBUG_GCC49/AARCH64/MdePkg/Library/BaseLib/BaseLib/OUTPUT/BaseLib.lib(SafeString.obj)
                0x0000000000003f78                AsciiStrnLenS
 .text.InternalMathDivRemU64x32
                0x0000000000003ff8       0x50 /home/zrz0517/study/TEE/RT-TEE/edk2/Build/ArmVirtQemuKernel-AARCH64/DEBUG_GCC49/AARCH64/MdePkg/Library/BaseLib/BaseLib/OUTPUT/BaseLib.lib(Math64.obj)
                0x0000000000003ff8                InternalMathDivRemU64x32
 .text.PL011UartInitializePort
                0x0000000000004048      0x3b0 /home/zrz0517/study/TEE/RT-TEE/edk2/Build/ArmVirtQemuKernel-AARCH64/DEBUG_GCC49/AARCH64/ArmPlatformPkg/Library/PL011UartLib/PL011UartLib/OUTPUT/PL011UartLib.lib(PL011UartLib.obj)
                0x0000000000004048                PL011UartInitializePort
 .text.PL011UartWrite
                0x00000000000043f8       0x7c /home/zrz0517/study/TEE/RT-TEE/edk2/Build/ArmVirtQemuKernel-AARCH64/DEBUG_GCC49/AARCH64/ArmPlatformPkg/Library/PL011UartLib/PL011UartLib/OUTPUT/PL011UartLib.lib(PL011UartLib.obj)
                0x00000000000043f8                PL011UartWrite
 .text.GetDebugPrintErrorLevel
                0x0000000000004474       0x10 /home/zrz0517/study/TEE/RT-TEE/edk2/Build/ArmVirtQemuKernel-AARCH64/DEBUG_GCC49/AARCH64/MdePkg/Library/BaseDebugPrintErrorLevelLib/BaseDebugPrintErrorLevelLib/OUTPUT/BaseDebugPrintErrorLevelLib.lib(BaseDebugPrintErrorLevelLib.obj)
                0x0000000000004474                GetDebugPrintErrorLevel
 .text.AsciiVSPrint
                0x0000000000004484       0x68 /home/zrz0517/study/TEE/RT-TEE/edk2/Build/ArmVirtQemuKernel-AARCH64/DEBUG_GCC49/AARCH64/MdePkg/Library/BasePrintLib/BasePrintLib/OUTPUT/BasePrintLib.lib(PrintLib.obj)
                0x0000000000004484                AsciiVSPrint
 .text.AsciiSPrint
                0x00000000000044ec       0x94 /home/zrz0517/study/TEE/RT-TEE/edk2/Build/ArmVirtQemuKernel-AARCH64/DEBUG_GCC49/AARCH64/MdePkg/Library/BasePrintLib/BasePrintLib/OUTPUT/BasePrintLib.lib(PrintLib.obj)
                0x00000000000044ec                AsciiSPrint
 .text.BasePrintLibFillBuffer
                0x0000000000004580       0x9c /home/zrz0517/study/TEE/RT-TEE/edk2/Build/ArmVirtQemuKernel-AARCH64/DEBUG_GCC49/AARCH64/MdePkg/Library/BasePrintLib/BasePrintLib/OUTPUT/BasePrintLib.lib(PrintLibInternal.obj)
                0x0000000000004580                BasePrintLibFillBuffer
 .text.BasePrintLibValueToString
                0x000000000000461c       0x7c /home/zrz0517/study/TEE/RT-TEE/edk2/Build/ArmVirtQemuKernel-AARCH64/DEBUG_GCC49/AARCH64/MdePkg/Library/BasePrintLib/BasePrintLib/OUTPUT/BasePrintLib.lib(PrintLibInternal.obj)
                0x000000000000461c                BasePrintLibValueToString
 .text.BasePrintLibSPrintMarker
                0x0000000000004698     0x1bcc /home/zrz0517/study/TEE/RT-TEE/edk2/Build/ArmVirtQemuKernel-AARCH64/DEBUG_GCC49/AARCH64/MdePkg/Library/BasePrintLib/BasePrintLib/OUTPUT/BasePrintLib.lib(PrintLibInternal.obj)
                0x0000000000004698                BasePrintLibSPrintMarker
 .text.BasePrintLibSPrint
                0x0000000000006264       0x9c /home/zrz0517/study/TEE/RT-TEE/edk2/Build/ArmVirtQemuKernel-AARCH64/DEBUG_GCC49/AARCH64/MdePkg/Library/BasePrintLib/BasePrintLib/OUTPUT/BasePrintLib.lib(PrintLibInternal.obj)
                0x0000000000006264                BasePrintLibSPrint
 .text.GetFileBufferByFilePath
                0x0000000000006300      0x7a8 /home/zrz0517/study/TEE/RT-TEE/edk2/Build/ArmVirtQemuKernel-AARCH64/DEBUG_GCC49/AARCH64/MdePkg/Library/DxeServicesLib/DxeServicesLib/OUTPUT/DxeServicesLib.lib(DxeServicesLib.obj)
                0x0000000000006300                GetFileBufferByFilePath
 .text.DivU64x32Remainder
                0x0000000000006aa8       0x60 /home/zrz0517/study/TEE/RT-TEE/edk2/Build/ArmVirtQemuKernel-AARCH64/DEBUG_GCC49/AARCH64/MdePkg/Library/BaseLib/BaseLib/OUTPUT/BaseLib.lib(DivU64x32Remainder.obj)
                0x0000000000006aa8                DivU64x32Remainder
 .text.MmioWrite8
                0x0000000000006b08       0x28 /home/zrz0517/study/TEE/RT-TEE/edk2/Build/ArmVirtQemuKernel-AARCH64/DEBUG_GCC49/AARCH64/MdePkg/Library/BaseIoLibIntrinsic/BaseIoLibIntrinsicArmVirt/OUTPUT/BaseIoLibIntrinsicArmVirt.lib(IoLibArmVirt.obj)
                0x0000000000006b08                MmioWrite8
 .text.MmioRead32
                0x0000000000006b30       0x54 /home/zrz0517/study/TEE/RT-TEE/edk2/Build/ArmVirtQemuKernel-AARCH64/DEBUG_GCC49/AARCH64/MdePkg/Library/BaseIoLibIntrinsic/BaseIoLibIntrinsicArmVirt/OUTPUT/BaseIoLibIntrinsicArmVirt.lib(IoLibArmVirt.obj)
                0x0000000000006b30                MmioRead32
 .text.MmioWrite32
                0x0000000000006b84       0x60 /home/zrz0517/study/TEE/RT-TEE/edk2/Build/ArmVirtQemuKernel-AARCH64/DEBUG_GCC49/AARCH64/MdePkg/Library/BaseIoLibIntrinsic/BaseIoLibIntrinsicArmVirt/OUTPUT/BaseIoLibIntrinsicArmVirt.lib(IoLibArmVirt.obj)
                0x0000000000006b84                MmioWrite32
 *fill*         0x0000000000006be4        0x4 
 .text          0x0000000000006be8       0x60 /home/zrz0517/study/TEE/RT-TEE/edk2/Build/ArmVirtQemuKernel-AARCH64/DEBUG_GCC49/AARCH64/MdePkg/Library/BaseIoLibIntrinsic/BaseIoLibIntrinsicArmVirt/OUTPUT/BaseIoLibIntrinsicArmVirt.lib(ArmVirtMmio.obj)
                0x0000000000006be8                MmioRead8Internal
                0x0000000000006bf4                MmioWrite8Internal
                0x0000000000006c00                MmioRead16Internal
                0x0000000000006c0c                MmioWrite16Internal
                0x0000000000006c18                MmioRead32Internal
                0x0000000000006c24                MmioWrite32Internal
                0x0000000000006c30                MmioRead64Internal
                0x0000000000006c3c                MmioWrite64Internal
 .text.EfiGetNameGuidFromFwVolDevicePathNode
                0x0000000000006c48       0x80 /home/zrz0517/study/TEE/RT-TEE/edk2/Build/ArmVirtQemuKernel-AARCH64/DEBUG_GCC49/AARCH64/MdePkg/Library/UefiLib/UefiLib/OUTPUT/UefiLib.lib(UefiNotTiano.obj)
                0x0000000000006c48                EfiGetNameGuidFromFwVolDevicePathNode
 *(.rodata .rodata.* .gnu.linkonce.r.*)
 .rodata        0x0000000000006cc8       0x9b /home/zrz0517/study/TEE/RT-TEE/edk2/Build/ArmVirtQemuKernel-AARCH64/DEBUG_GCC49/AARCH64/MdePkg/Library/UefiDriverEntryPoint/UefiDriverEntryPoint/OUTPUT/UefiDriverEntryPoint.lib(DriverEntryPoint.obj)
 *fill*         0x0000000000006d63        0x5 
 .rodata        0x0000000000006d68       0xef /home/zrz0517/study/TEE/RT-TEE/edk2/Build/ArmVirtQemuKernel-AARCH64/DEBUG_GCC49/AARCH64/MdeModulePkg/Universal/SecurityStubDxe/SecurityStubDxe/OUTPUT/SecurityStubDxe.lib(AutoGen.obj)
 *fill*         0x0000000000006e57        0x1 
 .rodata._gPcd_FixedAtBuild_PcdMaximumAsciiStringLength
                0x0000000000006e58        0x4 /home/zrz0517/study/TEE/RT-TEE/edk2/Build/ArmVirtQemuKernel-AARCH64/DEBUG_GCC49/AARCH64/MdeModulePkg/Universal/SecurityStubDxe/SecurityStubDxe/OUTPUT/SecurityStubDxe.lib(AutoGen.obj)
                0x0000000000006e58                _gPcd_FixedAtBuild_PcdMaximumAsciiStringLength
 .rodata._gPcd_FixedAtBuild_PcdMaximumUnicodeStringLength
                0x0000000000006e5c        0x4 /home/zrz0517/study/TEE/RT-TEE/edk2/Build/ArmVirtQemuKernel-AARCH64/DEBUG_GCC49/AARCH64/MdeModulePkg/Universal/SecurityStubDxe/SecurityStubDxe/OUTPUT/SecurityStubDxe.lib(AutoGen.obj)
                0x0000000000006e5c                _gPcd_FixedAtBuild_PcdMaximumUnicodeStringLength
 .rodata._gPcd_FixedAtBuild_PcdDebugPropertyMask
                0x0000000000006e60        0x1 /home/zrz0517/study/TEE/RT-TEE/edk2/Build/ArmVirtQemuKernel-AARCH64/DEBUG_GCC49/AARCH64/MdeModulePkg/Universal/SecurityStubDxe/SecurityStubDxe/OUTPUT/SecurityStubDxe.lib(AutoGen.obj)
                0x0000000000006e60                _gPcd_FixedAtBuild_PcdDebugPropertyMask
 *fill*         0x0000000000006e61        0x3 
 .rodata._gPcd_FixedAtBuild_PcdDebugPrintErrorLevel
                0x0000000000006e64        0x4 /home/zrz0517/study/TEE/RT-TEE/edk2/Build/ArmVirtQemuKernel-AARCH64/DEBUG_GCC49/AARCH64/MdeModulePkg/Universal/SecurityStubDxe/SecurityStubDxe/OUTPUT/SecurityStubDxe.lib(AutoGen.obj)
                0x0000000000006e64                _gPcd_FixedAtBuild_PcdDebugPrintErrorLevel
 .rodata._gPcd_FixedAtBuild_PcdUartDefaultBaudRate
                0x0000000000006e68        0x8 /home/zrz0517/study/TEE/RT-TEE/edk2/Build/ArmVirtQemuKernel-AARCH64/DEBUG_GCC49/AARCH64/MdeModulePkg/Universal/SecurityStubDxe/SecurityStubDxe/OUTPUT/SecurityStubDxe.lib(AutoGen.obj)
                0x0000000000006e68                _gPcd_FixedAtBuild_PcdUartDefaultBaudRate
 .rodata._gPcd_FixedAtBuild_PcdUartDefaultDataBits
                0x0000000000006e70        0x1 /home/zrz0517/study/TEE/RT-TEE/edk2/Build/ArmVirtQemuKernel-AARCH64/DEBUG_GCC49/AARCH64/MdeModulePkg/Universal/SecurityStubDxe/SecurityStubDxe/OUTPUT/SecurityStubDxe.lib(AutoGen.obj)
                0x0000000000006e70                _gPcd_FixedAtBuild_PcdUartDefaultDataBits
 .rodata._gPcd_FixedAtBuild_PcdUartDefaultParity
                0x0000000000006e71        0x1 /home/zrz0517/study/TEE/RT-TEE/edk2/Build/ArmVirtQemuKernel-AARCH64/DEBUG_GCC49/AARCH64/MdeModulePkg/Universal/SecurityStubDxe/SecurityStubDxe/OUTPUT/SecurityStubDxe.lib(AutoGen.obj)
                0x0000000000006e71                _gPcd_FixedAtBuild_PcdUartDefaultParity
 .rodata._gPcd_FixedAtBuild_PcdUartDefaultStopBits
                0x0000000000006e72        0x1 /home/zrz0517/study/TEE/RT-TEE/edk2/Build/ArmVirtQemuKernel-AARCH64/DEBUG_GCC49/AARCH64/MdeModulePkg/Universal/SecurityStubDxe/SecurityStubDxe/OUTPUT/SecurityStubDxe.lib(AutoGen.obj)
                0x0000000000006e72                _gPcd_FixedAtBuild_PcdUartDefaultStopBits
 *fill*         0x0000000000006e73        0x1 
 .rodata._gPcd_FixedAtBuild_PcdFixedDebugPrintErrorLevel
                0x0000000000006e74        0x4 /home/zrz0517/study/TEE/RT-TEE/edk2/Build/ArmVirtQemuKernel-AARCH64/DEBUG_GCC49/AARCH64/MdeModulePkg/Universal/SecurityStubDxe/SecurityStubDxe/OUTPUT/SecurityStubDxe.lib(AutoGen.obj)
                0x0000000000006e74                _gPcd_FixedAtBuild_PcdFixedDebugPrintErrorLevel
 .rodata._gUefiDriverRevision
                0x0000000000006e78        0x4 /home/zrz0517/study/TEE/RT-TEE/edk2/Build/ArmVirtQemuKernel-AARCH64/DEBUG_GCC49/AARCH64/MdeModulePkg/Universal/SecurityStubDxe/SecurityStubDxe/OUTPUT/SecurityStubDxe.lib(AutoGen.obj)
                0x0000000000006e78                _gUefiDriverRevision
 .rodata._gDriverUnloadImageCount
                0x0000000000006e7c        0x1 /home/zrz0517/study/TEE/RT-TEE/edk2/Build/ArmVirtQemuKernel-AARCH64/DEBUG_GCC49/AARCH64/MdeModulePkg/Universal/SecurityStubDxe/SecurityStubDxe/OUTPUT/SecurityStubDxe.lib(AutoGen.obj)
                0x0000000000006e7c                _gDriverUnloadImageCount
 *fill*         0x0000000000006e7d        0x3 
 .rodata        0x0000000000006e80      0x11c /home/zrz0517/study/TEE/RT-TEE/edk2/Build/ArmVirtQemuKernel-AARCH64/DEBUG_GCC49/AARCH64/MdeModulePkg/Universal/SecurityStubDxe/SecurityStubDxe/OUTPUT/SecurityStubDxe.lib(SecurityStub.obj)
 *fill*         0x0000000000006f9c        0x4 
 .rodata        0x0000000000006fa0      0x1fc /home/zrz0517/study/TEE/RT-TEE/edk2/Build/ArmVirtQemuKernel-AARCH64/DEBUG_GCC49/AARCH64/MdeModulePkg/Universal/SecurityStubDxe/SecurityStubDxe/OUTPUT/SecurityStubDxe.lib(Defer3rdPartyImageLoad.obj)
 *fill*         0x000000000000719c        0x4 
 .rodata        0x00000000000071a0      0x12e /home/zrz0517/study/TEE/RT-TEE/edk2/Build/ArmVirtQemuKernel-AARCH64/DEBUG_GCC49/AARCH64/MdePkg/Library/BaseMemoryLibOptDxe/BaseMemoryLibOptDxe/OUTPUT/BaseMemoryLibOptDxe.lib(CompareMemWrapper.obj)
 *fill*         0x00000000000072ce        0x2 
 .rodata        0x00000000000072d0       0xde /home/zrz0517/study/TEE/RT-TEE/edk2/Build/ArmVirtQemuKernel-AARCH64/DEBUG_GCC49/AARCH64/MdePkg/Library/BaseMemoryLibOptDxe/BaseMemoryLibOptDxe/OUTPUT/BaseMemoryLibOptDxe.lib(CopyMemWrapper.obj)
 *fill*         0x00000000000073ae        0x2 
 .rodata        0x00000000000073b0       0x9f /home/zrz0517/study/TEE/RT-TEE/edk2/Build/ArmVirtQemuKernel-AARCH64/DEBUG_GCC49/AARCH64/MdePkg/Library/BaseDebugLibSerialPort/BaseDebugLibSerialPort/OUTPUT/BaseDebugLibSerialPort.lib(DebugLib.obj)
 *fill*         0x000000000000744f        0x1 
 .rodata        0x0000000000007450       0xb4 /home/zrz0517/study/TEE/RT-TEE/edk2/Build/ArmVirtQemuKernel-AARCH64/DEBUG_GCC49/AARCH64/MdePkg/Library/UefiBootServicesTableLib/UefiBootServicesTableLib/OUTPUT/UefiBootServicesTableLib.lib(UefiBootServicesTableLib.obj)
 *fill*         0x0000000000007504        0x4 
 .rodata        0x0000000000007508      0x14f /home/zrz0517/study/TEE/RT-TEE/edk2/Build/ArmVirtQemuKernel-AARCH64/DEBUG_GCC49/AARCH64/MdePkg/Library/UefiMemoryAllocationLib/UefiMemoryAllocationLib/OUTPUT/UefiMemoryAllocationLib.lib(MemoryAllocationLib.obj)
 *fill*         0x0000000000007657        0x1 
 .rodata        0x0000000000007658       0x85 /home/zrz0517/study/TEE/RT-TEE/edk2/Build/ArmVirtQemuKernel-AARCH64/DEBUG_GCC49/AARCH64/MdePkg/Library/UefiRuntimeServicesTableLib/UefiRuntimeServicesTableLib/OUTPUT/UefiRuntimeServicesTableLib.lib(UefiRuntimeServicesTableLib.obj)
 *fill*         0x00000000000076dd        0x3 
 .rodata        0x00000000000076e0      0x17d /home/zrz0517/study/TEE/RT-TEE/edk2/Build/ArmVirtQemuKernel-AARCH64/DEBUG_GCC49/AARCH64/MdePkg/Library/UefiDevicePathLibDevicePathProtocol/UefiDevicePathLibDevicePathProtocol/OUTPUT/UefiDevicePathLibDevicePathProtocol.lib(UefiDevicePathLib.obj)
 *fill*         0x000000000000785d        0x3 
 .rodata        0x0000000000007860      0x25b /home/zrz0517/study/TEE/RT-TEE/edk2/Build/ArmVirtQemuKernel-AARCH64/DEBUG_GCC49/AARCH64/MdePkg/Library/UefiLib/UefiLib/OUTPUT/UefiLib.lib(UefiLib.obj)
 *fill*         0x0000000000007abb        0x5 
 .rodata        0x0000000000007ac0      0x175 /home/zrz0517/study/TEE/RT-TEE/edk2/Build/ArmVirtQemuKernel-AARCH64/DEBUG_GCC49/AARCH64/MdePkg/Library/BaseMemoryLibOptDxe/BaseMemoryLibOptDxe/OUTPUT/BaseMemoryLibOptDxe.lib(MemLibGuid.obj)
 *fill*         0x0000000000007c35        0x3 
 .rodata        0x0000000000007c38       0xa6 /home/zrz0517/study/TEE/RT-TEE/edk2/Build/ArmVirtQemuKernel-AARCH64/DEBUG_GCC49/AARCH64/MdePkg/Library/BaseMemoryLibOptDxe/BaseMemoryLibOptDxe/OUTPUT/BaseMemoryLibOptDxe.lib(ZeroMemWrapper.obj)
 *fill*         0x0000000000007cde        0x2 
 .rodata        0x0000000000007ce0      0x2b4 /home/zrz0517/study/TEE/RT-TEE/edk2/Build/ArmVirtQemuKernel-AARCH64/DEBUG_GCC49/AARCH64/MdePkg/Library/BaseLib/BaseLib/OUTPUT/BaseLib.lib(String.obj)
 *fill*         0x0000000000007f94        0x4 
 .rodata        0x0000000000007f98       0x63 /home/zrz0517/study/TEE/RT-TEE/edk2/Build/ArmVirtQemuKernel-AARCH64/DEBUG_GCC49/AARCH64/MdePkg/Library/BaseLib/BaseLib/OUTPUT/BaseLib.lib(Unaligned.obj)
 *fill*         0x0000000000007ffb        0x5 
 .rodata        0x0000000000008000      0x63c /home/zrz0517/study/TEE/RT-TEE/edk2/Build/ArmVirtQemuKernel-AARCH64/DEBUG_GCC49/AARCH64/MdePkg/Library/BaseLib/BaseLib/OUTPUT/BaseLib.lib(SafeString.obj)
 *fill*         0x000000000000863c        0x4 
 .rodata.mHexStr
                0x0000000000008640       0x10 /home/zrz0517/study/TEE/RT-TEE/edk2/Build/ArmVirtQemuKernel-AARCH64/DEBUG_GCC49/AARCH64/MdePkg/Library/BasePrintLib/BasePrintLib/OUTPUT/BasePrintLib.lib(PrintLibInternal.obj)
                0x0000000000008640                mHexStr
 .rodata        0x0000000000008650      0x72a /home/zrz0517/study/TEE/RT-TEE/edk2/Build/ArmVirtQemuKernel-AARCH64/DEBUG_GCC49/AARCH64/MdePkg/Library/BasePrintLib/BasePrintLib/OUTPUT/BasePrintLib.lib(PrintLibInternal.obj)
 *fill*         0x0000000000008d7a        0x6 
 .rodata.mStatusString
                0x0000000000008d80      0x138 /home/zrz0517/study/TEE/RT-TEE/edk2/Build/ArmVirtQemuKernel-AARCH64/DEBUG_GCC49/AARCH64/MdePkg/Library/BasePrintLib/BasePrintLib/OUTPUT/BasePrintLib.lib(PrintLibInternal.obj)
                0x0000000000008d80                mStatusString
 .rodata        0x0000000000008eb8       0x60 /home/zrz0517/study/TEE/RT-TEE/edk2/Build/ArmVirtQemuKernel-AARCH64/DEBUG_GCC49/AARCH64/MdePkg/Library/BaseLib/BaseLib/OUTPUT/BaseLib.lib(DivU64x32Remainder.obj)
 .rodata        0x0000000000008f18       0xb3 /home/zrz0517/study/TEE/RT-TEE/edk2/Build/ArmVirtQemuKernel-AARCH64/DEBUG_GCC49/AARCH64/MdePkg/Library/BaseIoLibIntrinsic/BaseIoLibIntrinsicArmVirt/OUTPUT/BaseIoLibIntrinsicArmVirt.lib(IoLibArmVirt.obj)
 *fill*         0x0000000000008fcb        0x5 
 .rodata        0x0000000000008fd0      0x141 /home/zrz0517/study/TEE/RT-TEE/edk2/Build/ArmVirtQemuKernel-AARCH64/DEBUG_GCC49/AARCH64/MdePkg/Library/UefiLib/UefiLib/OUTPUT/UefiLib.lib(UefiNotTiano.obj)
 *(.got .got.*)
 *:AutoGen.obj(.data.g*Guid)
 *fill*         0x0000000000009111        0x7 
 .data.gEfiEndOfDxeEventGroupGuid
                0x0000000000009118       0x10 /home/zrz0517/study/TEE/RT-TEE/edk2/Build/ArmVirtQemuKernel-AARCH64/DEBUG_GCC49/AARCH64/MdeModulePkg/Universal/SecurityStubDxe/SecurityStubDxe/OUTPUT/SecurityStubDxe.lib(AutoGen.obj)
                0x0000000000009118                gEfiEndOfDxeEventGroupGuid
 .data.gEfiHobListGuid
                0x0000000000009128       0x10 /home/zrz0517/study/TEE/RT-TEE/edk2/Build/ArmVirtQemuKernel-AARCH64/DEBUG_GCC49/AARCH64/MdeModulePkg/Universal/SecurityStubDxe/SecurityStubDxe/OUTPUT/SecurityStubDxe.lib(AutoGen.obj)
                0x0000000000009128                gEfiHobListGuid
 .data.gEarlyPL011BaseAddressGuid
                0x0000000000009138       0x10 /home/zrz0517/study/TEE/RT-TEE/edk2/Build/ArmVirtQemuKernel-AARCH64/DEBUG_GCC49/AARCH64/MdeModulePkg/Universal/SecurityStubDxe/SecurityStubDxe/OUTPUT/SecurityStubDxe.lib(AutoGen.obj)
                0x0000000000009138                gEarlyPL011BaseAddressGuid
 .data.gEfiFileInfoGuid
                0x0000000000009148       0x10 /home/zrz0517/study/TEE/RT-TEE/edk2/Build/ArmVirtQemuKernel-AARCH64/DEBUG_GCC49/AARCH64/MdeModulePkg/Universal/SecurityStubDxe/SecurityStubDxe/OUTPUT/SecurityStubDxe.lib(AutoGen.obj)
                0x0000000000009148                gEfiFileInfoGuid
 .data.gEfiSecurityArchProtocolGuid
                0x0000000000009158       0x10 /home/zrz0517/study/TEE/RT-TEE/edk2/Build/ArmVirtQemuKernel-AARCH64/DEBUG_GCC49/AARCH64/MdeModulePkg/Universal/SecurityStubDxe/SecurityStubDxe/OUTPUT/SecurityStubDxe.lib(AutoGen.obj)
                0x0000000000009158                gEfiSecurityArchProtocolGuid
 .data.gEfiSecurity2ArchProtocolGuid
                0x0000000000009168       0x10 /home/zrz0517/study/TEE/RT-TEE/edk2/Build/ArmVirtQemuKernel-AARCH64/DEBUG_GCC49/AARCH64/MdeModulePkg/Universal/SecurityStubDxe/SecurityStubDxe/OUTPUT/SecurityStubDxe.lib(AutoGen.obj)
                0x0000000000009168                gEfiSecurity2ArchProtocolGuid
 .data.gEfiDeferredImageLoadProtocolGuid
                0x0000000000009178       0x10 /home/zrz0517/study/TEE/RT-TEE/edk2/Build/ArmVirtQemuKernel-AARCH64/DEBUG_GCC49/AARCH64/MdeModulePkg/Universal/SecurityStubDxe/SecurityStubDxe/OUTPUT/SecurityStubDxe.lib(AutoGen.obj)
                0x0000000000009178                gEfiDeferredImageLoadProtocolGuid
 .data.gEfiDxeSmmReadyToLockProtocolGuid
                0x0000000000009188       0x10 /home/zrz0517/study/TEE/RT-TEE/edk2/Build/ArmVirtQemuKernel-AARCH64/DEBUG_GCC49/AARCH64/MdeModulePkg/Universal/SecurityStubDxe/SecurityStubDxe/OUTPUT/SecurityStubDxe.lib(AutoGen.obj)
                0x0000000000009188                gEfiDxeSmmReadyToLockProtocolGuid
 .data.gEfiDevicePathProtocolGuid
                0x0000000000009198       0x10 /home/zrz0517/study/TEE/RT-TEE/edk2/Build/ArmVirtQemuKernel-AARCH64/DEBUG_GCC49/AARCH64/MdeModulePkg/Universal/SecurityStubDxe/SecurityStubDxe/OUTPUT/SecurityStubDxe.lib(AutoGen.obj)
                0x0000000000009198                gEfiDevicePathProtocolGuid
 .data.gEfiDevicePathUtilitiesProtocolGuid
                0x00000000000091a8       0x10 /home/zrz0517/study/TEE/RT-TEE/edk2/Build/ArmVirtQemuKernel-AARCH64/DEBUG_GCC49/AARCH64/MdeModulePkg/Universal/SecurityStubDxe/SecurityStubDxe/OUTPUT/SecurityStubDxe.lib(AutoGen.obj)
                0x00000000000091a8                gEfiDevicePathUtilitiesProtocolGuid
 .data.gEfiDevicePathToTextProtocolGuid
                0x00000000000091b8       0x10 /home/zrz0517/study/TEE/RT-TEE/edk2/Build/ArmVirtQemuKernel-AARCH64/DEBUG_GCC49/AARCH64/MdeModulePkg/Universal/SecurityStubDxe/SecurityStubDxe/OUTPUT/SecurityStubDxe.lib(AutoGen.obj)
                0x00000000000091b8                gEfiDevicePathToTextProtocolGuid
 .data.gEfiFirmwareVolume2ProtocolGuid
                0x00000000000091c8       0x10 /home/zrz0517/study/TEE/RT-TEE/edk2/Build/ArmVirtQemuKernel-AARCH64/DEBUG_GCC49/AARCH64/MdeModulePkg/Universal/SecurityStubDxe/SecurityStubDxe/OUTPUT/SecurityStubDxe.lib(AutoGen.obj)
                0x00000000000091c8                gEfiFirmwareVolume2ProtocolGuid
 .data.gEfiLoadedImageProtocolGuid
                0x00000000000091d8       0x10 /home/zrz0517/study/TEE/RT-TEE/edk2/Build/ArmVirtQemuKernel-AARCH64/DEBUG_GCC49/AARCH64/MdeModulePkg/Universal/SecurityStubDxe/SecurityStubDxe/OUTPUT/SecurityStubDxe.lib(AutoGen.obj)
                0x00000000000091d8                gEfiLoadedImageProtocolGuid
 .data.gEfiLoadFileProtocolGuid
                0x00000000000091e8       0x10 /home/zrz0517/study/TEE/RT-TEE/edk2/Build/ArmVirtQemuKernel-AARCH64/DEBUG_GCC49/AARCH64/MdeModulePkg/Universal/SecurityStubDxe/SecurityStubDxe/OUTPUT/SecurityStubDxe.lib(AutoGen.obj)
                0x00000000000091e8                gEfiLoadFileProtocolGuid
 .data.gEfiLoadFile2ProtocolGuid
                0x00000000000091f8       0x10 /home/zrz0517/study/TEE/RT-TEE/edk2/Build/ArmVirtQemuKernel-AARCH64/DEBUG_GCC49/AARCH64/MdeModulePkg/Universal/SecurityStubDxe/SecurityStubDxe/OUTPUT/SecurityStubDxe.lib(AutoGen.obj)
                0x00000000000091f8                gEfiLoadFile2ProtocolGuid
 .data.gEfiSimpleFileSystemProtocolGuid
                0x0000000000009208       0x10 /home/zrz0517/study/TEE/RT-TEE/edk2/Build/ArmVirtQemuKernel-AARCH64/DEBUG_GCC49/AARCH64/MdeModulePkg/Universal/SecurityStubDxe/SecurityStubDxe/OUTPUT/SecurityStubDxe.lib(AutoGen.obj)
                0x0000000000009208                gEfiSimpleFileSystemProtocolGuid

.iplt           0x0000000000009218        0x0
 .iplt          0x0000000000009218        0x0 /home/zrz0517/study/TEE/RT-TEE/edk2/Build/ArmVirtQemuKernel-AARCH64/DEBUG_GCC49/AARCH64/MdePkg/Library/UefiDriverEntryPoint/UefiDriverEntryPoint/OUTPUT/UefiDriverEntryPoint.lib(DriverEntryPoint.obj)

.data           0x000000000000a000       0xa0
 *(.data .data.* .gnu.linkonce.d.*)
 .data.gEfiCallerBaseName
                0x000000000000a000        0x8 /home/zrz0517/study/TEE/RT-TEE/edk2/Build/ArmVirtQemuKernel-AARCH64/DEBUG_GCC49/AARCH64/MdeModulePkg/Universal/SecurityStubDxe/SecurityStubDxe/OUTPUT/SecurityStubDxe.lib(AutoGen.obj)
                0x000000000000a000                gEfiCallerBaseName
 .data.mSecurityStub
                0x000000000000a008        0x8 /home/zrz0517/study/TEE/RT-TEE/edk2/Build/ArmVirtQemuKernel-AARCH64/DEBUG_GCC49/AARCH64/MdeModulePkg/Universal/SecurityStubDxe/SecurityStubDxe/OUTPUT/SecurityStubDxe.lib(SecurityStub.obj)
                0x000000000000a008                mSecurityStub
 .data.mSecurity2Stub
                0x000000000000a010        0x8 /home/zrz0517/study/TEE/RT-TEE/edk2/Build/ArmVirtQemuKernel-AARCH64/DEBUG_GCC49/AARCH64/MdeModulePkg/Universal/SecurityStubDxe/SecurityStubDxe/OUTPUT/SecurityStubDxe.lib(SecurityStub.obj)
                0x000000000000a010                mSecurity2Stub
 .data.mDeferredImageLoad
                0x000000000000a018        0x8 /home/zrz0517/study/TEE/RT-TEE/edk2/Build/ArmVirtQemuKernel-AARCH64/DEBUG_GCC49/AARCH64/MdeModulePkg/Universal/SecurityStubDxe/SecurityStubDxe/OUTPUT/SecurityStubDxe.lib(Defer3rdPartyImageLoad.obj)
                0x000000000000a018                mDeferredImageLoad
 *(.bss .bss.*)
 .bss.mSecurityArchProtocolHandle
                0x000000000000a020        0x8 /home/zrz0517/study/TEE/RT-TEE/edk2/Build/ArmVirtQemuKernel-AARCH64/DEBUG_GCC49/AARCH64/MdeModulePkg/Universal/SecurityStubDxe/SecurityStubDxe/OUTPUT/SecurityStubDxe.lib(SecurityStub.obj)
                0x000000000000a020                mSecurityArchProtocolHandle
 .bss.mImageLoadedAfterEndOfDxe
                0x000000000000a028        0x1 /home/zrz0517/study/TEE/RT-TEE/edk2/Build/ArmVirtQemuKernel-AARCH64/DEBUG_GCC49/AARCH64/MdeModulePkg/Universal/SecurityStubDxe/SecurityStubDxe/OUTPUT/SecurityStubDxe.lib(Defer3rdPartyImageLoad.obj)
                0x000000000000a028                mImageLoadedAfterEndOfDxe
 .bss.mEndOfDxe
                0x000000000000a029        0x1 /home/zrz0517/study/TEE/RT-TEE/edk2/Build/ArmVirtQemuKernel-AARCH64/DEBUG_GCC49/AARCH64/MdeModulePkg/Universal/SecurityStubDxe/SecurityStubDxe/OUTPUT/SecurityStubDxe.lib(Defer3rdPartyImageLoad.obj)
                0x000000000000a029                mEndOfDxe
 *fill*         0x000000000000a02a        0x6 
 .bss.mDeferred3rdPartyImage
                0x000000000000a030       0x10 /home/zrz0517/study/TEE/RT-TEE/edk2/Build/ArmVirtQemuKernel-AARCH64/DEBUG_GCC49/AARCH64/MdeModulePkg/Universal/SecurityStubDxe/SecurityStubDxe/OUTPUT/SecurityStubDxe.lib(Defer3rdPartyImageLoad.obj)
                0x000000000000a030                mDeferred3rdPartyImage
 .bss.mHobList  0x000000000000a040        0x8 /home/zrz0517/study/TEE/RT-TEE/edk2/Build/ArmVirtQemuKernel-AARCH64/DEBUG_GCC49/AARCH64/ArmVirtPkg/Library/ArmVirtDxeHobLib/ArmVirtDxeHobLib/OUTPUT/ArmVirtDxeHobLib.lib(HobLib.obj)
                0x000000000000a040                mHobList
 .bss.mSerialBaseAddress
                0x000000000000a048        0x8 /home/zrz0517/study/TEE/RT-TEE/edk2/Build/ArmVirtQemuKernel-AARCH64/DEBUG_GCC49/AARCH64/ArmVirtPkg/Library/FdtPL011SerialPortLib/FdtPL011SerialPortLib/OUTPUT/FdtPL011SerialPortLib.lib(FdtPL011SerialPortLib.obj)
 .bss.gImageHandle
                0x000000000000a050        0x8 /home/zrz0517/study/TEE/RT-TEE/edk2/Build/ArmVirtQemuKernel-AARCH64/DEBUG_GCC49/AARCH64/MdePkg/Library/UefiBootServicesTableLib/UefiBootServicesTableLib/OUTPUT/UefiBootServicesTableLib.lib(UefiBootServicesTableLib.obj)
                0x000000000000a050                gImageHandle
 .bss.gST       0x000000000000a058        0x8 /home/zrz0517/study/TEE/RT-TEE/edk2/Build/ArmVirtQemuKernel-AARCH64/DEBUG_GCC49/AARCH64/MdePkg/Library/UefiBootServicesTableLib/UefiBootServicesTableLib/OUTPUT/UefiBootServicesTableLib.lib(UefiBootServicesTableLib.obj)
                0x000000000000a058                gST
 .bss.gBS       0x000000000000a060        0x8 /home/zrz0517/study/TEE/RT-TEE/edk2/Build/ArmVirtQemuKernel-AARCH64/DEBUG_GCC49/AARCH64/MdePkg/Library/UefiBootServicesTableLib/UefiBootServicesTableLib/OUTPUT/UefiBootServicesTableLib.lib(UefiBootServicesTableLib.obj)
                0x000000000000a060                gBS
 .bss.gRT       0x000000000000a068        0x8 /home/zrz0517/study/TEE/RT-TEE/edk2/Build/ArmVirtQemuKernel-AARCH64/DEBUG_GCC49/AARCH64/MdePkg/Library/UefiRuntimeServicesTableLib/UefiRuntimeServicesTableLib/OUTPUT/UefiRuntimeServicesTableLib.lib(UefiRuntimeServicesTableLib.obj)
                0x000000000000a068                gRT
 .bss.mDevicePathLibDevicePathUtilities
                0x000000000000a070        0x8 /home/zrz0517/study/TEE/RT-TEE/edk2/Build/ArmVirtQemuKernel-AARCH64/DEBUG_GCC49/AARCH64/MdePkg/Library/UefiDevicePathLibDevicePathProtocol/UefiDevicePathLibDevicePathProtocol/OUTPUT/UefiDevicePathLibDevicePathProtocol.lib(UefiDevicePathLib.obj)
                0x000000000000a070                mDevicePathLibDevicePathUtilities
 .bss.mDevicePathLibDevicePathToText
                0x000000000000a078        0x8 /home/zrz0517/study/TEE/RT-TEE/edk2/Build/ArmVirtQemuKernel-AARCH64/DEBUG_GCC49/AARCH64/MdePkg/Library/UefiDevicePathLibDevicePathProtocol/UefiDevicePathLibDevicePathProtocol/OUTPUT/UefiDevicePathLibDevicePathProtocol.lib(UefiDevicePathLib.obj)
                0x000000000000a078                mDevicePathLibDevicePathToText
 .bss.mNumberOfSecurityHandler
                0x000000000000a080        0x4 /home/zrz0517/study/TEE/RT-TEE/edk2/Build/ArmVirtQemuKernel-AARCH64/DEBUG_GCC49/AARCH64/MdeModulePkg/Library/DxeSecurityManagementLib/DxeSecurityManagementLib/OUTPUT/DxeSecurityManagementLib.lib(DxeSecurityManagementLib.obj)
                0x000000000000a080                mNumberOfSecurityHandler
 *fill*         0x000000000000a084        0x4 
 .bss.mSecurityTable
                0x000000000000a088        0x8 /home/zrz0517/study/TEE/RT-TEE/edk2/Build/ArmVirtQemuKernel-AARCH64/DEBUG_GCC49/AARCH64/MdeModulePkg/Library/DxeSecurityManagementLib/DxeSecurityManagementLib/OUTPUT/DxeSecurityManagementLib.lib(DxeSecurityManagementLib.obj)
                0x000000000000a088                mSecurityTable
 .bss.mNumberOfSecurity2Handler
                0x000000000000a090        0x4 /home/zrz0517/study/TEE/RT-TEE/edk2/Build/ArmVirtQemuKernel-AARCH64/DEBUG_GCC49/AARCH64/MdeModulePkg/Library/DxeSecurityManagementLib/DxeSecurityManagementLib/OUTPUT/DxeSecurityManagementLib.lib(DxeSecurityManagementLib.obj)
                0x000000000000a090                mNumberOfSecurity2Handler
 *fill*         0x000000000000a094        0x4 
 .bss.mSecurity2Table
                0x000000000000a098        0x8 /home/zrz0517/study/TEE/RT-TEE/edk2/Build/ArmVirtQemuKernel-AARCH64/DEBUG_GCC49/AARCH64/MdeModulePkg/Library/DxeSecurityManagementLib/DxeSecurityManagementLib/OUTPUT/DxeSecurityManagementLib.lib(DxeSecurityManagementLib.obj)
                0x000000000000a098                mSecurity2Table

.igot.plt       0x000000000000a0a0        0x0
 .igot.plt      0x000000000000a0a0        0x0 /home/zrz0517/study/TEE/RT-TEE/edk2/Build/ArmVirtQemuKernel-AARCH64/DEBUG_GCC49/AARCH64/MdePkg/Library/UefiDriverEntryPoint/UefiDriverEntryPoint/OUTPUT/UefiDriverEntryPoint.lib(DriverEntryPoint.obj)

.eh_frame
 *(.eh_frame)

.rela           0x000000000000a0a0        0x0
 *(.rela .rela.*)
 .rela.iplt     0x000000000000a0a0        0x0 /home/zrz0517/study/TEE/RT-TEE/edk2/Build/ArmVirtQemuKernel-AARCH64/DEBUG_GCC49/AARCH64/MdePkg/Library/UefiDriverEntryPoint/UefiDriverEntryPoint/OUTPUT/UefiDriverEntryPoint.lib(DriverEntryPoint.obj)

.hii
 *(.hii)

.build-id
 *(.note.gnu.build-id)

/DISCARD/
 *(.note.GNU-stack)
 *(.gnu_debuglink)
 *(.interp)
 *(.dynsym)
 *(.dynstr)
 *(.dynamic)
 *(.hash .gnu.hash)
 *(.comment)
 *(COMMON)
                0x0000000000000228                PECOFF_HEADER_SIZE = 0x228
OUTPUT(/home/zrz0517/study/TEE/RT-TEE/edk2/Build/ArmVirtQemuKernel-AARCH64/DEBUG_GCC49/AARCH64/MdeModulePkg/Universal/SecurityStubDxe/SecurityStubDxe/DEBUG/SecurityStubDxe.dll elf64-littleaarch64)

.debug_info     0x0000000000000000    0x210e3
 .debug_info    0x0000000000000000     0x1b62 /home/zrz0517/study/TEE/RT-TEE/edk2/Build/ArmVirtQemuKernel-AARCH64/DEBUG_GCC49/AARCH64/MdePkg/Library/UefiDriverEntryPoint/UefiDriverEntryPoint/OUTPUT/UefiDriverEntryPoint.lib(DriverEntryPoint.obj)
 .debug_info    0x0000000000001b62     0x21d1 /home/zrz0517/study/TEE/RT-TEE/edk2/Build/ArmVirtQemuKernel-AARCH64/DEBUG_GCC49/AARCH64/MdeModulePkg/Universal/SecurityStubDxe/SecurityStubDxe/OUTPUT/SecurityStubDxe.lib(AutoGen.obj)
 .debug_info    0x0000000000003d33     0x1e20 /home/zrz0517/study/TEE/RT-TEE/edk2/Build/ArmVirtQemuKernel-AARCH64/DEBUG_GCC49/AARCH64/MdeModulePkg/Universal/SecurityStubDxe/SecurityStubDxe/OUTPUT/SecurityStubDxe.lib(SecurityStub.obj)
 .debug_info    0x0000000000005b53     0x1fd4 /home/zrz0517/study/TEE/RT-TEE/edk2/Build/ArmVirtQemuKernel-AARCH64/DEBUG_GCC49/AARCH64/MdeModulePkg/Universal/SecurityStubDxe/SecurityStubDxe/OUTPUT/SecurityStubDxe.lib(Defer3rdPartyImageLoad.obj)
 .debug_info    0x0000000000007b27      0x280 /home/zrz0517/study/TEE/RT-TEE/edk2/Build/ArmVirtQemuKernel-AARCH64/DEBUG_GCC49/AARCH64/MdePkg/Library/BaseMemoryLibOptDxe/BaseMemoryLibOptDxe/OUTPUT/BaseMemoryLibOptDxe.lib(CompareMemWrapper.obj)
 .debug_info    0x0000000000007da7      0x26a /home/zrz0517/study/TEE/RT-TEE/edk2/Build/ArmVirtQemuKernel-AARCH64/DEBUG_GCC49/AARCH64/MdePkg/Library/BaseMemoryLibOptDxe/BaseMemoryLibOptDxe/OUTPUT/BaseMemoryLibOptDxe.lib(CopyMemWrapper.obj)
 .debug_info    0x0000000000008011      0x297 /home/zrz0517/study/TEE/RT-TEE/edk2/Build/ArmVirtQemuKernel-AARCH64/DEBUG_GCC49/AARCH64/MdePkg/Library/BaseLib/BaseLib/OUTPUT/BaseLib.lib(CpuDeadLoop.obj)
 .debug_info    0x00000000000082a8     0x253b /home/zrz0517/study/TEE/RT-TEE/edk2/Build/ArmVirtQemuKernel-AARCH64/DEBUG_GCC49/AARCH64/ArmVirtPkg/Library/ArmVirtDxeHobLib/ArmVirtDxeHobLib/OUTPUT/ArmVirtDxeHobLib.lib(HobLib.obj)
 .debug_info    0x000000000000a7e3      0x5f8 /home/zrz0517/study/TEE/RT-TEE/edk2/Build/ArmVirtQemuKernel-AARCH64/DEBUG_GCC49/AARCH64/ArmVirtPkg/Library/FdtPL011SerialPortLib/FdtPL011SerialPortLib/OUTPUT/FdtPL011SerialPortLib.lib(FdtPL011SerialPortLib.obj)
 .debug_info    0x000000000000addb      0x4aa /home/zrz0517/study/TEE/RT-TEE/edk2/Build/ArmVirtQemuKernel-AARCH64/DEBUG_GCC49/AARCH64/MdePkg/Library/BaseDebugLibSerialPort/BaseDebugLibSerialPort/OUTPUT/BaseDebugLibSerialPort.lib(DebugLib.obj)
 .debug_info    0x000000000000b285     0x19d4 /home/zrz0517/study/TEE/RT-TEE/edk2/Build/ArmVirtQemuKernel-AARCH64/DEBUG_GCC49/AARCH64/MdePkg/Library/UefiBootServicesTableLib/UefiBootServicesTableLib/OUTPUT/UefiBootServicesTableLib.lib(UefiBootServicesTableLib.obj)
 .debug_info    0x000000000000cc59     0x214e /home/zrz0517/study/TEE/RT-TEE/edk2/Build/ArmVirtQemuKernel-AARCH64/DEBUG_GCC49/AARCH64/MdePkg/Library/UefiMemoryAllocationLib/UefiMemoryAllocationLib/OUTPUT/UefiMemoryAllocationLib.lib(MemoryAllocationLib.obj)
 .debug_info    0x000000000000eda7     0x1991 /home/zrz0517/study/TEE/RT-TEE/edk2/Build/ArmVirtQemuKernel-AARCH64/DEBUG_GCC49/AARCH64/MdePkg/Library/UefiRuntimeServicesTableLib/UefiRuntimeServicesTableLib/OUTPUT/UefiRuntimeServicesTableLib.lib(UefiRuntimeServicesTableLib.obj)
 .debug_info    0x0000000000010738     0x2387 /home/zrz0517/study/TEE/RT-TEE/edk2/Build/ArmVirtQemuKernel-AARCH64/DEBUG_GCC49/AARCH64/MdePkg/Library/UefiDevicePathLibDevicePathProtocol/UefiDevicePathLibDevicePathProtocol/OUTPUT/UefiDevicePathLibDevicePathProtocol.lib(UefiDevicePathLib.obj)
 .debug_info    0x0000000000012abf     0x2627 /home/zrz0517/study/TEE/RT-TEE/edk2/Build/ArmVirtQemuKernel-AARCH64/DEBUG_GCC49/AARCH64/MdePkg/Library/UefiLib/UefiLib/OUTPUT/UefiLib.lib(UefiLib.obj)
 .debug_info    0x00000000000150e6     0x1de4 /home/zrz0517/study/TEE/RT-TEE/edk2/Build/ArmVirtQemuKernel-AARCH64/DEBUG_GCC49/AARCH64/MdeModulePkg/Library/DxeSecurityManagementLib/DxeSecurityManagementLib/OUTPUT/DxeSecurityManagementLib.lib(DxeSecurityManagementLib.obj)
 .debug_info    0x0000000000016eca      0x6cf /home/zrz0517/study/TEE/RT-TEE/edk2/Build/ArmVirtQemuKernel-AARCH64/DEBUG_GCC49/AARCH64/MdePkg/Library/BaseReportStatusCodeLibNull/BaseReportStatusCodeLibNull/OUTPUT/BaseReportStatusCodeLibNull.lib(BaseReportStatusCodeLib.obj)
 .debug_info    0x0000000000017599      0x33e /home/zrz0517/study/TEE/RT-TEE/edk2/Build/ArmVirtQemuKernel-AARCH64/DEBUG_GCC49/AARCH64/MdePkg/Library/BaseMemoryLibOptDxe/BaseMemoryLibOptDxe/OUTPUT/BaseMemoryLibOptDxe.lib(MemLibGuid.obj)
 .debug_info    0x00000000000178d7      0x250 /home/zrz0517/study/TEE/RT-TEE/edk2/Build/ArmVirtQemuKernel-AARCH64/DEBUG_GCC49/AARCH64/MdePkg/Library/BaseMemoryLibOptDxe/BaseMemoryLibOptDxe/OUTPUT/BaseMemoryLibOptDxe.lib(ZeroMemWrapper.obj)
 .debug_info    0x0000000000017b27      0xa10 /home/zrz0517/study/TEE/RT-TEE/edk2/Build/ArmVirtQemuKernel-AARCH64/DEBUG_GCC49/AARCH64/MdePkg/Library/BaseLib/BaseLib/OUTPUT/BaseLib.lib(String.obj)
 .debug_info    0x0000000000018537      0x4b5 /home/zrz0517/study/TEE/RT-TEE/edk2/Build/ArmVirtQemuKernel-AARCH64/DEBUG_GCC49/AARCH64/MdePkg/Library/BaseLib/BaseLib/OUTPUT/BaseLib.lib(Unaligned.obj)
 .debug_info    0x00000000000189ec     0x1310 /home/zrz0517/study/TEE/RT-TEE/edk2/Build/ArmVirtQemuKernel-AARCH64/DEBUG_GCC49/AARCH64/MdePkg/Library/BaseLib/BaseLib/OUTPUT/BaseLib.lib(SafeString.obj)
 .debug_info    0x0000000000019cfc      0x635 /home/zrz0517/study/TEE/RT-TEE/edk2/Build/ArmVirtQemuKernel-AARCH64/DEBUG_GCC49/AARCH64/MdePkg/Library/BaseLib/BaseLib/OUTPUT/BaseLib.lib(Math64.obj)
 .debug_info    0x000000000001a331      0x689 /home/zrz0517/study/TEE/RT-TEE/edk2/Build/ArmVirtQemuKernel-AARCH64/DEBUG_GCC49/AARCH64/ArmPlatformPkg/Library/PL011UartLib/PL011UartLib/OUTPUT/PL011UartLib.lib(PL011UartLib.obj)
 .debug_info    0x000000000001a9ba      0x272 /home/zrz0517/study/TEE/RT-TEE/edk2/Build/ArmVirtQemuKernel-AARCH64/DEBUG_GCC49/AARCH64/MdePkg/Library/BaseDebugPrintErrorLevelLib/BaseDebugPrintErrorLevelLib/OUTPUT/BaseDebugPrintErrorLevelLib.lib(BaseDebugPrintErrorLevelLib.obj)
 .debug_info    0x000000000001ac2c      0x94d /home/zrz0517/study/TEE/RT-TEE/edk2/Build/ArmVirtQemuKernel-AARCH64/DEBUG_GCC49/AARCH64/MdePkg/Library/BasePrintLib/BasePrintLib/OUTPUT/BasePrintLib.lib(PrintLib.obj)
 .debug_info    0x000000000001b579      0x9c7 /home/zrz0517/study/TEE/RT-TEE/edk2/Build/ArmVirtQemuKernel-AARCH64/DEBUG_GCC49/AARCH64/MdePkg/Library/BasePrintLib/BasePrintLib/OUTPUT/BasePrintLib.lib(PrintLibInternal.obj)
 .debug_info    0x000000000001bf40     0x29da /home/zrz0517/study/TEE/RT-TEE/edk2/Build/ArmVirtQemuKernel-AARCH64/DEBUG_GCC49/AARCH64/MdePkg/Library/DxeServicesLib/DxeServicesLib/OUTPUT/DxeServicesLib.lib(DxeServicesLib.obj)
 .debug_info    0x000000000001e91a      0x2b2 /home/zrz0517/study/TEE/RT-TEE/edk2/Build/ArmVirtQemuKernel-AARCH64/DEBUG_GCC49/AARCH64/MdePkg/Library/BaseLib/BaseLib/OUTPUT/BaseLib.lib(DivU64x32Remainder.obj)
 .debug_info    0x000000000001ebcc      0x7a8 /home/zrz0517/study/TEE/RT-TEE/edk2/Build/ArmVirtQemuKernel-AARCH64/DEBUG_GCC49/AARCH64/MdePkg/Library/BaseIoLibIntrinsic/BaseIoLibIntrinsicArmVirt/OUTPUT/BaseIoLibIntrinsicArmVirt.lib(IoLibArmVirt.obj)
 .debug_info    0x000000000001f374     0x1d6f /home/zrz0517/study/TEE/RT-TEE/edk2/Build/ArmVirtQemuKernel-AARCH64/DEBUG_GCC49/AARCH64/MdePkg/Library/UefiLib/UefiLib/OUTPUT/UefiLib.lib(UefiNotTiano.obj)

.debug_abbrev   0x0000000000000000     0x34ac
 .debug_abbrev  0x0000000000000000      0x203 /home/zrz0517/study/TEE/RT-TEE/edk2/Build/ArmVirtQemuKernel-AARCH64/DEBUG_GCC49/AARCH64/MdePkg/Library/UefiDriverEntryPoint/UefiDriverEntryPoint/OUTPUT/UefiDriverEntryPoint.lib(DriverEntryPoint.obj)
 .debug_abbrev  0x0000000000000203      0x29b /home/zrz0517/study/TEE/RT-TEE/edk2/Build/ArmVirtQemuKernel-AARCH64/DEBUG_GCC49/AARCH64/MdeModulePkg/Universal/SecurityStubDxe/SecurityStubDxe/OUTPUT/SecurityStubDxe.lib(AutoGen.obj)
 .debug_abbrev  0x000000000000049e      0x22a /home/zrz0517/study/TEE/RT-TEE/edk2/Build/ArmVirtQemuKernel-AARCH64/DEBUG_GCC49/AARCH64/MdeModulePkg/Universal/SecurityStubDxe/SecurityStubDxe/OUTPUT/SecurityStubDxe.lib(SecurityStub.obj)
 .debug_abbrev  0x00000000000006c8      0x2b3 /home/zrz0517/study/TEE/RT-TEE/edk2/Build/ArmVirtQemuKernel-AARCH64/DEBUG_GCC49/AARCH64/MdeModulePkg/Universal/SecurityStubDxe/SecurityStubDxe/OUTPUT/SecurityStubDxe.lib(Defer3rdPartyImageLoad.obj)
 .debug_abbrev  0x000000000000097b       0xcf /home/zrz0517/study/TEE/RT-TEE/edk2/Build/ArmVirtQemuKernel-AARCH64/DEBUG_GCC49/AARCH64/MdePkg/Library/BaseMemoryLibOptDxe/BaseMemoryLibOptDxe/OUTPUT/BaseMemoryLibOptDxe.lib(CompareMemWrapper.obj)
 .debug_abbrev  0x0000000000000a4a       0xd6 /home/zrz0517/study/TEE/RT-TEE/edk2/Build/ArmVirtQemuKernel-AARCH64/DEBUG_GCC49/AARCH64/MdePkg/Library/BaseMemoryLibOptDxe/BaseMemoryLibOptDxe/OUTPUT/BaseMemoryLibOptDxe.lib(CopyMemWrapper.obj)
 .debug_abbrev  0x0000000000000b20       0xd4 /home/zrz0517/study/TEE/RT-TEE/edk2/Build/ArmVirtQemuKernel-AARCH64/DEBUG_GCC49/AARCH64/MdePkg/Library/BaseLib/BaseLib/OUTPUT/BaseLib.lib(CpuDeadLoop.obj)
 .debug_abbrev  0x0000000000000bf4      0x2a8 /home/zrz0517/study/TEE/RT-TEE/edk2/Build/ArmVirtQemuKernel-AARCH64/DEBUG_GCC49/AARCH64/ArmVirtPkg/Library/ArmVirtDxeHobLib/ArmVirtDxeHobLib/OUTPUT/ArmVirtDxeHobLib.lib(HobLib.obj)
 .debug_abbrev  0x0000000000000e9c      0x1c1 /home/zrz0517/study/TEE/RT-TEE/edk2/Build/ArmVirtQemuKernel-AARCH64/DEBUG_GCC49/AARCH64/ArmVirtPkg/Library/FdtPL011SerialPortLib/FdtPL011SerialPortLib/OUTPUT/FdtPL011SerialPortLib.lib(FdtPL011SerialPortLib.obj)
 .debug_abbrev  0x000000000000105d      0x1bc /home/zrz0517/study/TEE/RT-TEE/edk2/Build/ArmVirtQemuKernel-AARCH64/DEBUG_GCC49/AARCH64/MdePkg/Library/BaseDebugLibSerialPort/BaseDebugLibSerialPort/OUTPUT/BaseDebugLibSerialPort.lib(DebugLib.obj)
 .debug_abbrev  0x0000000000001219      0x1f0 /home/zrz0517/study/TEE/RT-TEE/edk2/Build/ArmVirtQemuKernel-AARCH64/DEBUG_GCC49/AARCH64/MdePkg/Library/UefiBootServicesTableLib/UefiBootServicesTableLib/OUTPUT/UefiBootServicesTableLib.lib(UefiBootServicesTableLib.obj)
 .debug_abbrev  0x0000000000001409      0x27b /home/zrz0517/study/TEE/RT-TEE/edk2/Build/ArmVirtQemuKernel-AARCH64/DEBUG_GCC49/AARCH64/MdePkg/Library/UefiMemoryAllocationLib/UefiMemoryAllocationLib/OUTPUT/UefiMemoryAllocationLib.lib(MemoryAllocationLib.obj)
 .debug_abbrev  0x0000000000001684      0x1d4 /home/zrz0517/study/TEE/RT-TEE/edk2/Build/ArmVirtQemuKernel-AARCH64/DEBUG_GCC49/AARCH64/MdePkg/Library/UefiRuntimeServicesTableLib/UefiRuntimeServicesTableLib/OUTPUT/UefiRuntimeServicesTableLib.lib(UefiRuntimeServicesTableLib.obj)
 .debug_abbrev  0x0000000000001858      0x272 /home/zrz0517/study/TEE/RT-TEE/edk2/Build/ArmVirtQemuKernel-AARCH64/DEBUG_GCC49/AARCH64/MdePkg/Library/UefiDevicePathLibDevicePathProtocol/UefiDevicePathLibDevicePathProtocol/OUTPUT/UefiDevicePathLibDevicePathProtocol.lib(UefiDevicePathLib.obj)
 .debug_abbrev  0x0000000000001aca      0x2a8 /home/zrz0517/study/TEE/RT-TEE/edk2/Build/ArmVirtQemuKernel-AARCH64/DEBUG_GCC49/AARCH64/MdePkg/Library/UefiLib/UefiLib/OUTPUT/UefiLib.lib(UefiLib.obj)
 .debug_abbrev  0x0000000000001d72      0x290 /home/zrz0517/study/TEE/RT-TEE/edk2/Build/ArmVirtQemuKernel-AARCH64/DEBUG_GCC49/AARCH64/MdeModulePkg/Library/DxeSecurityManagementLib/DxeSecurityManagementLib/OUTPUT/DxeSecurityManagementLib.lib(DxeSecurityManagementLib.obj)
 .debug_abbrev  0x0000000000002002      0x1ac /home/zrz0517/study/TEE/RT-TEE/edk2/Build/ArmVirtQemuKernel-AARCH64/DEBUG_GCC49/AARCH64/MdePkg/Library/BaseReportStatusCodeLibNull/BaseReportStatusCodeLibNull/OUTPUT/BaseReportStatusCodeLibNull.lib(BaseReportStatusCodeLib.obj)
 .debug_abbrev  0x00000000000021ae       0xee /home/zrz0517/study/TEE/RT-TEE/edk2/Build/ArmVirtQemuKernel-AARCH64/DEBUG_GCC49/AARCH64/MdePkg/Library/BaseMemoryLibOptDxe/BaseMemoryLibOptDxe/OUTPUT/BaseMemoryLibOptDxe.lib(MemLibGuid.obj)
 .debug_abbrev  0x000000000000229c       0xcf /home/zrz0517/study/TEE/RT-TEE/edk2/Build/ArmVirtQemuKernel-AARCH64/DEBUG_GCC49/AARCH64/MdePkg/Library/BaseMemoryLibOptDxe/BaseMemoryLibOptDxe/OUTPUT/BaseMemoryLibOptDxe.lib(ZeroMemWrapper.obj)
 .debug_abbrev  0x000000000000236b      0x16d /home/zrz0517/study/TEE/RT-TEE/edk2/Build/ArmVirtQemuKernel-AARCH64/DEBUG_GCC49/AARCH64/MdePkg/Library/BaseLib/BaseLib/OUTPUT/BaseLib.lib(String.obj)
 .debug_abbrev  0x00000000000024d8       0xe9 /home/zrz0517/study/TEE/RT-TEE/edk2/Build/ArmVirtQemuKernel-AARCH64/DEBUG_GCC49/AARCH64/MdePkg/Library/BaseLib/BaseLib/OUTPUT/BaseLib.lib(Unaligned.obj)
 .debug_abbrev  0x00000000000025c1      0x174 /home/zrz0517/study/TEE/RT-TEE/edk2/Build/ArmVirtQemuKernel-AARCH64/DEBUG_GCC49/AARCH64/MdePkg/Library/BaseLib/BaseLib/OUTPUT/BaseLib.lib(SafeString.obj)
 .debug_abbrev  0x0000000000002735      0x14b /home/zrz0517/study/TEE/RT-TEE/edk2/Build/ArmVirtQemuKernel-AARCH64/DEBUG_GCC49/AARCH64/MdePkg/Library/BaseLib/BaseLib/OUTPUT/BaseLib.lib(Math64.obj)
 .debug_abbrev  0x0000000000002880      0x151 /home/zrz0517/study/TEE/RT-TEE/edk2/Build/ArmVirtQemuKernel-AARCH64/DEBUG_GCC49/AARCH64/ArmPlatformPkg/Library/PL011UartLib/PL011UartLib/OUTPUT/PL011UartLib.lib(PL011UartLib.obj)
 .debug_abbrev  0x00000000000029d1       0xed /home/zrz0517/study/TEE/RT-TEE/edk2/Build/ArmVirtQemuKernel-AARCH64/DEBUG_GCC49/AARCH64/MdePkg/Library/BaseDebugPrintErrorLevelLib/BaseDebugPrintErrorLevelLib/OUTPUT/BaseDebugPrintErrorLevelLib.lib(BaseDebugPrintErrorLevelLib.obj)
 .debug_abbrev  0x0000000000002abe      0x179 /home/zrz0517/study/TEE/RT-TEE/edk2/Build/ArmVirtQemuKernel-AARCH64/DEBUG_GCC49/AARCH64/MdePkg/Library/BasePrintLib/BasePrintLib/OUTPUT/BasePrintLib.lib(PrintLib.obj)
 .debug_abbrev  0x0000000000002c37      0x1aa /home/zrz0517/study/TEE/RT-TEE/edk2/Build/ArmVirtQemuKernel-AARCH64/DEBUG_GCC49/AARCH64/MdePkg/Library/BasePrintLib/BasePrintLib/OUTPUT/BasePrintLib.lib(PrintLibInternal.obj)
 .debug_abbrev  0x0000000000002de1      0x247 /home/zrz0517/study/TEE/RT-TEE/edk2/Build/ArmVirtQemuKernel-AARCH64/DEBUG_GCC49/AARCH64/MdePkg/Library/DxeServicesLib/DxeServicesLib/OUTPUT/DxeServicesLib.lib(DxeServicesLib.obj)
 .debug_abbrev  0x0000000000003028       0xd1 /home/zrz0517/study/TEE/RT-TEE/edk2/Build/ArmVirtQemuKernel-AARCH64/DEBUG_GCC49/AARCH64/MdePkg/Library/BaseLib/BaseLib/OUTPUT/BaseLib.lib(DivU64x32Remainder.obj)
 .debug_abbrev  0x00000000000030f9      0x138 /home/zrz0517/study/TEE/RT-TEE/edk2/Build/ArmVirtQemuKernel-AARCH64/DEBUG_GCC49/AARCH64/MdePkg/Library/BaseIoLibIntrinsic/BaseIoLibIntrinsicArmVirt/OUTPUT/BaseIoLibIntrinsicArmVirt.lib(IoLibArmVirt.obj)
 .debug_abbrev  0x0000000000003231      0x27b /home/zrz0517/study/TEE/RT-TEE/edk2/Build/ArmVirtQemuKernel-AARCH64/DEBUG_GCC49/AARCH64/MdePkg/Library/UefiLib/UefiLib/OUTPUT/UefiLib.lib(UefiNotTiano.obj)

.debug_aranges  0x0000000000000000     0x1780
 .debug_aranges
                0x0000000000000000       0x50 /home/zrz0517/study/TEE/RT-TEE/edk2/Build/ArmVirtQemuKernel-AARCH64/DEBUG_GCC49/AARCH64/MdePkg/Library/UefiDriverEntryPoint/UefiDriverEntryPoint/OUTPUT/UefiDriverEntryPoint.lib(DriverEntryPoint.obj)
 .debug_aranges
                0x0000000000000050       0x70 /home/zrz0517/study/TEE/RT-TEE/edk2/Build/ArmVirtQemuKernel-AARCH64/DEBUG_GCC49/AARCH64/MdeModulePkg/Universal/SecurityStubDxe/SecurityStubDxe/OUTPUT/SecurityStubDxe.lib(AutoGen.obj)
 .debug_aranges
                0x00000000000000c0       0x50 /home/zrz0517/study/TEE/RT-TEE/edk2/Build/ArmVirtQemuKernel-AARCH64/DEBUG_GCC49/AARCH64/MdeModulePkg/Universal/SecurityStubDxe/SecurityStubDxe/OUTPUT/SecurityStubDxe.lib(SecurityStub.obj)
 .debug_aranges
                0x0000000000000110       0xa0 /home/zrz0517/study/TEE/RT-TEE/edk2/Build/ArmVirtQemuKernel-AARCH64/DEBUG_GCC49/AARCH64/MdeModulePkg/Universal/SecurityStubDxe/SecurityStubDxe/OUTPUT/SecurityStubDxe.lib(Defer3rdPartyImageLoad.obj)
 .debug_aranges
                0x00000000000001b0       0x30 /home/zrz0517/study/TEE/RT-TEE/edk2/Build/ArmVirtQemuKernel-AARCH64/DEBUG_GCC49/AARCH64/MdePkg/Library/BaseMemoryLibOptDxe/BaseMemoryLibOptDxe/OUTPUT/BaseMemoryLibOptDxe.lib(CompareMemWrapper.obj)
 .debug_aranges
                0x00000000000001e0       0x30 /home/zrz0517/study/TEE/RT-TEE/edk2/Build/ArmVirtQemuKernel-AARCH64/DEBUG_GCC49/AARCH64/MdePkg/Library/BaseMemoryLibOptDxe/BaseMemoryLibOptDxe/OUTPUT/BaseMemoryLibOptDxe.lib(CopyMemWrapper.obj)
 .debug_aranges
                0x0000000000000210       0x30 /home/zrz0517/study/TEE/RT-TEE/edk2/Build/ArmVirtQemuKernel-AARCH64/DEBUG_GCC49/AARCH64/MdePkg/Library/BaseLib/BaseLib/OUTPUT/BaseLib.lib(CpuDeadLoop.obj)
 .debug_aranges
                0x0000000000000240      0x150 /home/zrz0517/study/TEE/RT-TEE/edk2/Build/ArmVirtQemuKernel-AARCH64/DEBUG_GCC49/AARCH64/ArmVirtPkg/Library/ArmVirtDxeHobLib/ArmVirtDxeHobLib/OUTPUT/ArmVirtDxeHobLib.lib(HobLib.obj)
 .debug_aranges
                0x0000000000000390       0xa0 /home/zrz0517/study/TEE/RT-TEE/edk2/Build/ArmVirtQemuKernel-AARCH64/DEBUG_GCC49/AARCH64/ArmVirtPkg/Library/FdtPL011SerialPortLib/FdtPL011SerialPortLib/OUTPUT/FdtPL011SerialPortLib.lib(FdtPL011SerialPortLib.obj)
 .debug_aranges
                0x0000000000000430       0xb0 /home/zrz0517/study/TEE/RT-TEE/edk2/Build/ArmVirtQemuKernel-AARCH64/DEBUG_GCC49/AARCH64/MdePkg/Library/BaseDebugLibSerialPort/BaseDebugLibSerialPort/OUTPUT/BaseDebugLibSerialPort.lib(DebugLib.obj)
 .debug_aranges
                0x00000000000004e0       0x30 /home/zrz0517/study/TEE/RT-TEE/edk2/Build/ArmVirtQemuKernel-AARCH64/DEBUG_GCC49/AARCH64/MdePkg/Library/UefiBootServicesTableLib/UefiBootServicesTableLib/OUTPUT/UefiBootServicesTableLib.lib(UefiBootServicesTableLib.obj)
 .debug_aranges
                0x0000000000000510      0x1d0 /home/zrz0517/study/TEE/RT-TEE/edk2/Build/ArmVirtQemuKernel-AARCH64/DEBUG_GCC49/AARCH64/MdePkg/Library/UefiMemoryAllocationLib/UefiMemoryAllocationLib/OUTPUT/UefiMemoryAllocationLib.lib(MemoryAllocationLib.obj)
 .debug_aranges
                0x00000000000006e0       0x30 /home/zrz0517/study/TEE/RT-TEE/edk2/Build/ArmVirtQemuKernel-AARCH64/DEBUG_GCC49/AARCH64/MdePkg/Library/UefiRuntimeServicesTableLib/UefiRuntimeServicesTableLib/OUTPUT/UefiRuntimeServicesTableLib.lib(UefiRuntimeServicesTableLib.obj)
 .debug_aranges
                0x0000000000000710      0x1c0 /home/zrz0517/study/TEE/RT-TEE/edk2/Build/ArmVirtQemuKernel-AARCH64/DEBUG_GCC49/AARCH64/MdePkg/Library/UefiDevicePathLibDevicePathProtocol/UefiDevicePathLibDevicePathProtocol/OUTPUT/UefiDevicePathLibDevicePathProtocol.lib(UefiDevicePathLib.obj)
 .debug_aranges
                0x00000000000008d0      0x1a0 /home/zrz0517/study/TEE/RT-TEE/edk2/Build/ArmVirtQemuKernel-AARCH64/DEBUG_GCC49/AARCH64/MdePkg/Library/UefiLib/UefiLib/OUTPUT/UefiLib.lib(UefiLib.obj)
 .debug_aranges
                0x0000000000000a70       0xa0 /home/zrz0517/study/TEE/RT-TEE/edk2/Build/ArmVirtQemuKernel-AARCH64/DEBUG_GCC49/AARCH64/MdeModulePkg/Library/DxeSecurityManagementLib/DxeSecurityManagementLib/OUTPUT/DxeSecurityManagementLib.lib(DxeSecurityManagementLib.obj)
 .debug_aranges
                0x0000000000000b10       0xc0 /home/zrz0517/study/TEE/RT-TEE/edk2/Build/ArmVirtQemuKernel-AARCH64/DEBUG_GCC49/AARCH64/MdePkg/Library/BaseReportStatusCodeLibNull/BaseReportStatusCodeLibNull/OUTPUT/BaseReportStatusCodeLibNull.lib(BaseReportStatusCodeLib.obj)
 .debug_aranges
                0x0000000000000bd0       0x60 /home/zrz0517/study/TEE/RT-TEE/edk2/Build/ArmVirtQemuKernel-AARCH64/DEBUG_GCC49/AARCH64/MdePkg/Library/BaseMemoryLibOptDxe/BaseMemoryLibOptDxe/OUTPUT/BaseMemoryLibOptDxe.lib(MemLibGuid.obj)
 .debug_aranges
                0x0000000000000c30       0x30 /home/zrz0517/study/TEE/RT-TEE/edk2/Build/ArmVirtQemuKernel-AARCH64/DEBUG_GCC49/AARCH64/MdePkg/Library/BaseMemoryLibOptDxe/BaseMemoryLibOptDxe/OUTPUT/BaseMemoryLibOptDxe.lib(ZeroMemWrapper.obj)
 .debug_aranges
                0x0000000000000c60      0x1f0 /home/zrz0517/study/TEE/RT-TEE/edk2/Build/ArmVirtQemuKernel-AARCH64/DEBUG_GCC49/AARCH64/MdePkg/Library/BaseLib/BaseLib/OUTPUT/BaseLib.lib(String.obj)
 .debug_aranges
                0x0000000000000e50       0xa0 /home/zrz0517/study/TEE/RT-TEE/edk2/Build/ArmVirtQemuKernel-AARCH64/DEBUG_GCC49/AARCH64/MdePkg/Library/BaseLib/BaseLib/OUTPUT/BaseLib.lib(Unaligned.obj)
 .debug_aranges
                0x0000000000000ef0      0x250 /home/zrz0517/study/TEE/RT-TEE/edk2/Build/ArmVirtQemuKernel-AARCH64/DEBUG_GCC49/AARCH64/MdePkg/Library/BaseLib/BaseLib/OUTPUT/BaseLib.lib(SafeString.obj)
 .debug_aranges
                0x0000000000001140       0xf0 /home/zrz0517/study/TEE/RT-TEE/edk2/Build/ArmVirtQemuKernel-AARCH64/DEBUG_GCC49/AARCH64/MdePkg/Library/BaseLib/BaseLib/OUTPUT/BaseLib.lib(Math64.obj)
 .debug_aranges
                0x0000000000001230       0x80 /home/zrz0517/study/TEE/RT-TEE/edk2/Build/ArmVirtQemuKernel-AARCH64/DEBUG_GCC49/AARCH64/ArmPlatformPkg/Library/PL011UartLib/PL011UartLib/OUTPUT/PL011UartLib.lib(PL011UartLib.obj)
 .debug_aranges
                0x00000000000012b0       0x40 /home/zrz0517/study/TEE/RT-TEE/edk2/Build/ArmVirtQemuKernel-AARCH64/DEBUG_GCC49/AARCH64/MdePkg/Library/BaseDebugPrintErrorLevelLib/BaseDebugPrintErrorLevelLib/OUTPUT/BaseDebugPrintErrorLevelLib.lib(BaseDebugPrintErrorLevelLib.obj)
 .debug_aranges
                0x00000000000012f0      0x120 /home/zrz0517/study/TEE/RT-TEE/edk2/Build/ArmVirtQemuKernel-AARCH64/DEBUG_GCC49/AARCH64/MdePkg/Library/BasePrintLib/BasePrintLib/OUTPUT/BasePrintLib.lib(PrintLib.obj)
 .debug_aranges
                0x0000000000001410       0x80 /home/zrz0517/study/TEE/RT-TEE/edk2/Build/ArmVirtQemuKernel-AARCH64/DEBUG_GCC49/AARCH64/MdePkg/Library/BasePrintLib/BasePrintLib/OUTPUT/BasePrintLib.lib(PrintLibInternal.obj)
 .debug_aranges
                0x0000000000001490       0xa0 /home/zrz0517/study/TEE/RT-TEE/edk2/Build/ArmVirtQemuKernel-AARCH64/DEBUG_GCC49/AARCH64/MdePkg/Library/DxeServicesLib/DxeServicesLib/OUTPUT/DxeServicesLib.lib(DxeServicesLib.obj)
 .debug_aranges
                0x0000000000001530       0x30 /home/zrz0517/study/TEE/RT-TEE/edk2/Build/ArmVirtQemuKernel-AARCH64/DEBUG_GCC49/AARCH64/MdePkg/Library/BaseLib/BaseLib/OUTPUT/BaseLib.lib(DivU64x32Remainder.obj)
 .debug_aranges
                0x0000000000001560      0x180 /home/zrz0517/study/TEE/RT-TEE/edk2/Build/ArmVirtQemuKernel-AARCH64/DEBUG_GCC49/AARCH64/MdePkg/Library/BaseIoLibIntrinsic/BaseIoLibIntrinsicArmVirt/OUTPUT/BaseIoLibIntrinsicArmVirt.lib(IoLibArmVirt.obj)
 .debug_aranges
                0x00000000000016e0       0xa0 /home/zrz0517/study/TEE/RT-TEE/edk2/Build/ArmVirtQemuKernel-AARCH64/DEBUG_GCC49/AARCH64/MdePkg/Library/UefiLib/UefiLib/OUTPUT/UefiLib.lib(UefiNotTiano.obj)

.debug_ranges   0x0000000000000000     0x1590
 .debug_ranges  0x0000000000000000       0x40 /home/zrz0517/study/TEE/RT-TEE/edk2/Build/ArmVirtQemuKernel-AARCH64/DEBUG_GCC49/AARCH64/MdePkg/Library/UefiDriverEntryPoint/UefiDriverEntryPoint/OUTPUT/UefiDriverEntryPoint.lib(DriverEntryPoint.obj)
 .debug_ranges  0x0000000000000040       0x60 /home/zrz0517/study/TEE/RT-TEE/edk2/Build/ArmVirtQemuKernel-AARCH64/DEBUG_GCC49/AARCH64/MdeModulePkg/Universal/SecurityStubDxe/SecurityStubDxe/OUTPUT/SecurityStubDxe.lib(AutoGen.obj)
 .debug_ranges  0x00000000000000a0       0x40 /home/zrz0517/study/TEE/RT-TEE/edk2/Build/ArmVirtQemuKernel-AARCH64/DEBUG_GCC49/AARCH64/MdeModulePkg/Universal/SecurityStubDxe/SecurityStubDxe/OUTPUT/SecurityStubDxe.lib(SecurityStub.obj)
 .debug_ranges  0x00000000000000e0       0x90 /home/zrz0517/study/TEE/RT-TEE/edk2/Build/ArmVirtQemuKernel-AARCH64/DEBUG_GCC49/AARCH64/MdeModulePkg/Universal/SecurityStubDxe/SecurityStubDxe/OUTPUT/SecurityStubDxe.lib(Defer3rdPartyImageLoad.obj)
 .debug_ranges  0x0000000000000170       0x20 /home/zrz0517/study/TEE/RT-TEE/edk2/Build/ArmVirtQemuKernel-AARCH64/DEBUG_GCC49/AARCH64/MdePkg/Library/BaseMemoryLibOptDxe/BaseMemoryLibOptDxe/OUTPUT/BaseMemoryLibOptDxe.lib(CompareMemWrapper.obj)
 .debug_ranges  0x0000000000000190       0x20 /home/zrz0517/study/TEE/RT-TEE/edk2/Build/ArmVirtQemuKernel-AARCH64/DEBUG_GCC49/AARCH64/MdePkg/Library/BaseMemoryLibOptDxe/BaseMemoryLibOptDxe/OUTPUT/BaseMemoryLibOptDxe.lib(CopyMemWrapper.obj)
 .debug_ranges  0x00000000000001b0       0x20 /home/zrz0517/study/TEE/RT-TEE/edk2/Build/ArmVirtQemuKernel-AARCH64/DEBUG_GCC49/AARCH64/MdePkg/Library/BaseLib/BaseLib/OUTPUT/BaseLib.lib(CpuDeadLoop.obj)
 .debug_ranges  0x00000000000001d0      0x140 /home/zrz0517/study/TEE/RT-TEE/edk2/Build/ArmVirtQemuKernel-AARCH64/DEBUG_GCC49/AARCH64/ArmVirtPkg/Library/ArmVirtDxeHobLib/ArmVirtDxeHobLib/OUTPUT/ArmVirtDxeHobLib.lib(HobLib.obj)
 .debug_ranges  0x0000000000000310       0x90 /home/zrz0517/study/TEE/RT-TEE/edk2/Build/ArmVirtQemuKernel-AARCH64/DEBUG_GCC49/AARCH64/ArmVirtPkg/Library/FdtPL011SerialPortLib/FdtPL011SerialPortLib/OUTPUT/FdtPL011SerialPortLib.lib(FdtPL011SerialPortLib.obj)
 .debug_ranges  0x00000000000003a0       0xa0 /home/zrz0517/study/TEE/RT-TEE/edk2/Build/ArmVirtQemuKernel-AARCH64/DEBUG_GCC49/AARCH64/MdePkg/Library/BaseDebugLibSerialPort/BaseDebugLibSerialPort/OUTPUT/BaseDebugLibSerialPort.lib(DebugLib.obj)
 .debug_ranges  0x0000000000000440       0x20 /home/zrz0517/study/TEE/RT-TEE/edk2/Build/ArmVirtQemuKernel-AARCH64/DEBUG_GCC49/AARCH64/MdePkg/Library/UefiBootServicesTableLib/UefiBootServicesTableLib/OUTPUT/UefiBootServicesTableLib.lib(UefiBootServicesTableLib.obj)
 .debug_ranges  0x0000000000000460      0x1c0 /home/zrz0517/study/TEE/RT-TEE/edk2/Build/ArmVirtQemuKernel-AARCH64/DEBUG_GCC49/AARCH64/MdePkg/Library/UefiMemoryAllocationLib/UefiMemoryAllocationLib/OUTPUT/UefiMemoryAllocationLib.lib(MemoryAllocationLib.obj)
 .debug_ranges  0x0000000000000620       0x20 /home/zrz0517/study/TEE/RT-TEE/edk2/Build/ArmVirtQemuKernel-AARCH64/DEBUG_GCC49/AARCH64/MdePkg/Library/UefiRuntimeServicesTableLib/UefiRuntimeServicesTableLib/OUTPUT/UefiRuntimeServicesTableLib.lib(UefiRuntimeServicesTableLib.obj)
 .debug_ranges  0x0000000000000640      0x1b0 /home/zrz0517/study/TEE/RT-TEE/edk2/Build/ArmVirtQemuKernel-AARCH64/DEBUG_GCC49/AARCH64/MdePkg/Library/UefiDevicePathLibDevicePathProtocol/UefiDevicePathLibDevicePathProtocol/OUTPUT/UefiDevicePathLibDevicePathProtocol.lib(UefiDevicePathLib.obj)
 .debug_ranges  0x00000000000007f0      0x190 /home/zrz0517/study/TEE/RT-TEE/edk2/Build/ArmVirtQemuKernel-AARCH64/DEBUG_GCC49/AARCH64/MdePkg/Library/UefiLib/UefiLib/OUTPUT/UefiLib.lib(UefiLib.obj)
 .debug_ranges  0x0000000000000980       0x90 /home/zrz0517/study/TEE/RT-TEE/edk2/Build/ArmVirtQemuKernel-AARCH64/DEBUG_GCC49/AARCH64/MdeModulePkg/Library/DxeSecurityManagementLib/DxeSecurityManagementLib/OUTPUT/DxeSecurityManagementLib.lib(DxeSecurityManagementLib.obj)
 .debug_ranges  0x0000000000000a10       0xb0 /home/zrz0517/study/TEE/RT-TEE/edk2/Build/ArmVirtQemuKernel-AARCH64/DEBUG_GCC49/AARCH64/MdePkg/Library/BaseReportStatusCodeLibNull/BaseReportStatusCodeLibNull/OUTPUT/BaseReportStatusCodeLibNull.lib(BaseReportStatusCodeLib.obj)
 .debug_ranges  0x0000000000000ac0       0x50 /home/zrz0517/study/TEE/RT-TEE/edk2/Build/ArmVirtQemuKernel-AARCH64/DEBUG_GCC49/AARCH64/MdePkg/Library/BaseMemoryLibOptDxe/BaseMemoryLibOptDxe/OUTPUT/BaseMemoryLibOptDxe.lib(MemLibGuid.obj)
 .debug_ranges  0x0000000000000b10       0x20 /home/zrz0517/study/TEE/RT-TEE/edk2/Build/ArmVirtQemuKernel-AARCH64/DEBUG_GCC49/AARCH64/MdePkg/Library/BaseMemoryLibOptDxe/BaseMemoryLibOptDxe/OUTPUT/BaseMemoryLibOptDxe.lib(ZeroMemWrapper.obj)
 .debug_ranges  0x0000000000000b30      0x1e0 /home/zrz0517/study/TEE/RT-TEE/edk2/Build/ArmVirtQemuKernel-AARCH64/DEBUG_GCC49/AARCH64/MdePkg/Library/BaseLib/BaseLib/OUTPUT/BaseLib.lib(String.obj)
 .debug_ranges  0x0000000000000d10       0x90 /home/zrz0517/study/TEE/RT-TEE/edk2/Build/ArmVirtQemuKernel-AARCH64/DEBUG_GCC49/AARCH64/MdePkg/Library/BaseLib/BaseLib/OUTPUT/BaseLib.lib(Unaligned.obj)
 .debug_ranges  0x0000000000000da0      0x240 /home/zrz0517/study/TEE/RT-TEE/edk2/Build/ArmVirtQemuKernel-AARCH64/DEBUG_GCC49/AARCH64/MdePkg/Library/BaseLib/BaseLib/OUTPUT/BaseLib.lib(SafeString.obj)
 .debug_ranges  0x0000000000000fe0       0xe0 /home/zrz0517/study/TEE/RT-TEE/edk2/Build/ArmVirtQemuKernel-AARCH64/DEBUG_GCC49/AARCH64/MdePkg/Library/BaseLib/BaseLib/OUTPUT/BaseLib.lib(Math64.obj)
 .debug_ranges  0x00000000000010c0       0x70 /home/zrz0517/study/TEE/RT-TEE/edk2/Build/ArmVirtQemuKernel-AARCH64/DEBUG_GCC49/AARCH64/ArmPlatformPkg/Library/PL011UartLib/PL011UartLib/OUTPUT/PL011UartLib.lib(PL011UartLib.obj)
 .debug_ranges  0x0000000000001130       0x30 /home/zrz0517/study/TEE/RT-TEE/edk2/Build/ArmVirtQemuKernel-AARCH64/DEBUG_GCC49/AARCH64/MdePkg/Library/BaseDebugPrintErrorLevelLib/BaseDebugPrintErrorLevelLib/OUTPUT/BaseDebugPrintErrorLevelLib.lib(BaseDebugPrintErrorLevelLib.obj)
 .debug_ranges  0x0000000000001160      0x110 /home/zrz0517/study/TEE/RT-TEE/edk2/Build/ArmVirtQemuKernel-AARCH64/DEBUG_GCC49/AARCH64/MdePkg/Library/BasePrintLib/BasePrintLib/OUTPUT/BasePrintLib.lib(PrintLib.obj)
 .debug_ranges  0x0000000000001270       0x70 /home/zrz0517/study/TEE/RT-TEE/edk2/Build/ArmVirtQemuKernel-AARCH64/DEBUG_GCC49/AARCH64/MdePkg/Library/BasePrintLib/BasePrintLib/OUTPUT/BasePrintLib.lib(PrintLibInternal.obj)
 .debug_ranges  0x00000000000012e0       0x90 /home/zrz0517/study/TEE/RT-TEE/edk2/Build/ArmVirtQemuKernel-AARCH64/DEBUG_GCC49/AARCH64/MdePkg/Library/DxeServicesLib/DxeServicesLib/OUTPUT/DxeServicesLib.lib(DxeServicesLib.obj)
 .debug_ranges  0x0000000000001370       0x20 /home/zrz0517/study/TEE/RT-TEE/edk2/Build/ArmVirtQemuKernel-AARCH64/DEBUG_GCC49/AARCH64/MdePkg/Library/BaseLib/BaseLib/OUTPUT/BaseLib.lib(DivU64x32Remainder.obj)
 .debug_ranges  0x0000000000001390      0x170 /home/zrz0517/study/TEE/RT-TEE/edk2/Build/ArmVirtQemuKernel-AARCH64/DEBUG_GCC49/AARCH64/MdePkg/Library/BaseIoLibIntrinsic/BaseIoLibIntrinsicArmVirt/OUTPUT/BaseIoLibIntrinsicArmVirt.lib(IoLibArmVirt.obj)
 .debug_ranges  0x0000000000001500       0x90 /home/zrz0517/study/TEE/RT-TEE/edk2/Build/ArmVirtQemuKernel-AARCH64/DEBUG_GCC49/AARCH64/MdePkg/Library/UefiLib/UefiLib/OUTPUT/UefiLib.lib(UefiNotTiano.obj)

.debug_line     0x0000000000000000     0xc079
 .debug_line    0x0000000000000000      0x445 /home/zrz0517/study/TEE/RT-TEE/edk2/Build/ArmVirtQemuKernel-AARCH64/DEBUG_GCC49/AARCH64/MdePkg/Library/UefiDriverEntryPoint/UefiDriverEntryPoint/OUTPUT/UefiDriverEntryPoint.lib(DriverEntryPoint.obj)
 .debug_line    0x0000000000000445      0x4b6 /home/zrz0517/study/TEE/RT-TEE/edk2/Build/ArmVirtQemuKernel-AARCH64/DEBUG_GCC49/AARCH64/MdeModulePkg/Universal/SecurityStubDxe/SecurityStubDxe/OUTPUT/SecurityStubDxe.lib(AutoGen.obj)
 .debug_line    0x00000000000008fb      0x481 /home/zrz0517/study/TEE/RT-TEE/edk2/Build/ArmVirtQemuKernel-AARCH64/DEBUG_GCC49/AARCH64/MdeModulePkg/Universal/SecurityStubDxe/SecurityStubDxe/OUTPUT/SecurityStubDxe.lib(SecurityStub.obj)
 .debug_line    0x0000000000000d7c      0x6b8 /home/zrz0517/study/TEE/RT-TEE/edk2/Build/ArmVirtQemuKernel-AARCH64/DEBUG_GCC49/AARCH64/MdeModulePkg/Universal/SecurityStubDxe/SecurityStubDxe/OUTPUT/SecurityStubDxe.lib(Defer3rdPartyImageLoad.obj)
 .debug_line    0x0000000000001434      0x206 /home/zrz0517/study/TEE/RT-TEE/edk2/Build/ArmVirtQemuKernel-AARCH64/DEBUG_GCC49/AARCH64/MdePkg/Library/BaseMemoryLibOptDxe/BaseMemoryLibOptDxe/OUTPUT/BaseMemoryLibOptDxe.lib(CompareMemWrapper.obj)
 .debug_line    0x000000000000163a      0x1e8 /home/zrz0517/study/TEE/RT-TEE/edk2/Build/ArmVirtQemuKernel-AARCH64/DEBUG_GCC49/AARCH64/MdePkg/Library/BaseMemoryLibOptDxe/BaseMemoryLibOptDxe/OUTPUT/BaseMemoryLibOptDxe.lib(CopyMemWrapper.obj)
 .debug_line    0x0000000000001822      0x1aa /home/zrz0517/study/TEE/RT-TEE/edk2/Build/ArmVirtQemuKernel-AARCH64/DEBUG_GCC49/AARCH64/MdePkg/Library/BaseLib/BaseLib/OUTPUT/BaseLib.lib(CpuDeadLoop.obj)
 .debug_line    0x00000000000019cc      0x6ca /home/zrz0517/study/TEE/RT-TEE/edk2/Build/ArmVirtQemuKernel-AARCH64/DEBUG_GCC49/AARCH64/ArmVirtPkg/Library/ArmVirtDxeHobLib/ArmVirtDxeHobLib/OUTPUT/ArmVirtDxeHobLib.lib(HobLib.obj)
 .debug_line    0x0000000000002096      0x447 /home/zrz0517/study/TEE/RT-TEE/edk2/Build/ArmVirtQemuKernel-AARCH64/DEBUG_GCC49/AARCH64/ArmVirtPkg/Library/FdtPL011SerialPortLib/FdtPL011SerialPortLib/OUTPUT/FdtPL011SerialPortLib.lib(FdtPL011SerialPortLib.obj)
 .debug_line    0x00000000000024dd      0x39a /home/zrz0517/study/TEE/RT-TEE/edk2/Build/ArmVirtQemuKernel-AARCH64/DEBUG_GCC49/AARCH64/MdePkg/Library/BaseDebugLibSerialPort/BaseDebugLibSerialPort/OUTPUT/BaseDebugLibSerialPort.lib(DebugLib.obj)
 .debug_line    0x0000000000002877      0x3ce /home/zrz0517/study/TEE/RT-TEE/edk2/Build/ArmVirtQemuKernel-AARCH64/DEBUG_GCC49/AARCH64/MdePkg/Library/UefiBootServicesTableLib/UefiBootServicesTableLib/OUTPUT/UefiBootServicesTableLib.lib(UefiBootServicesTableLib.obj)
 .debug_line    0x0000000000002c45      0x840 /home/zrz0517/study/TEE/RT-TEE/edk2/Build/ArmVirtQemuKernel-AARCH64/DEBUG_GCC49/AARCH64/MdePkg/Library/UefiMemoryAllocationLib/UefiMemoryAllocationLib/OUTPUT/UefiMemoryAllocationLib.lib(MemoryAllocationLib.obj)
 .debug_line    0x0000000000003485      0x35d /home/zrz0517/study/TEE/RT-TEE/edk2/Build/ArmVirtQemuKernel-AARCH64/DEBUG_GCC49/AARCH64/MdePkg/Library/UefiRuntimeServicesTableLib/UefiRuntimeServicesTableLib/OUTPUT/UefiRuntimeServicesTableLib.lib(UefiRuntimeServicesTableLib.obj)
 .debug_line    0x00000000000037e2      0x91a /home/zrz0517/study/TEE/RT-TEE/edk2/Build/ArmVirtQemuKernel-AARCH64/DEBUG_GCC49/AARCH64/MdePkg/Library/UefiDevicePathLibDevicePathProtocol/UefiDevicePathLibDevicePathProtocol/OUTPUT/UefiDevicePathLibDevicePathProtocol.lib(UefiDevicePathLib.obj)
 .debug_line    0x00000000000040fc      0xfd8 /home/zrz0517/study/TEE/RT-TEE/edk2/Build/ArmVirtQemuKernel-AARCH64/DEBUG_GCC49/AARCH64/MdePkg/Library/UefiLib/UefiLib/OUTPUT/UefiLib.lib(UefiLib.obj)